       uree_test-5747  [005] d.h3   201.136550: sched_wakeup: comm=kworker/u16:1 pid=117 prio=120 success=1 target_cpu=004 state=R
       uree_test-5747  [005] d.h.   201.136551: irq_handler_exit: irq=320 ret=handled
       uree_test-5747  [005] d.h.   201.136554: irq_exit: irq=320
          <idle>-0     [004] d..2   201.136642: sched_switch: prev_comm=swapper/4 prev_pid=0 prev_prio=120 prev_state=R ==> next_comm=kworker/u16:1 next_pid=117 next_prio=120 prev->cgrp=1 next->cgrp=1 prev->st=1 next->st=1
   kworker/u16:1-117   [004] d..3   201.136658: sched_wakeup: comm=UsbFfs-worker pid=5280 prio=120 success=1 target_cpu=007 state=R
   kworker/u16:1-117   [004] d..2   201.136666: sched_switch: prev_comm=kworker/u16:1 prev_pid=117 prev_prio=120 prev_state=D ==> next_comm=swapper/4 next_pid=0 next_prio=120 extra_prev_state=N prev->cgrp=1 next->cgrp=1 prev->st=1 next->st=1
       uree_test-5747  [005] ....   201.136676: block_bio_queue: 253,7 R 733232 + 8 [sh]
       uree_test-5747  [005] ....   201.136682: block_bio_remap: 8,32 R 733232 + 8 <- (253,7) 733232
       uree_test-5747  [005] ....   201.136682: block_bio_remap: 8,32 R 10580016 + 8 <- (259,43) 733232
       uree_test-5747  [005] ....   201.136683: block_bio_queue: 8,32 R 10580016 + 8 [sh]
       uree_test-5747  [005] ....   201.136693: block_getrq: 8,32 R 10580016 + 8 [sh]
       uree_test-5747  [005] d..1   201.136695: block_rq_insert: 8,32 R 4096 () 10580016 + 8 [sh]
       uree_test-5747  [005] dn.5   201.136708: sched_wakeup: comm=kworker/5:2 pid=413 prio=120 success=1 target_cpu=005 state=R
       uree_test-5747  [005] dnh1   201.136715: irq_entry: irq=320 name=musb-hdrc
       uree_test-5747  [005] dnh1   201.136716: irq_handler_entry: irq=320 name=musb-hdrc
       uree_test-5747  [005] dnh4   201.136726: sched_wakeup: comm=kworker/u16:1 pid=117 prio=120 success=1 target_cpu=004 state=R
       uree_test-5747  [005] dnh1   201.136727: irq_handler_exit: irq=320 ret=handled
       uree_test-5747  [005] dnh1   201.136728: irq_exit: irq=320
       uree_test-5747  [005] d..2   201.136733: sched_switch: prev_comm=sh prev_pid=5747 prev_prio=120 prev_state=R+ ==> next_comm=kworker/5:2 next_pid=413 next_prio=120 prev->cgrp=1 next->cgrp=1 prev->st=1 next->st=1
          <idle>-0     [007] d..2   201.136769: sched_switch: prev_comm=swapper/7 prev_pid=0 prev_prio=120 prev_state=R ==> next_comm=UsbFfs-worker next_pid=5280 next_prio=120 prev->cgrp=1 next->cgrp=1 prev->st=1 next->st=1
   UsbFfs-worker-5280  [007] d..2   201.136818: sched_switch: prev_comm=UsbFfs-worker prev_pid=5280 prev_prio=120 prev_state=S ==> next_comm=swapper/7 next_pid=0 next_prio=120 prev->cgrp=1 next->cgrp=1 prev->st=1 next->st=1
          <idle>-0     [004] d..2   201.136818: sched_switch: prev_comm=swapper/4 prev_pid=0 prev_prio=120 prev_state=R ==> next_comm=kworker/u16:1 next_pid=117 next_prio=120 prev->cgrp=1 next->cgrp=1 prev->st=1 next->st=1
   kworker/u16:1-117   [004] d..3   201.136833: sched_wakeup: comm=UsbFfs-worker pid=5280 prio=120 success=1 target_cpu=007 state=R
          <idle>-0     [007] d..2   201.136840: sched_switch: prev_comm=swapper/7 prev_pid=0 prev_prio=120 prev_state=R ==> next_comm=UsbFfs-worker next_pid=5280 next_prio=120 prev->cgrp=1 next->cgrp=1 prev->st=1 next->st=1
   kworker/u16:1-117   [004] d..2   201.136845: sched_switch: prev_comm=kworker/u16:1 prev_pid=117 prev_prio=120 prev_state=D ==> next_comm=swapper/4 next_pid=0 next_prio=120 extra_prev_state=N prev->cgrp=1 next->cgrp=1 prev->st=1 next->st=1
   UsbFfs-worker-5280  [007] d..4   201.136856: sched_wakeup: comm=adbd pid=5202 prio=120 success=1 target_cpu=004 state=R
          <idle>-0     [004] d..2   201.136857: sched_switch: prev_comm=swapper/4 prev_pid=0 prev_prio=120 prev_state=R ==> next_comm=adbd next_pid=5202 next_prio=120 prev->cgrp=1 next->cgrp=1 prev->st=1 next->st=1
   UsbFfs-worker-5280  [007] d..2   201.136872: sched_switch: prev_comm=UsbFfs-worker prev_pid=5280 prev_prio=120 prev_state=S ==> next_comm=swapper/7 next_pid=0 next_prio=120 prev->cgrp=1 next->cgrp=1 prev->st=1 next->st=1
            adbd-5202  [004] d..3   201.136890: sched_wakeup: comm=shell svc 5747 pid=5748 prio=120 success=1 target_cpu=006 state=R
            adbd-5202  [004] d..3   201.136898: sched_wakeup: comm=UsbFfs-worker pid=5280 prio=120 success=1 target_cpu=007 state=R
            adbd-5202  [004] d..2   201.136907: sched_switch: prev_comm=adbd prev_pid=5202 prev_prio=120 prev_state=S ==> next_comm=swapper/4 next_pid=0 next_prio=120 prev->cgrp=1 next->cgrp=1 prev->st=1 next->st=1
          <idle>-0     [006] d..2   201.136989: sched_switch: prev_comm=swapper/6 prev_pid=0 prev_prio=120 prev_state=R ==> next_comm=shell svc 5747 next_pid=5748 next_prio=120 prev->cgrp=1 next->cgrp=1 prev->st=1 next->st=1
          <idle>-0     [007] d..2   201.136994: sched_switch: prev_comm=swapper/7 prev_pid=0 prev_prio=120 prev_state=R ==> next_comm=UsbFfs-worker next_pid=5280 next_prio=120 prev->cgrp=1 next->cgrp=1 prev->st=1 next->st=1
     kworker/5:2-413   [005] d.h.   201.137011: irq_entry: irq=320 name=musb-hdrc
     kworker/5:2-413   [005] d.h.   201.137012: irq_handler_entry: irq=320 name=musb-hdrc
     kworker/5:2-413   [005] d.h3   201.137017: sched_wakeup: comm=kworker/u16:1 pid=117 prio=120 success=1 target_cpu=004 state=R
     kworker/5:2-413   [005] d.h.   201.137018: irq_handler_exit: irq=320 ret=handled
     kworker/5:2-413   [005] d.h.   201.137018: irq_exit: irq=320
          <idle>-0     [004] d..2   201.137019: sched_switch: prev_comm=swapper/4 prev_pid=0 prev_prio=120 prev_state=R ==> next_comm=kworker/u16:1 next_pid=117 next_prio=120 prev->cgrp=1 next->cgrp=1 prev->st=1 next->st=1
  shell svc 5747-5748  [006] d..2   201.137021: sched_switch: prev_comm=shell svc 5747 prev_pid=5748 prev_prio=120 prev_state=S ==> next_comm=swapper/6 next_pid=0 next_prio=120 prev->cgrp=1 next->cgrp=1 prev->st=1 next->st=1
   UsbFfs-worker-5280  [007] d..2   201.137021: sched_switch: prev_comm=UsbFfs-worker prev_pid=5280 prev_prio=120 prev_state=S ==> next_comm=swapper/7 next_pid=0 next_prio=120 prev->cgrp=1 next->cgrp=1 prev->st=1 next->st=1
   kworker/u16:1-117   [004] d..3   201.137024: sched_wakeup: comm=UsbFfs-worker pid=5280 prio=120 success=1 target_cpu=007 state=R
          <idle>-0     [007] d..2   201.137026: sched_switch: prev_comm=swapper/7 prev_pid=0 prev_prio=120 prev_state=R ==> next_comm=UsbFfs-worker next_pid=5280 next_prio=120 prev->cgrp=1 next->cgrp=1 prev->st=1 next->st=1
   kworker/u16:1-117   [004] d..2   201.137029: sched_switch: prev_comm=kworker/u16:1 prev_pid=117 prev_prio=120 prev_state=D ==> next_comm=swapper/4 next_pid=0 next_prio=120 extra_prev_state=N prev->cgrp=1 next->cgrp=1 prev->st=1 next->st=1
   UsbFfs-worker-5280  [007] d..2   201.137036: sched_switch: prev_comm=UsbFfs-worker prev_pid=5280 prev_prio=120 prev_state=S ==> next_comm=swapper/7 next_pid=0 next_prio=120 prev->cgrp=1 next->cgrp=1 prev->st=1 next->st=1
          <idle>-0     [004] d.h1   201.137856: irq_entry: irq=265 name=MBOX_ISR
          <idle>-0     [004] d.h1   201.137857: irq_handler_entry: irq=265 name=MBOX_ISR
          <idle>-0     [004] d.h1   201.137860: irq_handler_exit: irq=265 ret=handled
          <idle>-0     [004] d.h1   201.137861: irq_exit: irq=265
     kworker/5:2-413   [005] d..2   201.137871: sched_switch: prev_comm=kworker/5:2 prev_pid=413 prev_prio=120 prev_state=D ==> next_comm=sh next_pid=5747 next_prio=120 prev->cgrp=1 next->cgrp=1 prev->st=1 next->st=1
       uree_test-5747  [005] d..2   201.137877: sched_switch: prev_comm=sh prev_pid=5747 prev_prio=120 prev_state=D ==> next_comm=swapper/5 next_pid=0 next_prio=120 extra_prev_state=d prev->cgrp=1 next->cgrp=1 prev->st=1 next->st=1
          <idle>-0     [005] d.h1   201.138205: irq_entry: irq=5 name=arch_timer
          <idle>-0     [005] d.h1   201.138205: irq_handler_entry: irq=5 name=arch_timer
          <idle>-0     [005] dnh3   201.138207: sched_wakeup: comm=kworker/5:2 pid=413 prio=120 success=1 target_cpu=005 state=R
          <idle>-0     [005] dnh1   201.138208: irq_handler_exit: irq=5 ret=handled
          <idle>-0     [005] dnh1   201.138208: irq_exit: irq=5
          <idle>-0     [005] d..2   201.138210: sched_switch: prev_comm=swapper/5 prev_pid=0 prev_prio=120 prev_state=R ==> next_comm=kworker/5:2 next_pid=413 next_prio=120 prev->cgrp=1 next->cgrp=1 prev->st=1 next->st=1
          <idle>-0     [001] d.h1   201.138266: irq_entry: irq=322 name=ufshcd
     kworker/5:2-413   [005] d..2   201.138267: sched_switch: prev_comm=kworker/5:2 prev_pid=413 prev_prio=120 prev_state=D ==> next_comm=swapper/5 next_pid=0 next_prio=120 prev->cgrp=1 next->cgrp=1 prev->st=1 next->st=1
          <idle>-0     [001] d.h1   201.138270: irq_handler_entry: irq=322 name=ufshcd
          <idle>-0     [001] d.h1   201.138276: irq_handler_exit: irq=322 ret=handled
          <idle>-0     [005] dnh2   201.138276: sched_wakeup: comm=kworker/5:2 pid=413 prio=120 success=1 target_cpu=005 state=R
          <idle>-0     [001] d.h1   201.138277: irq_exit: irq=322
          <idle>-0     [005] d..2   201.138278: sched_switch: prev_comm=swapper/5 prev_pid=0 prev_prio=120 prev_state=R ==> next_comm=kworker/5:2 next_pid=413 next_prio=120 prev->cgrp=1 next->cgrp=1 prev->st=1 next->st=1
     kworker/5:2-413   [005] d..2   201.138285: sched_switch: prev_comm=kworker/5:2 prev_pid=413 prev_prio=120 prev_state=D ==> next_comm=swapper/5 next_pid=0 next_prio=120 prev->cgrp=1 next->cgrp=1 prev->st=1 next->st=1
          <idle>-0     [002] d.h1   201.138665: irq_entry: irq=322 name=ufshcd
          <idle>-0     [002] d.h1   201.138668: irq_handler_entry: irq=322 name=ufshcd
          <idle>-0     [002] d.h1   201.138673: irq_handler_exit: irq=322 ret=handled
          <idle>-0     [005] dnh2   201.138673: sched_wakeup: comm=kworker/5:2 pid=413 prio=120 success=1 target_cpu=005 state=R
          <idle>-0     [005] d..2   201.138674: sched_switch: prev_comm=swapper/5 prev_pid=0 prev_prio=120 prev_state=R ==> next_comm=kworker/5:2 next_pid=413 next_prio=120 prev->cgrp=1 next->cgrp=1 prev->st=1 next->st=1
          <idle>-0     [002] d.h1   201.138676: irq_exit: irq=322
     kworker/5:2-413   [005] ....   201.138685: block_getrq: 0,0 R 0 + 0 [kworker/5:2]
     kworker/5:2-413   [005] d..1   201.138687: block_rq_insert: 0,0 N 0 () 0 + 0 [kworker/5:2]
     kworker/5:2-413   [005] d..1   201.138687: block_rq_issue: 0,0 N 0 () 0 + 0 [kworker/5:2]
     kworker/5:2-413   [005] d..2   201.138701: sched_switch: prev_comm=kworker/5:2 prev_pid=413 prev_prio=120 prev_state=D ==> next_comm=swapper/5 next_pid=0 next_prio=120 extra_prev_state=d prev->cgrp=1 next->cgrp=1 prev->st=1 next->st=1
          <idle>-0     [005] d.h1   201.140000: irq_entry: irq=5 name=arch_timer
          <idle>-0     [004] d.h1   201.140001: irq_entry: irq=5 name=arch_timer
          <idle>-0     [005] d.h1   201.140001: irq_handler_entry: irq=5 name=arch_timer
          <idle>-0     [007] d.h1   201.140001: irq_entry: irq=5 name=arch_timer
          <idle>-0     [004] d.h1   201.140001: irq_handler_entry: irq=5 name=arch_timer
          <idle>-0     [005] d.h1   201.140002: softirq_raise: vec=9 [action=RCU]
          <idle>-0     [007] d.h1   201.140002: irq_handler_entry: irq=5 name=arch_timer
          <idle>-0     [004] d.h1   201.140004: softirq_raise: vec=1 [action=TIMER]
          <idle>-0     [007] d.h1   201.140004: softirq_raise: vec=1 [action=TIMER]
          <idle>-0     [005] d.h1   201.140005: softirq_raise: vec=7 [action=SCHED]
          <idle>-0     [004] d.h1   201.140005: softirq_raise: vec=9 [action=RCU]
          <idle>-0     [007] d.h1   201.140005: softirq_raise: vec=9 [action=RCU]
          <idle>-0     [004] d.h1   201.140006: softirq_raise: vec=7 [action=SCHED]
          <idle>-0     [005] d.h1   201.140006: irq_handler_exit: irq=5 ret=handled
          <idle>-0     [007] d.h1   201.140006: softirq_raise: vec=7 [action=SCHED]
          <idle>-0     [005] d.h1   201.140006: irq_exit: irq=5
          <idle>-0     [005] ..s1   201.140006: softirq_entry: vec=7 [action=SCHED]
          <idle>-0     [004] d.h1   201.140008: irq_handler_exit: irq=5 ret=handled
          <idle>-0     [004] d.h1   201.140008: irq_exit: irq=5
          <idle>-0     [007] d.h1   201.140008: irq_handler_exit: irq=5 ret=handled
          <idle>-0     [007] d.h1   201.140009: irq_exit: irq=5
          <idle>-0     [004] d.H1   201.140009: irq_entry: irq=2 name=mtk-clkevt
          <idle>-0     [005] ..s1   201.140009: softirq_exit: vec=7 [action=SCHED]
          <idle>-0     [007] ..s1   201.140009: softirq_entry: vec=1 [action=TIMER]
          <idle>-0     [005] ..s1   201.140009: softirq_entry: vec=9 [action=RCU]
          <idle>-0     [004] d.H1   201.140009: irq_handler_entry: irq=2 name=mtk-clkevt
          <idle>-0     [005] ..s1   201.140010: softirq_exit: vec=9 [action=RCU]
          <idle>-0     [004] d.H1   201.140012: irq_handler_exit: irq=2 ret=handled
          <idle>-0     [004] d.H1   201.140012: irq_exit: irq=2
          <idle>-0     [004] ..s1   201.140012: softirq_entry: vec=1 [action=TIMER]
          <idle>-0     [004] ..s1   201.140013: softirq_exit: vec=1 [action=TIMER]
          <idle>-0     [004] ..s1   201.140013: softirq_entry: vec=7 [action=SCHED]
          <idle>-0     [007] dns4   201.140016: sched_wakeup: comm=kworker/7:2 pid=328 prio=120 success=1 target_cpu=007 state=R
          <idle>-0     [007] .ns1   201.140017: softirq_exit: vec=1 [action=TIMER]
          <idle>-0     [007] .ns1   201.140017: softirq_entry: vec=7 [action=SCHED]
          <idle>-0     [004] ..s1   201.140019: softirq_exit: vec=7 [action=SCHED]
          <idle>-0     [004] ..s1   201.140020: softirq_entry: vec=9 [action=RCU]
          <idle>-0     [007] .ns1   201.140021: softirq_exit: vec=7 [action=SCHED]
          <idle>-0     [004] ..s1   201.140021: softirq_exit: vec=9 [action=RCU]
          <idle>-0     [007] .ns1   201.140021: softirq_entry: vec=9 [action=RCU]
          <idle>-0     [007] .ns1   201.140022: softirq_exit: vec=9 [action=RCU]
          <idle>-0     [007] d..2   201.140025: sched_switch: prev_comm=swapper/7 prev_pid=0 prev_prio=120 prev_state=R ==> next_comm=kworker/7:2 next_pid=328 next_prio=120 prev->cgrp=1 next->cgrp=1 prev->st=1 next->st=1
     kworker/7:2-328   [007] d..2   201.140031: sched_switch: prev_comm=kworker/7:2 prev_pid=328 prev_prio=120 prev_state=D ==> next_comm=swapper/7 next_pid=0 next_prio=120 extra_prev_state=N prev->cgrp=1 next->cgrp=1 prev->st=1 next->st=1
          <idle>-0     [003] d.h1   201.140135: irq_entry: irq=322 name=ufshcd
          <idle>-0     [003] d.h1   201.140138: irq_handler_entry: irq=322 name=ufshcd
          <idle>-0     [003] d.h2   201.140145: softirq_raise: vec=4 [action=BLOCK]
          <idle>-0     [003] d.h1   201.140149: irq_handler_exit: irq=322 ret=handled
          <idle>-0     [003] d.h1   201.140150: irq_exit: irq=322
          <idle>-0     [003] ..s1   201.140151: softirq_entry: vec=4 [action=BLOCK]
          <idle>-0     [003] ..s1   201.140157: block_rq_complete: 0,0 N () 18446744073709551615 + 0 [0]
          <idle>-0     [005] dnh2   201.140165: sched_wakeup: comm=kworker/5:2 pid=413 prio=120 success=1 target_cpu=005 state=R
          <idle>-0     [003] ..s1   201.140166: softirq_exit: vec=4 [action=BLOCK]
          <idle>-0     [005] d..2   201.140166: sched_switch: prev_comm=swapper/5 prev_pid=0 prev_prio=120 prev_state=R ==> next_comm=kworker/5:2 next_pid=413 next_prio=120 prev->cgrp=1 next->cgrp=1 prev->st=1 next->st=1
     kworker/5:2-413   [005] d..2   201.140173: sched_switch: prev_comm=kworker/5:2 prev_pid=413 prev_prio=120 prev_state=D ==> next_comm=swapper/5 next_pid=0 next_prio=120 prev->cgrp=1 next->cgrp=1 prev->st=1 next->st=1
          <idle>-0     [004] d.h1   201.140181: irq_entry: irq=322 name=ufshcd
          <idle>-0     [004] d.h1   201.140182: irq_handler_entry: irq=322 name=ufshcd
          <idle>-0     [004] d.h5   201.140187: sched_wakeup: comm=kworker/5:2 pid=413 prio=120 success=1 target_cpu=005 state=R
          <idle>-0     [005] d..2   201.140188: sched_switch: prev_comm=swapper/5 prev_pid=0 prev_prio=120 prev_state=R ==> next_comm=kworker/5:2 next_pid=413 next_prio=120 prev->cgrp=1 next->cgrp=1 prev->st=1 next->st=1
          <idle>-0     [004] d.h1   201.140188: irq_handler_exit: irq=322 ret=handled
          <idle>-0     [004] d.h1   201.140189: irq_exit: irq=322
     kworker/5:2-413   [005] d..1   201.140205: block_rq_issue: 8,32 R 4096 () 10580016 + 8 [kworker/5:2]
     kworker/5:2-413   [005] d..2   201.140216: sched_switch: prev_comm=kworker/5:2 prev_pid=413 prev_prio=120 prev_state=D ==> next_comm=swapper/5 next_pid=0 next_prio=120 extra_prev_state=N prev->cgrp=1 next->cgrp=1 prev->st=1 next->st=1
          <idle>-0     [005] d.h1   201.140332: irq_entry: irq=322 name=ufshcd
          <idle>-0     [005] d.h1   201.140333: irq_handler_entry: irq=322 name=ufshcd
          <idle>-0     [005] d.h2   201.140336: softirq_raise: vec=4 [action=BLOCK]
          <idle>-0     [005] d.h1   201.140338: irq_handler_exit: irq=322 ret=handled
          <idle>-0     [005] d.h1   201.140338: irq_exit: irq=322
          <idle>-0     [005] ..s1   201.140338: softirq_entry: vec=4 [action=BLOCK]
          <idle>-0     [005] ..s1   201.140340: block_rq_complete: 8,32 R () 10580016 + 8 [0]
          <idle>-0     [005] ..s1   201.140343: block_bio_complete: 253,7 R 733232 + 8 [0]
          <idle>-0     [005] dns4   201.140348: sched_wakeup: comm=sh pid=5747 prio=120 success=1 target_cpu=005 state=R
          <idle>-0     [005] dns5   201.140353: sched_wakeup: comm=kworker/5:1H pid=390 prio=100 success=1 target_cpu=005 state=R
          <idle>-0     [005] .ns1   201.140354: softirq_exit: vec=4 [action=BLOCK]
          <idle>-0     [005] d..2   201.140356: sched_switch: prev_comm=swapper/5 prev_pid=0 prev_prio=120 prev_state=R ==> next_comm=kworker/5:1H next_pid=390 next_prio=100 prev->cgrp=1 next->cgrp=1 prev->st=1 next->st=1
    kworker/5:1H-390   [005] d..2   201.140359: sched_switch: prev_comm=kworker/5:1H prev_pid=390 prev_prio=100 prev_state=D ==> next_comm=sh next_pid=5747 next_prio=120 extra_prev_state=N prev->cgrp=1 next->cgrp=1 prev->st=1 next->st=1
       uree_test-5747  [005] ....   201.140372: block_bio_queue: 253,7 R 729160 + 8 [sh]
       uree_test-5747  [005] ....   201.140374: block_bio_remap: 8,32 R 729160 + 8 <- (253,7) 729160
       uree_test-5747  [005] ....   201.140375: block_bio_remap: 8,32 R 10575944 + 8 <- (259,43) 729160
       uree_test-5747  [005] ....   201.140375: block_bio_queue: 8,32 R 10575944 + 8 [sh]
       uree_test-5747  [005] ....   201.140378: block_getrq: 8,32 R 10575944 + 8 [sh]
       uree_test-5747  [005] d..1   201.140378: block_rq_insert: 8,32 R 4096 () 10575944 + 8 [sh]
       uree_test-5747  [005] d..1   201.140380: block_rq_issue: 8,32 R 4096 () 10575944 + 8 [sh]
       uree_test-5747  [005] d..2   201.140390: sched_switch: prev_comm=sh prev_pid=5747 prev_prio=120 prev_state=D ==> next_comm=swapper/5 next_pid=0 next_prio=120 extra_prev_state=d prev->cgrp=1 next->cgrp=1 prev->st=1 next->st=1
          <idle>-0     [006] d.h1   201.140490: irq_entry: irq=322 name=ufshcd
          <idle>-0     [006] d.h1   201.140491: irq_handler_entry: irq=322 name=ufshcd
          <idle>-0     [006] d.h2   201.140495: softirq_raise: vec=4 [action=BLOCK]
          <idle>-0     [006] d.h1   201.140498: irq_handler_exit: irq=322 ret=handled
          <idle>-0     [006] d.h1   201.140499: irq_exit: irq=322
          <idle>-0     [006] ..s1   201.140500: softirq_entry: vec=4 [action=BLOCK]
          <idle>-0     [006] ..s1   201.140501: block_rq_complete: 8,32 R () 10575944 + 8 [0]
          <idle>-0     [006] ..s1   201.140504: block_bio_complete: 253,7 R 729160 + 8 [0]
          <idle>-0     [006] d.s4   201.140511: sched_wakeup: comm=sh pid=5747 prio=120 success=1 target_cpu=005 state=R
          <idle>-0     [005] d..2   201.140512: sched_switch: prev_comm=swapper/5 prev_pid=0 prev_prio=120 prev_state=R ==> next_comm=sh next_pid=5747 next_prio=120 prev->cgrp=1 next->cgrp=1 prev->st=1 next->st=1
          <idle>-0     [006] dns5   201.140515: sched_wakeup: comm=kworker/6:2H pid=1140 prio=100 success=1 target_cpu=006 state=R
          <idle>-0     [006] .ns1   201.140517: softirq_exit: vec=4 [action=BLOCK]
          <idle>-0     [006] d..2   201.140522: sched_switch: prev_comm=swapper/6 prev_pid=0 prev_prio=120 prev_state=R ==> next_comm=kworker/6:2H next_pid=1140 next_prio=100 prev->cgrp=1 next->cgrp=1 prev->st=1 next->st=1
    kworker/6:2H-1140  [006] d..2   201.140528: sched_switch: prev_comm=kworker/6:2H prev_pid=1140 prev_prio=100 prev_state=D ==> next_comm=swapper/6 next_pid=0 next_prio=120 extra_prev_state=N prev->cgrp=1 next->cgrp=1 prev->st=1 next->st=1
       uree_test-5747  [005] ....   201.140534: block_bio_queue: 253,7 R 733264 + 8 [sh]
       uree_test-5747  [005] ....   201.140534: block_bio_remap: 8,32 R 733264 + 8 <- (253,7) 733264
       uree_test-5747  [005] ....   201.140535: block_bio_remap: 8,32 R 10580048 + 8 <- (259,43) 733264
       uree_test-5747  [005] ....   201.140535: block_bio_queue: 8,32 R 10580048 + 8 [sh]
       uree_test-5747  [005] ....   201.140537: block_getrq: 8,32 R 10580048 + 8 [sh]
       uree_test-5747  [005] d..1   201.140537: block_rq_insert: 8,32 R 4096 () 10580048 + 8 [sh]
       uree_test-5747  [005] d..1   201.140538: block_rq_issue: 8,32 R 4096 () 10580048 + 8 [sh]
       uree_test-5747  [005] d..2   201.140544: sched_switch: prev_comm=sh prev_pid=5747 prev_prio=120 prev_state=D ==> next_comm=swapper/5 next_pid=0 next_prio=120 extra_prev_state=d prev->cgrp=1 next->cgrp=1 prev->st=1 next->st=1
          <idle>-0     [007] d.h1   201.140602: irq_entry: irq=322 name=ufshcd
          <idle>-0     [007] d.h1   201.140603: irq_handler_entry: irq=322 name=ufshcd
          <idle>-0     [007] d.h2   201.140607: softirq_raise: vec=4 [action=BLOCK]
          <idle>-0     [007] d.h1   201.140610: irq_handler_exit: irq=322 ret=handled
          <idle>-0     [007] d.h1   201.140610: irq_exit: irq=322
          <idle>-0     [007] ..s1   201.140610: softirq_entry: vec=4 [action=BLOCK]
          <idle>-0     [007] ..s1   201.140612: block_rq_complete: 8,32 R () 10580048 + 8 [0]
          <idle>-0     [007] ..s1   201.140614: block_bio_complete: 253,7 R 733264 + 8 [0]
          <idle>-0     [007] d.s4   201.140619: sched_wakeup: comm=sh pid=5747 prio=120 success=1 target_cpu=005 state=R
          <idle>-0     [005] d..2   201.140621: sched_switch: prev_comm=swapper/5 prev_pid=0 prev_prio=120 prev_state=R ==> next_comm=sh next_pid=5747 next_prio=120 prev->cgrp=1 next->cgrp=1 prev->st=1 next->st=1
          <idle>-0     [007] dns5   201.140623: sched_wakeup: comm=kworker/7:1H pid=416 prio=100 success=1 target_cpu=007 state=R
       uree_test-5747  [005] ....   201.140624: block_bio_queue: 253,7 R 729168 + 8 [sh]
       uree_test-5747  [005] ....   201.140625: block_bio_remap: 8,32 R 729168 + 8 <- (253,7) 729168
       uree_test-5747  [005] ....   201.140625: block_bio_remap: 8,32 R 10575952 + 8 <- (259,43) 729168
       uree_test-5747  [005] ....   201.140625: block_bio_queue: 8,32 R 10575952 + 8 [sh]
          <idle>-0     [007] .ns1   201.140625: softirq_exit: vec=4 [action=BLOCK]
       uree_test-5747  [005] ....   201.140626: block_getrq: 8,32 R 10575952 + 8 [sh]
       uree_test-5747  [005] d..1   201.140627: block_rq_insert: 8,32 R 4096 () 10575952 + 8 [sh]
          <idle>-0     [007] d..2   201.140627: sched_switch: prev_comm=swapper/7 prev_pid=0 prev_prio=120 prev_state=R ==> next_comm=kworker/7:1H next_pid=416 next_prio=100 prev->cgrp=1 next->cgrp=1 prev->st=1 next->st=1
       uree_test-5747  [005] d..1   201.140627: block_rq_issue: 8,32 R 4096 () 10575952 + 8 [sh]
    kworker/7:1H-416   [007] d..2   201.140631: sched_switch: prev_comm=kworker/7:1H prev_pid=416 prev_prio=100 prev_state=D ==> next_comm=swapper/7 next_pid=0 next_prio=120 extra_prev_state=N prev->cgrp=1 next->cgrp=1 prev->st=1 next->st=1
       uree_test-5747  [005] d..2   201.140632: sched_switch: prev_comm=sh prev_pid=5747 prev_prio=120 prev_state=D ==> next_comm=swapper/5 next_pid=0 next_prio=120 extra_prev_state=d prev->cgrp=1 next->cgrp=1 prev->st=1 next->st=1
          <idle>-0     [000] d.h1   201.140693: irq_entry: irq=322 name=ufshcd
          <idle>-0     [000] d.h1   201.140696: irq_handler_entry: irq=322 name=ufshcd
          <idle>-0     [005] d.h1   201.140704: softirq_raise: vec=4 [action=BLOCK]
          <idle>-0     [005] ..s1   201.140705: softirq_entry: vec=4 [action=BLOCK]
          <idle>-0     [005] ..s1   201.140705: block_rq_complete: 8,32 R () 10575952 + 8 [0]
          <idle>-0     [005] ..s1   201.140706: block_bio_complete: 253,7 R 729168 + 8 [0]
          <idle>-0     [000] d.h1   201.140708: irq_handler_exit: irq=322 ret=handled
          <idle>-0     [005] dns4   201.140710: sched_wakeup: comm=sh pid=5747 prio=120 success=1 target_cpu=005 state=R
          <idle>-0     [000] d.h1   201.140710: irq_exit: irq=322
          <idle>-0     [005] dns5   201.140712: sched_wakeup: comm=kworker/5:1H pid=390 prio=100 success=1 target_cpu=005 state=R
          <idle>-0     [005] .ns1   201.140713: softirq_exit: vec=4 [action=BLOCK]
          <idle>-0     [005] d..2   201.140714: sched_switch: prev_comm=swapper/5 prev_pid=0 prev_prio=120 prev_state=R ==> next_comm=kworker/5:1H next_pid=390 next_prio=100 prev->cgrp=1 next->cgrp=1 prev->st=1 next->st=1
    kworker/5:1H-390   [005] d..2   201.140717: sched_switch: prev_comm=kworker/5:1H prev_pid=390 prev_prio=100 prev_state=D ==> next_comm=sh next_pid=5747 next_prio=120 extra_prev_state=N prev->cgrp=1 next->cgrp=1 prev->st=1 next->st=1
       uree_test-5747  [005] ....   201.140725: block_bio_queue: 253,7 R 733272 + 8 [sh]
       uree_test-5747  [005] ....   201.140725: block_bio_remap: 8,32 R 733272 + 8 <- (253,7) 733272
       uree_test-5747  [005] ....   201.140726: block_bio_remap: 8,32 R 10580056 + 8 <- (259,43) 733272
       uree_test-5747  [005] ....   201.140726: block_bio_queue: 8,32 R 10580056 + 8 [sh]
       uree_test-5747  [005] ....   201.140727: block_getrq: 8,32 R 10580056 + 8 [sh]
       uree_test-5747  [005] d..1   201.140727: block_rq_insert: 8,32 R 4096 () 10580056 + 8 [sh]
       uree_test-5747  [005] d..1   201.140728: block_rq_issue: 8,32 R 4096 () 10580056 + 8 [sh]
       uree_test-5747  [005] d..2   201.140734: sched_switch: prev_comm=sh prev_pid=5747 prev_prio=120 prev_state=D ==> next_comm=swapper/5 next_pid=0 next_prio=120 extra_prev_state=d prev->cgrp=1 next->cgrp=1 prev->st=1 next->st=1
          <idle>-0     [001] d.h1   201.140792: irq_entry: irq=322 name=ufshcd
          <idle>-0     [001] d.h1   201.140793: irq_handler_entry: irq=322 name=ufshcd
          <idle>-0     [005] d.h1   201.140800: softirq_raise: vec=4 [action=BLOCK]
          <idle>-0     [005] ..s1   201.140801: softirq_entry: vec=4 [action=BLOCK]
          <idle>-0     [005] ..s1   201.140801: block_rq_complete: 8,32 R () 10580056 + 8 [0]
          <idle>-0     [005] ..s1   201.140802: block_bio_complete: 253,7 R 733272 + 8 [0]
          <idle>-0     [001] d.h1   201.140804: irq_handler_exit: irq=322 ret=handled
          <idle>-0     [005] dns4   201.140804: sched_wakeup: comm=sh pid=5747 prio=120 success=1 target_cpu=005 state=R
          <idle>-0     [001] d.h1   201.140805: irq_exit: irq=322
          <idle>-0     [005] dns5   201.140807: sched_wakeup: comm=kworker/5:1H pid=390 prio=100 success=1 target_cpu=005 state=R
          <idle>-0     [005] .ns1   201.140808: softirq_exit: vec=4 [action=BLOCK]
          <idle>-0     [005] d..2   201.140809: sched_switch: prev_comm=swapper/5 prev_pid=0 prev_prio=120 prev_state=R ==> next_comm=kworker/5:1H next_pid=390 next_prio=100 prev->cgrp=1 next->cgrp=1 prev->st=1 next->st=1
    kworker/5:1H-390   [005] d..2   201.140811: sched_switch: prev_comm=kworker/5:1H prev_pid=390 prev_prio=100 prev_state=D ==> next_comm=sh next_pid=5747 next_prio=120 extra_prev_state=N prev->cgrp=1 next->cgrp=1 prev->st=1 next->st=1
       uree_test-5747  [005] ....   201.140814: block_bio_queue: 253,7 R 729176 + 8 [sh]
       uree_test-5747  [005] ....   201.140815: block_bio_remap: 8,32 R 729176 + 8 <- (253,7) 729176
       uree_test-5747  [005] ....   201.140815: block_bio_remap: 8,32 R 10575960 + 8 <- (259,43) 729176
       uree_test-5747  [005] ....   201.140815: block_bio_queue: 8,32 R 10575960 + 8 [sh]
       uree_test-5747  [005] ....   201.140816: block_getrq: 8,32 R 10575960 + 8 [sh]
       uree_test-5747  [005] d..1   201.140816: block_rq_insert: 8,32 R 4096 () 10575960 + 8 [sh]
       uree_test-5747  [005] d..1   201.140817: block_rq_issue: 8,32 R 4096 () 10575960 + 8 [sh]
       uree_test-5747  [005] d..2   201.140823: sched_switch: prev_comm=sh prev_pid=5747 prev_prio=120 prev_state=D ==> next_comm=swapper/5 next_pid=0 next_prio=120 extra_prev_state=d prev->cgrp=1 next->cgrp=1 prev->st=1 next->st=1
          <idle>-0     [002] d.h1   201.140882: irq_entry: irq=322 name=ufshcd
          <idle>-0     [002] d.h1   201.140883: irq_handler_entry: irq=322 name=ufshcd
          <idle>-0     [005] d.h1   201.140890: softirq_raise: vec=4 [action=BLOCK]
          <idle>-0     [005] ..s1   201.140890: softirq_entry: vec=4 [action=BLOCK]
          <idle>-0     [005] ..s1   201.140890: block_rq_complete: 8,32 R () 10575960 + 8 [0]
          <idle>-0     [005] ..s1   201.140891: block_bio_complete: 253,7 R 729176 + 8 [0]
          <idle>-0     [002] d.h1   201.140893: irq_handler_exit: irq=322 ret=handled
          <idle>-0     [005] dns4   201.140893: sched_wakeup: comm=sh pid=5747 prio=120 success=1 target_cpu=005 state=R
          <idle>-0     [002] d.h1   201.140894: irq_exit: irq=322
          <idle>-0     [005] dns5   201.140895: sched_wakeup: comm=kworker/5:1H pid=390 prio=100 success=1 target_cpu=005 state=R
          <idle>-0     [005] .ns1   201.140896: softirq_exit: vec=4 [action=BLOCK]
          <idle>-0     [005] d..2   201.140897: sched_switch: prev_comm=swapper/5 prev_pid=0 prev_prio=120 prev_state=R ==> next_comm=kworker/5:1H next_pid=390 next_prio=100 prev->cgrp=1 next->cgrp=1 prev->st=1 next->st=1
    kworker/5:1H-390   [005] d..2   201.140899: sched_switch: prev_comm=kworker/5:1H prev_pid=390 prev_prio=100 prev_state=D ==> next_comm=sh next_pid=5747 next_prio=120 extra_prev_state=N prev->cgrp=1 next->cgrp=1 prev->st=1 next->st=1
       uree_test-5747  [005] dn.3   201.140949: sched_wakeup: comm=migration/5 pid=34 prio=0 success=1 target_cpu=005 state=R
       uree_test-5747  [005] d..2   201.140952: sched_switch: prev_comm=sh prev_pid=5747 prev_prio=120 prev_state=R+ ==> next_comm=migration/5 next_pid=34 next_prio=0 prev->cgrp=1 next->cgrp=1 prev->st=1 next->st=1
     migration/5-34    [005] d..4   201.140956: sched_migrate_task: comm=sh pid=5747 prio=120 orig_cpu=5 dest_cpu=4 state=R
          <idle>-0     [004] d..2   201.140961: sched_switch: prev_comm=swapper/4 prev_pid=0 prev_prio=120 prev_state=R ==> next_comm=sh next_pid=5747 next_prio=120 prev->cgrp=1 next->cgrp=1 prev->st=1 next->st=1
     migration/5-34    [005] d..2   201.140964: sched_switch: prev_comm=migration/5 prev_pid=34 prev_prio=0 prev_state=S ==> next_comm=swapper/5 next_pid=0 next_prio=120 prev->cgrp=1 next->cgrp=1 prev->st=1 next->st=1
       uree_test-5747  [004] ....   201.140987: block_bio_queue: 253,7 RA 737384 + 32 [sh]
       uree_test-5747  [004] ....   201.140989: block_bio_remap: 8,32 RA 737384 + 32 <- (253,7) 737384
       uree_test-5747  [004] ....   201.140989: block_bio_remap: 8,32 RA 10584168 + 32 <- (259,43) 737384
       uree_test-5747  [004] ....   201.140990: block_bio_queue: 8,32 RA 10584168 + 32 [sh]
       uree_test-5747  [004] ....   201.140993: block_getrq: 8,32 RA 10584168 + 32 [sh]
       uree_test-5747  [004] ....   201.140994: block_plug: [sh]
       uree_test-5747  [004] d..1   201.140995: block_rq_insert: 8,32 RA 16384 () 10584168 + 32 [sh]
       uree_test-5747  [004] d..1   201.140997: block_unplug: [sh] 1
       uree_test-5747  [004] d..1   201.140998: block_rq_issue: 8,32 RA 16384 () 10584168 + 32 [sh]
       uree_test-5747  [004] d..2   201.141010: sched_switch: prev_comm=sh prev_pid=5747 prev_prio=120 prev_state=D ==> next_comm=swapper/4 next_pid=0 next_prio=120 extra_prev_state=K|d prev->cgrp=1 next->cgrp=1 prev->st=1 next->st=1
          <idle>-0     [003] d.h1   201.141140: irq_entry: irq=322 name=ufshcd
          <idle>-0     [003] d.h1   201.141141: irq_handler_entry: irq=322 name=ufshcd
          <idle>-0     [004] d.h1   201.141148: softirq_raise: vec=4 [action=BLOCK]
          <idle>-0     [004] ..s1   201.141149: softirq_entry: vec=4 [action=BLOCK]
          <idle>-0     [004] ..s1   201.141150: block_rq_complete: 8,32 RA () 10584168 + 32 [0]
          <idle>-0     [003] d.h1   201.141151: irq_handler_exit: irq=322 ret=handled
          <idle>-0     [003] d.h1   201.141152: irq_exit: irq=322
          <idle>-0     [004] ..s1   201.141152: block_bio_complete: 253,7 RA 737384 + 32 [0]
          <idle>-0     [004] dns4   201.141157: sched_wakeup: comm=sh pid=5747 prio=120 success=1 target_cpu=004 state=R
          <idle>-0     [004] dns5   201.141162: sched_wakeup: comm=kworker/4:1H pid=453 prio=100 success=1 target_cpu=004 state=R
          <idle>-0     [004] .ns1   201.141164: softirq_exit: vec=4 [action=BLOCK]
          <idle>-0     [004] d..2   201.141166: sched_switch: prev_comm=swapper/4 prev_pid=0 prev_prio=120 prev_state=R ==> next_comm=kworker/4:1H next_pid=453 next_prio=100 prev->cgrp=1 next->cgrp=1 prev->st=1 next->st=1
    kworker/4:1H-453   [004] d..2   201.141170: sched_switch: prev_comm=kworker/4:1H prev_pid=453 prev_prio=100 prev_state=D ==> next_comm=sh next_pid=5747 next_prio=120 extra_prev_state=N prev->cgrp=1 next->cgrp=1 prev->st=1 next->st=1
       uree_test-5747  [004] ....   201.141437: block_bio_queue: 253,7 RA 737416 + 96 [uree_test]
       uree_test-5747  [004] ....   201.141440: block_bio_remap: 8,32 RA 737416 + 96 <- (253,7) 737416
       uree_test-5747  [004] ....   201.141441: block_bio_remap: 8,32 RA 10584200 + 96 <- (259,43) 737416
       uree_test-5747  [004] ....   201.141441: block_bio_queue: 8,32 RA 10584200 + 96 [uree_test]
       uree_test-5747  [004] ....   201.141444: block_getrq: 8,32 RA 10584200 + 96 [uree_test]
       uree_test-5747  [004] ....   201.141445: block_plug: [uree_test]
       uree_test-5747  [004] d..1   201.141446: block_rq_insert: 8,32 RA 49152 () 10584200 + 96 [uree_test]
       uree_test-5747  [004] d..1   201.141446: block_unplug: [uree_test] 1
       uree_test-5747  [004] d..1   201.141448: block_rq_issue: 8,32 RA 49152 () 10584200 + 96 [uree_test]
       uree_test-5747  [004] d..2   201.141462: sched_switch: prev_comm=uree_test prev_pid=5747 prev_prio=120 prev_state=D ==> next_comm=swapper/4 next_pid=0 next_prio=120 extra_prev_state=K|d prev->cgrp=1 next->cgrp=1 prev->st=1 next->st=1
          <idle>-0     [004] d.h1   201.141646: irq_entry: irq=322 name=ufshcd
          <idle>-0     [004] d.h1   201.141647: irq_handler_entry: irq=322 name=ufshcd
          <idle>-0     [004] d.h2   201.141651: softirq_raise: vec=4 [action=BLOCK]
          <idle>-0     [004] d.h1   201.141654: irq_handler_exit: irq=322 ret=handled
          <idle>-0     [004] d.h1   201.141654: irq_exit: irq=322
          <idle>-0     [004] ..s1   201.141655: softirq_entry: vec=4 [action=BLOCK]
          <idle>-0     [004] ..s1   201.141656: block_rq_complete: 8,32 RA () 10584200 + 96 [0]
          <idle>-0     [004] ..s1   201.141657: block_bio_complete: 253,7 RA 737416 + 96 [0]
          <idle>-0     [004] dns4   201.141663: sched_wakeup: comm=uree_test pid=5747 prio=120 success=1 target_cpu=004 state=R
          <idle>-0     [004] dns5   201.141667: sched_wakeup: comm=kworker/4:1H pid=453 prio=100 success=1 target_cpu=004 state=R
          <idle>-0     [004] .ns1   201.141669: softirq_exit: vec=4 [action=BLOCK]
          <idle>-0     [004] d..2   201.141671: sched_switch: prev_comm=swapper/4 prev_pid=0 prev_prio=120 prev_state=R ==> next_comm=kworker/4:1H next_pid=453 next_prio=100 prev->cgrp=1 next->cgrp=1 prev->st=1 next->st=1
    kworker/4:1H-453   [004] d..2   201.141674: sched_switch: prev_comm=kworker/4:1H prev_pid=453 prev_prio=100 prev_state=D ==> next_comm=uree_test next_pid=5747 next_prio=120 extra_prev_state=N prev->cgrp=1 next->cgrp=1 prev->st=1 next->st=1
       uree_test-5747  [004] ....   201.142105: block_bio_queue: 253,7 R 733224 + 8 [uree_test]
       uree_test-5747  [004] ....   201.142106: block_bio_remap: 8,32 R 733224 + 8 <- (253,7) 733224
       uree_test-5747  [004] ....   201.142107: block_bio_remap: 8,32 R 10580008 + 8 <- (259,43) 733224
       uree_test-5747  [004] ....   201.142107: block_bio_queue: 8,32 R 10580008 + 8 [uree_test]
       uree_test-5747  [004] ....   201.142109: block_getrq: 8,32 R 10580008 + 8 [uree_test]
       uree_test-5747  [004] d..1   201.142110: block_rq_insert: 8,32 R 4096 () 10580008 + 8 [uree_test]
       uree_test-5747  [004] d..1   201.142111: block_rq_issue: 8,32 R 4096 () 10580008 + 8 [uree_test]
       uree_test-5747  [004] d..2   201.142122: sched_switch: prev_comm=uree_test prev_pid=5747 prev_prio=120 prev_state=D ==> next_comm=swapper/4 next_pid=0 next_prio=120 extra_prev_state=d prev->cgrp=1 next->cgrp=1 prev->st=1 next->st=1
          <idle>-0     [005] d.h1   201.142188: irq_entry: irq=322 name=ufshcd
          <idle>-0     [005] d.h1   201.142188: irq_handler_entry: irq=322 name=ufshcd
          <idle>-0     [005] d.h2   201.142192: softirq_raise: vec=4 [action=BLOCK]
          <idle>-0     [005] d.h1   201.142194: irq_handler_exit: irq=322 ret=handled
          <idle>-0     [005] d.h1   201.142194: irq_exit: irq=322
          <idle>-0     [005] ..s1   201.142195: softirq_entry: vec=4 [action=BLOCK]
          <idle>-0     [005] ..s1   201.142195: block_rq_complete: 8,32 R () 10580008 + 8 [0]
          <idle>-0     [005] ..s1   201.142197: block_bio_complete: 253,7 R 733224 + 8 [0]
          <idle>-0     [005] d.s4   201.142200: sched_wakeup: comm=uree_test pid=5747 prio=120 success=1 target_cpu=004 state=R
          <idle>-0     [004] d..2   201.142202: sched_switch: prev_comm=swapper/4 prev_pid=0 prev_prio=120 prev_state=R ==> next_comm=uree_test next_pid=5747 next_prio=120 prev->cgrp=1 next->cgrp=1 prev->st=1 next->st=1
          <idle>-0     [005] dns5   201.142203: sched_wakeup: comm=kworker/5:1H pid=390 prio=100 success=1 target_cpu=005 state=R
          <idle>-0     [005] .ns1   201.142205: softirq_exit: vec=4 [action=BLOCK]
          <idle>-0     [005] d..2   201.142206: sched_switch: prev_comm=swapper/5 prev_pid=0 prev_prio=120 prev_state=R ==> next_comm=kworker/5:1H next_pid=390 next_prio=100 prev->cgrp=1 next->cgrp=1 prev->st=1 next->st=1
    kworker/5:1H-390   [005] d..2   201.142209: sched_switch: prev_comm=kworker/5:1H prev_pid=390 prev_prio=100 prev_state=D ==> next_comm=swapper/5 next_pid=0 next_prio=120 extra_prev_state=N prev->cgrp=1 next->cgrp=1 prev->st=1 next->st=1
       uree_test-5747  [004] ....   201.142227: block_bio_queue: 253,7 R 729136 + 8 [uree_test]
       uree_test-5747  [004] ....   201.142228: block_bio_remap: 8,32 R 729136 + 8 <- (253,7) 729136
       uree_test-5747  [004] ....   201.142228: block_bio_remap: 8,32 R 10575920 + 8 <- (259,43) 729136
       uree_test-5747  [004] ....   201.142228: block_bio_queue: 8,32 R 10575920 + 8 [uree_test]
       uree_test-5747  [004] ....   201.142230: block_getrq: 8,32 R 10575920 + 8 [uree_test]
       uree_test-5747  [004] d..1   201.142230: block_rq_insert: 8,32 R 4096 () 10575920 + 8 [uree_test]
       uree_test-5747  [004] d..1   201.142232: block_rq_issue: 8,32 R 4096 () 10575920 + 8 [uree_test]
       uree_test-5747  [004] d..2   201.142238: sched_switch: prev_comm=uree_test prev_pid=5747 prev_prio=120 prev_state=D ==> next_comm=swapper/4 next_pid=0 next_prio=120 extra_prev_state=d prev->cgrp=1 next->cgrp=1 prev->st=1 next->st=1
          <idle>-0     [006] d.h1   201.142307: irq_entry: irq=322 name=ufshcd
          <idle>-0     [006] d.h1   201.142308: irq_handler_entry: irq=322 name=ufshcd
          <idle>-0     [006] d.h2   201.142310: softirq_raise: vec=4 [action=BLOCK]
          <idle>-0     [006] d.h1   201.142313: irq_handler_exit: irq=322 ret=handled
          <idle>-0     [006] d.h1   201.142313: irq_exit: irq=322
          <idle>-0     [006] ..s1   201.142313: softirq_entry: vec=4 [action=BLOCK]
          <idle>-0     [006] ..s1   201.142313: block_rq_complete: 8,32 R () 10575920 + 8 [0]
          <idle>-0     [006] ..s1   201.142315: block_bio_complete: 253,7 R 729136 + 8 [0]
          <idle>-0     [006] d.s4   201.142318: sched_wakeup: comm=uree_test pid=5747 prio=120 success=1 target_cpu=004 state=R
          <idle>-0     [004] d..2   201.142320: sched_switch: prev_comm=swapper/4 prev_pid=0 prev_prio=120 prev_state=R ==> next_comm=uree_test next_pid=5747 next_prio=120 prev->cgrp=1 next->cgrp=1 prev->st=1 next->st=1
          <idle>-0     [006] dns5   201.142321: sched_wakeup: comm=kworker/6:2H pid=1140 prio=100 success=1 target_cpu=006 state=R
          <idle>-0     [006] .ns1   201.142322: softirq_exit: vec=4 [action=BLOCK]
          <idle>-0     [006] d..2   201.142323: sched_switch: prev_comm=swapper/6 prev_pid=0 prev_prio=120 prev_state=R ==> next_comm=kworker/6:2H next_pid=1140 next_prio=100 prev->cgrp=1 next->cgrp=1 prev->st=1 next->st=1
    kworker/6:2H-1140  [006] d..2   201.142325: sched_switch: prev_comm=kworker/6:2H prev_pid=1140 prev_prio=100 prev_state=D ==> next_comm=swapper/6 next_pid=0 next_prio=120 extra_prev_state=N prev->cgrp=1 next->cgrp=1 prev->st=1 next->st=1
          <idle>-0     [007] d.h1   201.144001: irq_entry: irq=5 name=arch_timer
          <idle>-0     [006] d.h1   201.144001: irq_entry: irq=5 name=arch_timer
          <idle>-0     [007] d.h1   201.144001: irq_handler_entry: irq=5 name=arch_timer
       uree_test-5747  [004] d.h1   201.144001: irq_entry: irq=5 name=arch_timer
          <idle>-0     [005] d.h1   201.144001: irq_entry: irq=5 name=arch_timer
          <idle>-0     [006] d.h1   201.144001: irq_handler_entry: irq=5 name=arch_timer
          <idle>-0     [005] d.h1   201.144002: irq_handler_entry: irq=5 name=arch_timer
          <idle>-0     [006] d.h1   201.144003: softirq_raise: vec=1 [action=TIMER]
       uree_test-5747  [004] d.h1   201.144003: irq_handler_entry: irq=5 name=arch_timer
          <idle>-0     [005] d.h1   201.144003: softirq_raise: vec=1 [action=TIMER]
          <idle>-0     [007] d.h1   201.144003: softirq_raise: vec=9 [action=RCU]
          <idle>-0     [005] d.h1   201.144003: softirq_raise: vec=9 [action=RCU]
          <idle>-0     [006] d.h1   201.144003: softirq_raise: vec=9 [action=RCU]
          <idle>-0     [005] d.h1   201.144005: softirq_raise: vec=7 [action=SCHED]
          <idle>-0     [006] d.h1   201.144005: softirq_raise: vec=7 [action=SCHED]
          <idle>-0     [007] d.h1   201.144006: irq_handler_exit: irq=5 ret=handled
          <idle>-0     [007] d.h1   201.144006: irq_exit: irq=5
          <idle>-0     [007] ..s1   201.144006: softirq_entry: vec=9 [action=RCU]
          <idle>-0     [005] d.h1   201.144007: irq_handler_exit: irq=5 ret=handled
          <idle>-0     [005] d.h1   201.144007: irq_exit: irq=5
          <idle>-0     [007] ..s1   201.144007: softirq_exit: vec=9 [action=RCU]
          <idle>-0     [006] d.h1   201.144007: irq_handler_exit: irq=5 ret=handled
       uree_test-5747  [004] d.h1   201.144008: softirq_raise: vec=1 [action=TIMER]
          <idle>-0     [005] ..s1   201.144008: softirq_entry: vec=1 [action=TIMER]
          <idle>-0     [006] d.h1   201.144008: irq_exit: irq=5
          <idle>-0     [006] ..s1   201.144008: softirq_entry: vec=1 [action=TIMER]
       uree_test-5747  [004] d.h1   201.144008: softirq_raise: vec=9 [action=RCU]
          <idle>-0     [005] ..s1   201.144009: softirq_exit: vec=1 [action=TIMER]
          <idle>-0     [005] ..s1   201.144009: softirq_entry: vec=7 [action=SCHED]
          <idle>-0     [006] dns3   201.144011: sched_wakeup: comm=rcu_preempt pid=8 prio=120 success=1 target_cpu=006 state=R
          <idle>-0     [005] ..s1   201.144016: softirq_exit: vec=7 [action=SCHED]
          <idle>-0     [001] d.h1   201.144016: softirq_raise: vec=7 [action=SCHED]
          <idle>-0     [005] ..s1   201.144016: softirq_entry: vec=9 [action=RCU]
       uree_test-5747  [004] d.h1   201.144017: irq_handler_exit: irq=5 ret=handled
          <idle>-0     [005] ..s1   201.144017: softirq_exit: vec=9 [action=RCU]
       uree_test-5747  [004] d.h1   201.144017: irq_exit: irq=5
          <idle>-0     [001] ..s1   201.144017: softirq_entry: vec=7 [action=SCHED]
       uree_test-5747  [004] ..s1   201.144018: softirq_entry: vec=1 [action=TIMER]
       uree_test-5747  [004] ..s1   201.144018: softirq_exit: vec=1 [action=TIMER]
       uree_test-5747  [004] ..s1   201.144018: softirq_entry: vec=9 [action=RCU]
       uree_test-5747  [004] ..s1   201.144019: softirq_exit: vec=9 [action=RCU]
          <idle>-0     [001] ..s1   201.144037: softirq_exit: vec=7 [action=SCHED]
          <idle>-0     [006] dns3   201.144040: sched_wakeup: comm=krtatm pid=296 prio=100 success=1 target_cpu=005 state=R
          <idle>-0     [006] .ns1   201.144041: softirq_exit: vec=1 [action=TIMER]
          <idle>-0     [006] .ns1   201.144041: softirq_entry: vec=7 [action=SCHED]
          <idle>-0     [005] d..2   201.144042: sched_switch: prev_comm=swapper/5 prev_pid=0 prev_prio=120 prev_state=R ==> next_comm=krtatm next_pid=296 next_prio=100 prev->cgrp=1 next->cgrp=1 prev->st=1 next->st=1
          <idle>-0     [006] .ns1   201.144046: softirq_exit: vec=7 [action=SCHED]
          <idle>-0     [006] .ns1   201.144046: softirq_entry: vec=9 [action=RCU]
          krtatm-296   [005] d..2   201.144047: sched_switch: prev_comm=krtatm prev_pid=296 prev_prio=100 prev_state=S ==> next_comm=swapper/5 next_pid=0 next_prio=120 prev->cgrp=1 next->cgrp=1 prev->st=1 next->st=1
          <idle>-0     [006] .ns1   201.144047: softirq_exit: vec=9 [action=RCU]
          <idle>-0     [006] d..2   201.144048: sched_switch: prev_comm=swapper/6 prev_pid=0 prev_prio=120 prev_state=R ==> next_comm=rcu_preempt next_pid=8 next_prio=120 prev->cgrp=1 next->cgrp=1 prev->st=1 next->st=1
     rcu_preempt-8     [006] d..2   201.144055: sched_switch: prev_comm=rcu_preempt prev_pid=8 prev_prio=120 prev_state=D ==> next_comm=swapper/6 next_pid=0 next_prio=120 extra_prev_state=N prev->cgrp=1 next->cgrp=1 prev->st=1 next->st=1
          <idle>-0     [003] dnh2   201.145942: sched_wakeup: comm=logd.writer pid=487 prio=118 success=1 target_cpu=003 state=R
          <idle>-0     [003] d..2   201.145951: sched_switch: prev_comm=swapper/3 prev_pid=0 prev_prio=120 prev_state=R ==> next_comm=logd.writer next_pid=487 next_prio=118 prev->cgrp=1 next->cgrp=4 prev->st=1 next->st=2
       uree_test-5747  [004] d..2   201.145988: sched_migrate_task: comm=id0_trusty_k/1 pid=208 prio=100 orig_cpu=4 dest_cpu=5 state=W
       uree_test-5747  [004] d..3   201.145994: sched_wakeup: comm=id0_trusty_k/1 pid=208 prio=100 success=1 target_cpu=005 state=R
          <idle>-0     [005] d..2   201.145996: sched_switch: prev_comm=swapper/5 prev_pid=0 prev_prio=120 prev_state=R ==> next_comm=id0_trusty_k/1 next_pid=208 next_prio=100 prev->cgrp=1 next->cgrp=1 prev->st=1 next->st=1
       uree_test-5747  [004] d..2   201.146001: sched_switch: prev_comm=uree_test prev_pid=5747 prev_prio=120 prev_state=S ==> next_comm=swapper/4 next_pid=0 next_prio=120 prev->cgrp=1 next->cgrp=1 prev->st=1 next->st=1
     logd.writer-487   [003] d..2   201.146129: sched_switch: prev_comm=logd.writer prev_pid=487 prev_prio=118 prev_state=S ==> next_comm=swapper/3 next_pid=0 next_prio=120 prev->cgrp=4 next->cgrp=1 prev->st=2 next->st=1
  id0_trusty_k/1-208   [005] d..3   201.146158: sched_wakeup: comm=gz_trace pid=67 prio=120 success=1 target_cpu=004 state=R
          <idle>-0     [004] d..2   201.146160: sched_switch: prev_comm=swapper/4 prev_pid=0 prev_prio=120 prev_state=R ==> next_comm=gz_trace next_pid=67 next_prio=120 prev->cgrp=1 next->cgrp=1 prev->st=1 next->st=1
  id0_trusty_k/1-208   [005] d..3   201.146162: sched_wakeup: comm=id0_trusty_c/0 pid=210 prio=100 success=1 target_cpu=006 state=R
          <idle>-0     [006] d..2   201.146164: sched_switch: prev_comm=swapper/6 prev_pid=0 prev_prio=120 prev_state=R ==> next_comm=id0_trusty_c/0 next_pid=210 next_prio=100 prev->cgrp=1 next->cgrp=1 prev->st=1 next->st=1
  id0_trusty_k/1-208   [005] d..2   201.146166: sched_switch: prev_comm=id0_trusty_k/1 prev_pid=208 prev_prio=100 prev_state=S ==> next_comm=swapper/5 next_pid=0 next_prio=120 prev->cgrp=1 next->cgrp=1 prev->st=1 next->st=1
  id0_trusty_c/0-210   [006] d..2   201.146169: sched_migrate_task: comm=uree_test pid=5747 prio=120 orig_cpu=4 dest_cpu=5 state=W
  id0_trusty_c/0-210   [006] d..3   201.146172: sched_wakeup: comm=uree_test pid=5747 prio=120 success=1 target_cpu=005 state=R
          <idle>-0     [005] d..2   201.146174: sched_switch: prev_comm=swapper/5 prev_pid=0 prev_prio=120 prev_state=R ==> next_comm=uree_test next_pid=5747 next_prio=120 prev->cgrp=1 next->cgrp=1 prev->st=1 next->st=1
  id0_trusty_c/0-210   [006] d..2   201.146176: sched_switch: prev_comm=id0_trusty_c/0 prev_pid=210 prev_prio=100 prev_state=S ==> next_comm=swapper/6 next_pid=0 next_prio=120 prev->cgrp=1 next->cgrp=1 prev->st=1 next->st=1
       uree_test-5747  [005] d..2   201.146185: sched_migrate_task: comm=id0_trusty_k/2 pid=209 prio=100 orig_cpu=4 dest_cpu=6 state=W
       uree_test-5747  [005] d..3   201.146190: sched_wakeup: comm=id0_trusty_k/2 pid=209 prio=100 success=1 target_cpu=006 state=R
