          <idle>-0     [007] d..2   201.958689: sched_switch: prev_comm=swapper/7 prev_pid=0 prev_prio=120 prev_state=R ==> next_comm=UsbFfs-worker next_pid=5280 next_prio=120 prev->cgrp=1 next->cgrp=1 prev->st=1 next->st=1
            adbd-5202  [004] d..2   201.958698: sched_switch: prev_comm=adbd prev_pid=5202 prev_prio=120 prev_state=S ==> next_comm=swapper/4 next_pid=0 next_prio=120 prev->cgrp=1 next->cgrp=1 prev->st=1 next->st=1
  shell svc 5749-5750  [005] d..2   201.958701: sched_switch: prev_comm=shell svc 5749 prev_pid=5750 prev_prio=120 prev_state=x ==> next_comm=swapper/5 next_pid=0 next_prio=120 prev->cgrp=1 next->cgrp=1 prev->st=1 next->st=1
          <idle>-0     [005] d.h2   201.958703: irq_entry: irq=320 name=musb-hdrc
          <idle>-0     [005] d.h2   201.958705: irq_handler_entry: irq=320 name=musb-hdrc
   UsbFfs-worker-5280  [007] d..2   201.958711: sched_wakeup: comm=adbd pid=5202 prio=120 success=1 target_cpu=004 state=R
          <idle>-0     [005] dnh5   201.958711: sched_wakeup: comm=kworker/u16:7 pid=433 prio=120 success=1 target_cpu=005 state=R
          <idle>-0     [005] dnh2   201.958712: irq_handler_exit: irq=320 ret=handled
          <idle>-0     [005] dnh2   201.958713: irq_exit: irq=320
          <idle>-0     [004] d..2   201.958714: sched_switch: prev_comm=swapper/4 prev_pid=0 prev_prio=120 prev_state=R ==> next_comm=adbd next_pid=5202 next_prio=120 prev->cgrp=1 next->cgrp=1 prev->st=1 next->st=1
   UsbFfs-worker-5280  [007] d..2   201.958715: sched_switch: prev_comm=UsbFfs-worker prev_pid=5280 prev_prio=120 prev_state=S ==> next_comm=swapper/7 next_pid=0 next_prio=120 prev->cgrp=1 next->cgrp=1 prev->st=1 next->st=1
          <idle>-0     [005] dn.4   201.958717: sched_wakeup: comm=kworker/5:2 pid=413 prio=120 success=1 target_cpu=005 state=R
          <idle>-0     [005] d..2   201.958718: sched_switch: prev_comm=swapper/5 prev_pid=0 prev_prio=120 prev_state=R ==> next_comm=kworker/5:2 next_pid=413 next_prio=120 prev->cgrp=1 next->cgrp=1 prev->st=1 next->st=1
            adbd-5202  [004] d..3   201.958719: sched_wakeup: comm=UsbFfs-worker pid=5280 prio=120 success=1 target_cpu=007 state=R
          <idle>-0     [007] d..2   201.958720: sched_switch: prev_comm=swapper/7 prev_pid=0 prev_prio=120 prev_state=R ==> next_comm=UsbFfs-worker next_pid=5280 next_prio=120 prev->cgrp=1 next->cgrp=1 prev->st=1 next->st=1
     kworker/5:2-413   [005] d..2   201.958724: sched_switch: prev_comm=kworker/5:2 prev_pid=413 prev_prio=120 prev_state=D ==> next_comm=kworker/u16:7 next_pid=433 next_prio=120 extra_prev_state=N prev->cgrp=1 next->cgrp=1 prev->st=1 next->st=1
          <idle>-0     [006] d.h1   201.958734: irq_entry: irq=320 name=musb-hdrc
          <idle>-0     [006] d.h1   201.958735: irq_handler_entry: irq=320 name=musb-hdrc
   UsbFfs-worker-5280  [007] d..2   201.958737: sched_switch: prev_comm=UsbFfs-worker prev_pid=5280 prev_prio=120 prev_state=S ==> next_comm=swapper/7 next_pid=0 next_prio=120 prev->cgrp=1 next->cgrp=1 prev->st=1 next->st=1
   kworker/u16:7-433   [005] d..3   201.958740: sched_wakeup: comm=UsbFfs-worker pid=5280 prio=120 success=1 target_cpu=007 state=R
          <idle>-0     [006] d.h3   201.958740: sched_migrate_task: comm=kworker/u16:1 pid=117 prio=120 orig_cpu=7 dest_cpu=6 state=W
          <idle>-0     [007] d..2   201.958741: sched_switch: prev_comm=swapper/7 prev_pid=0 prev_prio=120 prev_state=R ==> next_comm=UsbFfs-worker next_pid=5280 next_prio=120 prev->cgrp=1 next->cgrp=1 prev->st=1 next->st=1
          <idle>-0     [006] dnh4   201.958743: sched_wakeup: comm=kworker/u16:1 pid=117 prio=120 success=1 target_cpu=006 state=R
          <idle>-0     [006] dnh1   201.958743: irq_handler_exit: irq=320 ret=handled
          <idle>-0     [006] dnh1   201.958744: irq_exit: irq=320
          <idle>-0     [006] d..2   201.958745: sched_switch: prev_comm=swapper/6 prev_pid=0 prev_prio=120 prev_state=R ==> next_comm=kworker/u16:1 next_pid=117 next_prio=120 prev->cgrp=1 next->cgrp=1 prev->st=1 next->st=1
   kworker/u16:7-433   [005] d..2   201.958747: sched_switch: prev_comm=kworker/u16:7 prev_pid=433 prev_prio=120 prev_state=D ==> next_comm=swapper/5 next_pid=0 next_prio=120 extra_prev_state=N prev->cgrp=1 next->cgrp=1 prev->st=1 next->st=1
   UsbFfs-worker-5280  [007] d..2   201.958749: sched_switch: prev_comm=UsbFfs-worker prev_pid=5280 prev_prio=120 prev_state=S ==> next_comm=swapper/7 next_pid=0 next_prio=120 prev->cgrp=1 next->cgrp=1 prev->st=1 next->st=1
   kworker/u16:1-117   [006] d..2   201.958749: sched_switch: prev_comm=kworker/u16:1 prev_pid=117 prev_prio=120 prev_state=D ==> next_comm=swapper/6 next_pid=0 next_prio=120 extra_prev_state=N prev->cgrp=1 next->cgrp=1 prev->st=1 next->st=1
            adbd-5202  [004] d..2   201.958754: sched_switch: prev_comm=adbd prev_pid=5202 prev_prio=120 prev_state=S ==> next_comm=swapper/4 next_pid=0 next_prio=120 prev->cgrp=1 next->cgrp=1 prev->st=1 next->st=1
          <idle>-0     [007] d.h1   201.959266: irq_entry: irq=320 name=musb-hdrc
          <idle>-0     [007] d.h1   201.959267: irq_handler_entry: irq=320 name=musb-hdrc
          <idle>-0     [007] d.h4   201.959275: sched_wakeup: comm=kworker/u16:1 pid=117 prio=120 success=1 target_cpu=006 state=R
          <idle>-0     [007] d.h1   201.959276: irq_handler_exit: irq=320 ret=handled
          <idle>-0     [006] d..2   201.959276: sched_switch: prev_comm=swapper/6 prev_pid=0 prev_prio=120 prev_state=R ==> next_comm=kworker/u16:1 next_pid=117 next_prio=120 prev->cgrp=1 next->cgrp=1 prev->st=1 next->st=1
          <idle>-0     [007] d.h1   201.959277: irq_exit: irq=320
   kworker/u16:1-117   [006] d..3   201.959291: sched_wakeup: comm=UsbFfs-worker pid=5280 prio=120 success=1 target_cpu=007 state=R
          <idle>-0     [007] d..2   201.959292: sched_switch: prev_comm=swapper/7 prev_pid=0 prev_prio=120 prev_state=R ==> next_comm=UsbFfs-worker next_pid=5280 next_prio=120 prev->cgrp=1 next->cgrp=1 prev->st=1 next->st=1
   kworker/u16:1-117   [006] d..2   201.959297: sched_switch: prev_comm=kworker/u16:1 prev_pid=117 prev_prio=120 prev_state=D ==> next_comm=swapper/6 next_pid=0 next_prio=120 extra_prev_state=N prev->cgrp=1 next->cgrp=1 prev->st=1 next->st=1
   UsbFfs-worker-5280  [007] d..4   201.959302: sched_wakeup: comm=adbd pid=5202 prio=120 success=1 target_cpu=004 state=R
          <idle>-0     [004] d..2   201.959304: sched_switch: prev_comm=swapper/4 prev_pid=0 prev_prio=120 prev_state=R ==> next_comm=adbd next_pid=5202 next_prio=120 prev->cgrp=1 next->cgrp=1 prev->st=1 next->st=1
   UsbFfs-worker-5280  [007] d..2   201.959311: sched_switch: prev_comm=UsbFfs-worker prev_pid=5280 prev_prio=120 prev_state=S ==> next_comm=swapper/7 next_pid=0 next_prio=120 prev->cgrp=1 next->cgrp=1 prev->st=1 next->st=1
            adbd-5202  [004] d..3   201.959315: sched_wakeup: comm=UsbFfs-worker pid=5280 prio=120 success=1 target_cpu=007 state=R
          <idle>-0     [007] d..2   201.959317: sched_switch: prev_comm=swapper/7 prev_pid=0 prev_prio=120 prev_state=R ==> next_comm=UsbFfs-worker next_pid=5280 next_prio=120 prev->cgrp=1 next->cgrp=1 prev->st=1 next->st=1
            adbd-5202  [004] d..2   201.959320: sched_switch: prev_comm=adbd prev_pid=5202 prev_prio=120 prev_state=S ==> next_comm=swapper/4 next_pid=0 next_prio=120 prev->cgrp=1 next->cgrp=1 prev->st=1 next->st=1
          <idle>-0     [004] d.h1   201.959323: irq_entry: irq=320 name=musb-hdrc
   UsbFfs-worker-5280  [007] d..2   201.959324: sched_switch: prev_comm=UsbFfs-worker prev_pid=5280 prev_prio=120 prev_state=S ==> next_comm=swapper/7 next_pid=0 next_prio=120 prev->cgrp=1 next->cgrp=1 prev->st=1 next->st=1
          <idle>-0     [004] d.h1   201.959324: irq_handler_entry: irq=320 name=musb-hdrc
          <idle>-0     [004] d.h4   201.959331: sched_wakeup: comm=kworker/u16:1 pid=117 prio=120 success=1 target_cpu=006 state=R
          <idle>-0     [004] d.h1   201.959332: irq_handler_exit: irq=320 ret=handled
          <idle>-0     [004] d.h1   201.959333: irq_exit: irq=320
          <idle>-0     [006] d..2   201.959334: sched_switch: prev_comm=swapper/6 prev_pid=0 prev_prio=120 prev_state=R ==> next_comm=kworker/u16:1 next_pid=117 next_prio=120 prev->cgrp=1 next->cgrp=1 prev->st=1 next->st=1
   kworker/u16:1-117   [006] d..3   201.959338: sched_wakeup: comm=UsbFfs-worker pid=5280 prio=120 success=1 target_cpu=007 state=R
          <idle>-0     [007] d..2   201.959341: sched_switch: prev_comm=swapper/7 prev_pid=0 prev_prio=120 prev_state=R ==> next_comm=UsbFfs-worker next_pid=5280 next_prio=120 prev->cgrp=1 next->cgrp=1 prev->st=1 next->st=1
   kworker/u16:1-117   [006] d..2   201.959341: sched_switch: prev_comm=kworker/u16:1 prev_pid=117 prev_prio=120 prev_state=D ==> next_comm=swapper/6 next_pid=0 next_prio=120 extra_prev_state=N prev->cgrp=1 next->cgrp=1 prev->st=1 next->st=1
   UsbFfs-worker-5280  [007] d..2   201.959345: sched_switch: prev_comm=UsbFfs-worker prev_pid=5280 prev_prio=120 prev_state=S ==> next_comm=swapper/7 next_pid=0 next_prio=120 prev->cgrp=1 next->cgrp=1 prev->st=1 next->st=1
          <idle>-0     [005] d.h1   201.959766: irq_entry: irq=320 name=musb-hdrc
          <idle>-0     [005] d.h1   201.959767: irq_handler_entry: irq=320 name=musb-hdrc
          <idle>-0     [005] d.h4   201.959773: sched_wakeup: comm=kworker/u16:1 pid=117 prio=120 success=1 target_cpu=006 state=R
          <idle>-0     [005] d.h1   201.959774: irq_handler_exit: irq=320 ret=handled
          <idle>-0     [005] d.h1   201.959774: irq_exit: irq=320
          <idle>-0     [006] d..2   201.959775: sched_switch: prev_comm=swapper/6 prev_pid=0 prev_prio=120 prev_state=R ==> next_comm=kworker/u16:1 next_pid=117 next_prio=120 prev->cgrp=1 next->cgrp=1 prev->st=1 next->st=1
   kworker/u16:1-117   [006] d..3   201.959781: sched_wakeup: comm=UsbFfs-worker pid=5280 prio=120 success=1 target_cpu=007 state=R
          <idle>-0     [007] d..2   201.959783: sched_switch: prev_comm=swapper/7 prev_pid=0 prev_prio=120 prev_state=R ==> next_comm=UsbFfs-worker next_pid=5280 next_prio=120 prev->cgrp=1 next->cgrp=1 prev->st=1 next->st=1
   kworker/u16:1-117   [006] d..2   201.959784: sched_switch: prev_comm=kworker/u16:1 prev_pid=117 prev_prio=120 prev_state=D ==> next_comm=swapper/6 next_pid=0 next_prio=120 extra_prev_state=N prev->cgrp=1 next->cgrp=1 prev->st=1 next->st=1
   UsbFfs-worker-5280  [007] d..4   201.959789: sched_wakeup: comm=adbd pid=5202 prio=120 success=1 target_cpu=004 state=R
          <idle>-0     [004] d..2   201.959790: sched_switch: prev_comm=swapper/4 prev_pid=0 prev_prio=120 prev_state=R ==> next_comm=adbd next_pid=5202 next_prio=120 prev->cgrp=1 next->cgrp=1 prev->st=1 next->st=1
   UsbFfs-worker-5280  [007] d..2   201.959796: sched_switch: prev_comm=UsbFfs-worker prev_pid=5280 prev_prio=120 prev_state=S ==> next_comm=swapper/7 next_pid=0 next_prio=120 prev->cgrp=1 next->cgrp=1 prev->st=1 next->st=1
            adbd-5202  [004] d..3   201.959800: sched_wakeup: comm=UsbFfs-worker pid=5280 prio=120 success=1 target_cpu=007 state=R
          <idle>-0     [007] d..2   201.959801: sched_switch: prev_comm=swapper/7 prev_pid=0 prev_prio=120 prev_state=R ==> next_comm=UsbFfs-worker next_pid=5280 next_prio=120 prev->cgrp=1 next->cgrp=1 prev->st=1 next->st=1
            adbd-5202  [004] d..2   201.959805: sched_switch: prev_comm=adbd prev_pid=5202 prev_prio=120 prev_state=S ==> next_comm=swapper/4 next_pid=0 next_prio=120 prev->cgrp=1 next->cgrp=1 prev->st=1 next->st=1
          <idle>-0     [006] d.h1   201.959807: irq_entry: irq=320 name=musb-hdrc
          <idle>-0     [006] d.h1   201.959808: irq_handler_entry: irq=320 name=musb-hdrc
   UsbFfs-worker-5280  [007] d..2   201.959808: sched_switch: prev_comm=UsbFfs-worker prev_pid=5280 prev_prio=120 prev_state=S ==> next_comm=swapper/7 next_pid=0 next_prio=120 prev->cgrp=1 next->cgrp=1 prev->st=1 next->st=1
          <idle>-0     [006] dnh4   201.959813: sched_wakeup: comm=kworker/u16:1 pid=117 prio=120 success=1 target_cpu=006 state=R
          <idle>-0     [006] dnh1   201.959813: irq_handler_exit: irq=320 ret=handled
          <idle>-0     [006] dnh1   201.959814: irq_exit: irq=320
          <idle>-0     [006] d..2   201.959815: sched_switch: prev_comm=swapper/6 prev_pid=0 prev_prio=120 prev_state=R ==> next_comm=kworker/u16:1 next_pid=117 next_prio=120 prev->cgrp=1 next->cgrp=1 prev->st=1 next->st=1
   kworker/u16:1-117   [006] d..3   201.959818: sched_wakeup: comm=UsbFfs-worker pid=5280 prio=120 success=1 target_cpu=007 state=R
          <idle>-0     [007] d..2   201.959820: sched_switch: prev_comm=swapper/7 prev_pid=0 prev_prio=120 prev_state=R ==> next_comm=UsbFfs-worker next_pid=5280 next_prio=120 prev->cgrp=1 next->cgrp=1 prev->st=1 next->st=1
   kworker/u16:1-117   [006] d..2   201.959821: sched_switch: prev_comm=kworker/u16:1 prev_pid=117 prev_prio=120 prev_state=D ==> next_comm=swapper/6 next_pid=0 next_prio=120 extra_prev_state=N prev->cgrp=1 next->cgrp=1 prev->st=1 next->st=1
   UsbFfs-worker-5280  [007] d..2   201.959824: sched_switch: prev_comm=UsbFfs-worker prev_pid=5280 prev_prio=120 prev_state=S ==> next_comm=swapper/7 next_pid=0 next_prio=120 prev->cgrp=1 next->cgrp=1 prev->st=1 next->st=1
          <idle>-0     [004] d.h1   201.960001: irq_entry: irq=5 name=arch_timer
          <idle>-0     [005] d.h1   201.960001: irq_entry: irq=5 name=arch_timer
          <idle>-0     [006] d.h1   201.960001: irq_entry: irq=5 name=arch_timer
          <idle>-0     [007] d.h1   201.960001: irq_entry: irq=5 name=arch_timer
          <idle>-0     [005] d.h1   201.960002: irq_handler_entry: irq=5 name=arch_timer
          <idle>-0     [006] d.h1   201.960002: irq_handler_entry: irq=5 name=arch_timer
          <idle>-0     [004] d.h1   201.960002: irq_handler_entry: irq=5 name=arch_timer
          <idle>-0     [007] d.h1   201.960002: irq_handler_entry: irq=5 name=arch_timer
          <idle>-0     [007] d.h1   201.960005: softirq_raise: vec=1 [action=TIMER]
          <idle>-0     [005] d.h1   201.960005: softirq_raise: vec=1 [action=TIMER]
          <idle>-0     [006] d.h1   201.960005: softirq_raise: vec=1 [action=TIMER]
          <idle>-0     [005] d.h1   201.960006: softirq_raise: vec=9 [action=RCU]
          <idle>-0     [004] d.h1   201.960006: softirq_raise: vec=1 [action=TIMER]
          <idle>-0     [006] d.h1   201.960006: softirq_raise: vec=9 [action=RCU]
          <idle>-0     [007] d.h1   201.960006: softirq_raise: vec=9 [action=RCU]
          <idle>-0     [004] d.h1   201.960007: softirq_raise: vec=9 [action=RCU]
          <idle>-0     [004] d.h1   201.960008: softirq_raise: vec=7 [action=SCHED]
          <idle>-0     [007] d.h1   201.960008: softirq_raise: vec=7 [action=SCHED]
          <idle>-0     [006] d.h1   201.960008: softirq_raise: vec=7 [action=SCHED]
          <idle>-0     [005] d.h1   201.960011: irq_handler_exit: irq=5 ret=handled
          <idle>-0     [004] d.h1   201.960011: irq_handler_exit: irq=5 ret=handled
          <idle>-0     [006] d.h1   201.960011: irq_handler_exit: irq=5 ret=handled
          <idle>-0     [005] d.h1   201.960011: irq_exit: irq=5
          <idle>-0     [006] d.h1   201.960011: irq_exit: irq=5
          <idle>-0     [007] d.h1   201.960011: irq_handler_exit: irq=5 ret=handled
          <idle>-0     [004] d.h1   201.960012: irq_exit: irq=5
          <idle>-0     [007] d.h1   201.960012: irq_exit: irq=5
          <idle>-0     [004] ..s1   201.960012: softirq_entry: vec=1 [action=TIMER]
          <idle>-0     [005] ..s1   201.960012: softirq_entry: vec=1 [action=TIMER]
          <idle>-0     [007] ..s1   201.960012: softirq_entry: vec=1 [action=TIMER]
          <idle>-0     [006] d.H1   201.960013: irq_entry: irq=2 name=mtk-clkevt
          <idle>-0     [006] d.H1   201.960013: irq_handler_entry: irq=2 name=mtk-clkevt
          <idle>-0     [005] ..s1   201.960014: softirq_exit: vec=1 [action=TIMER]
          <idle>-0     [004] ..s1   201.960014: softirq_exit: vec=1 [action=TIMER]
          <idle>-0     [005] ..s1   201.960014: softirq_entry: vec=9 [action=RCU]
          <idle>-0     [004] ..s1   201.960014: softirq_entry: vec=7 [action=SCHED]
          <idle>-0     [005] ..s1   201.960017: softirq_exit: vec=9 [action=RCU]
          <idle>-0     [007] dns3   201.960017: sched_wakeup: comm=rcu_sched pid=9 prio=120 success=1 target_cpu=007 state=R
          <idle>-0     [007] .ns1   201.960017: softirq_exit: vec=1 [action=TIMER]
          <idle>-0     [007] .ns1   201.960018: softirq_entry: vec=7 [action=SCHED]
          <idle>-0     [004] d.H1   201.960020: irq_entry: irq=320 name=musb-hdrc
          <idle>-0     [006] d.H1   201.960020: irq_handler_exit: irq=2 ret=handled
          <idle>-0     [006] d.H1   201.960020: irq_exit: irq=2
          <idle>-0     [004] d.H1   201.960020: irq_handler_entry: irq=320 name=musb-hdrc
          <idle>-0     [007] .ns1   201.960021: softirq_exit: vec=7 [action=SCHED]
          <idle>-0     [006] ..s1   201.960021: softirq_entry: vec=1 [action=TIMER]
          <idle>-0     [007] .ns1   201.960021: softirq_entry: vec=9 [action=RCU]
          <idle>-0     [007] .ns1   201.960022: softirq_exit: vec=9 [action=RCU]
          <idle>-0     [007] d..2   201.960024: sched_switch: prev_comm=swapper/7 prev_pid=0 prev_prio=120 prev_state=R ==> next_comm=rcu_sched next_pid=9 next_prio=120 prev->cgrp=1 next->cgrp=1 prev->st=1 next->st=1
          <idle>-0     [006] dns3   201.960024: sched_wakeup: comm=rcu_preempt pid=8 prio=120 success=1 target_cpu=006 state=R
          <idle>-0     [006] .ns1   201.960025: softirq_exit: vec=1 [action=TIMER]
          <idle>-0     [006] .ns1   201.960025: softirq_entry: vec=7 [action=SCHED]
          <idle>-0     [004] d.H3   201.960025: sched_migrate_task: comm=kworker/u16:1 pid=117 prio=120 orig_cpu=6 dest_cpu=4 state=W
          <idle>-0     [004] dnH4   201.960028: sched_wakeup: comm=kworker/u16:1 pid=117 prio=120 success=1 target_cpu=004 state=R
          <idle>-0     [004] dnH1   201.960028: irq_handler_exit: irq=320 ret=handled
          <idle>-0     [004] dnH1   201.960030: irq_exit: irq=320
          <idle>-0     [006] .ns1   201.960030: softirq_exit: vec=7 [action=SCHED]
          <idle>-0     [006] .ns1   201.960030: softirq_entry: vec=9 [action=RCU]
       rcu_sched-9     [007] d..2   201.960030: sched_switch: prev_comm=rcu_sched prev_pid=9 prev_prio=120 prev_state=D ==> next_comm=swapper/7 next_pid=0 next_prio=120 extra_prev_state=N prev->cgrp=1 next->cgrp=1 prev->st=1 next->st=1
          <idle>-0     [004] .ns1   201.960031: softirq_exit: vec=7 [action=SCHED]
          <idle>-0     [004] .ns1   201.960031: softirq_entry: vec=9 [action=RCU]
          <idle>-0     [006] .ns1   201.960031: softirq_exit: vec=9 [action=RCU]
          <idle>-0     [004] .ns1   201.960032: softirq_exit: vec=9 [action=RCU]
          <idle>-0     [006] d..2   201.960033: sched_switch: prev_comm=swapper/6 prev_pid=0 prev_prio=120 prev_state=R ==> next_comm=rcu_preempt next_pid=8 next_prio=120 prev->cgrp=1 next->cgrp=1 prev->st=1 next->st=1
          <idle>-0     [004] d..2   201.960034: sched_switch: prev_comm=swapper/4 prev_pid=0 prev_prio=120 prev_state=R ==> next_comm=kworker/u16:1 next_pid=117 next_prio=120 prev->cgrp=1 next->cgrp=1 prev->st=1 next->st=1
     rcu_preempt-8     [006] d..2   201.960038: sched_switch: prev_comm=rcu_preempt prev_pid=8 prev_prio=120 prev_state=D ==> next_comm=swapper/6 next_pid=0 next_prio=120 extra_prev_state=N prev->cgrp=1 next->cgrp=1 prev->st=1 next->st=1
   kworker/u16:1-117   [004] d..3   201.960041: sched_wakeup: comm=UsbFfs-worker pid=5280 prio=120 success=1 target_cpu=007 state=R
   kworker/u16:1-117   [004] d..2   201.960046: sched_switch: prev_comm=kworker/u16:1 prev_pid=117 prev_prio=120 prev_state=D ==> next_comm=swapper/4 next_pid=0 next_prio=120 extra_prev_state=N prev->cgrp=1 next->cgrp=1 prev->st=1 next->st=1
          <idle>-0     [007] d..2   201.960047: sched_switch: prev_comm=swapper/7 prev_pid=0 prev_prio=120 prev_state=R ==> next_comm=UsbFfs-worker next_pid=5280 next_prio=120 prev->cgrp=1 next->cgrp=1 prev->st=1 next->st=1
   UsbFfs-worker-5280  [007] d..4   201.960056: sched_wakeup: comm=adbd pid=5202 prio=120 success=1 target_cpu=004 state=R
          <idle>-0     [004] d..2   201.960057: sched_switch: prev_comm=swapper/4 prev_pid=0 prev_prio=120 prev_state=R ==> next_comm=adbd next_pid=5202 next_prio=120 prev->cgrp=1 next->cgrp=1 prev->st=1 next->st=1
   UsbFfs-worker-5280  [007] d..2   201.960065: sched_switch: prev_comm=UsbFfs-worker prev_pid=5280 prev_prio=120 prev_state=S ==> next_comm=swapper/7 next_pid=0 next_prio=120 prev->cgrp=1 next->cgrp=1 prev->st=1 next->st=1
            adbd-5202  [004] d..2   201.960066: sched_switch: prev_comm=adbd prev_pid=5202 prev_prio=120 prev_state=S ==> next_comm=swapper/4 next_pid=0 next_prio=120 prev->cgrp=1 next->cgrp=1 prev->st=1 next->st=1
          <idle>-0     [005] d.h1   201.964000: irq_entry: irq=5 name=arch_timer
          <idle>-0     [004] d.h1   201.964001: irq_entry: irq=5 name=arch_timer
          <idle>-0     [005] d.h1   201.964001: irq_handler_entry: irq=5 name=arch_timer
          <idle>-0     [004] d.h1   201.964001: irq_handler_entry: irq=5 name=arch_timer
          <idle>-0     [005] d.h1   201.964001: softirq_raise: vec=9 [action=RCU]
          <idle>-0     [005] d.h1   201.964002: irq_handler_exit: irq=5 ret=handled
          <idle>-0     [005] d.h1   201.964003: irq_exit: irq=5
          <idle>-0     [004] d.h1   201.964003: softirq_raise: vec=1 [action=TIMER]
          <idle>-0     [005] ..s1   201.964003: softirq_entry: vec=9 [action=RCU]
          <idle>-0     [004] d.h1   201.964003: softirq_raise: vec=9 [action=RCU]
          <idle>-0     [004] d.h1   201.964005: irq_handler_exit: irq=5 ret=handled
          <idle>-0     [004] d.h1   201.964005: irq_exit: irq=5
          <idle>-0     [004] ..s1   201.964005: softirq_entry: vec=1 [action=TIMER]
          <idle>-0     [004] ..s1   201.964006: softirq_exit: vec=1 [action=TIMER]
          <idle>-0     [004] ..s1   201.964006: softirq_entry: vec=9 [action=RCU]
          <idle>-0     [004] ..s1   201.964008: softirq_exit: vec=9 [action=RCU]
          <idle>-0     [005] ..s1   201.964010: softirq_exit: vec=9 [action=RCU]
          <idle>-0     [007] d.h1   201.964100: irq_entry: irq=2 name=mtk-clkevt
          <idle>-0     [007] d.h1   201.964101: irq_handler_entry: irq=2 name=mtk-clkevt
          <idle>-0     [007] d.h1   201.964107: softirq_raise: vec=1 [action=TIMER]
          <idle>-0     [007] d.h1   201.964108: softirq_raise: vec=9 [action=RCU]
          <idle>-0     [007] d.h1   201.964110: irq_handler_exit: irq=2 ret=handled
          <idle>-0     [007] d.h1   201.964111: irq_exit: irq=2
          <idle>-0     [007] ..s1   201.964111: softirq_entry: vec=1 [action=TIMER]
          <idle>-0     [007] ..s1   201.964112: softirq_exit: vec=1 [action=TIMER]
          <idle>-0     [007] ..s1   201.964113: softirq_entry: vec=9 [action=RCU]
          <idle>-0     [007] ..s1   201.964113: softirq_exit: vec=9 [action=RCU]
          <idle>-0     [006] d.h1   201.964208: softirq_raise: vec=1 [action=TIMER]
          <idle>-0     [006] d.h1   201.964210: softirq_raise: vec=9 [action=RCU]
          <idle>-0     [006] ..s1   201.964213: softirq_entry: vec=1 [action=TIMER]
          <idle>-0     [006] ..s1   201.964214: softirq_exit: vec=1 [action=TIMER]
          <idle>-0     [006] ..s1   201.964214: softirq_entry: vec=9 [action=RCU]
          <idle>-0     [006] d.s4   201.964221: sched_wakeup: comm=rcu_sched pid=9 prio=120 success=1 target_cpu=007 state=R
          <idle>-0     [006] ..s1   201.964222: softirq_exit: vec=9 [action=RCU]
          <idle>-0     [007] d..2   201.964328: sched_switch: prev_comm=swapper/7 prev_pid=0 prev_prio=120 prev_state=R ==> next_comm=rcu_sched next_pid=9 next_prio=120 prev->cgrp=1 next->cgrp=1 prev->st=1 next->st=1
       rcu_sched-9     [007] d..2   201.964336: sched_switch: prev_comm=rcu_sched prev_pid=9 prev_prio=120 prev_state=D ==> next_comm=swapper/7 next_pid=0 next_prio=120 extra_prev_state=N prev->cgrp=1 next->cgrp=1 prev->st=1 next->st=1
          <idle>-0     [005] d.h1   201.968000: irq_entry: irq=5 name=arch_timer
          <idle>-0     [005] d.h1   201.968001: irq_handler_entry: irq=5 name=arch_timer
          <idle>-0     [005] d.h1   201.968001: softirq_raise: vec=1 [action=TIMER]
          <idle>-0     [005] d.h1   201.968001: softirq_raise: vec=9 [action=RCU]
          <idle>-0     [005] d.h1   201.968002: softirq_raise: vec=7 [action=SCHED]
          <idle>-0     [005] d.h1   201.968003: irq_handler_exit: irq=5 ret=handled
          <idle>-0     [005] d.h1   201.968003: irq_exit: irq=5
          <idle>-0     [005] ..s1   201.968004: softirq_entry: vec=1 [action=TIMER]
          <idle>-0     [005] ..s1   201.968004: softirq_exit: vec=1 [action=TIMER]
          <idle>-0     [005] ..s1   201.968004: softirq_entry: vec=7 [action=SCHED]
          <idle>-0     [005] ..s1   201.968008: softirq_exit: vec=7 [action=SCHED]
          <idle>-0     [005] ..s1   201.968008: softirq_entry: vec=9 [action=RCU]
          <idle>-0     [005] ..s1   201.968018: softirq_exit: vec=9 [action=RCU]
          <idle>-0     [004] d.h1   201.968110: irq_entry: irq=2 name=mtk-clkevt
          <idle>-0     [004] d.h1   201.968113: irq_handler_entry: irq=2 name=mtk-clkevt
          <idle>-0     [004] d.h1   201.968122: softirq_raise: vec=1 [action=TIMER]
          <idle>-0     [004] d.h1   201.968123: softirq_raise: vec=9 [action=RCU]
          <idle>-0     [004] d.h1   201.968124: softirq_raise: vec=7 [action=SCHED]
          <idle>-0     [004] d.h1   201.968126: irq_handler_exit: irq=2 ret=handled
          <idle>-0     [004] d.h1   201.968127: irq_exit: irq=2
          <idle>-0     [004] ..s1   201.968127: softirq_entry: vec=1 [action=TIMER]
          <idle>-0     [004] ..s1   201.968128: softirq_exit: vec=1 [action=TIMER]
          <idle>-0     [004] ..s1   201.968128: softirq_entry: vec=7 [action=SCHED]
          <idle>-0     [004] ..s1   201.968137: softirq_exit: vec=7 [action=SCHED]
          <idle>-0     [004] ..s1   201.968137: softirq_entry: vec=9 [action=RCU]
          <idle>-0     [004] ..s1   201.968138: softirq_exit: vec=9 [action=RCU]
          <idle>-0     [006] d.h1   201.968226: softirq_raise: vec=1 [action=TIMER]
          <idle>-0     [007] d.h1   201.968226: softirq_raise: vec=1 [action=TIMER]
          <idle>-0     [007] d.h1   201.968229: softirq_raise: vec=9 [action=RCU]
          <idle>-0     [006] d.h1   201.968229: softirq_raise: vec=9 [action=RCU]
          <idle>-0     [007] d.h1   201.968232: softirq_raise: vec=7 [action=SCHED]
          <idle>-0     [006] d.h1   201.968232: softirq_raise: vec=7 [action=SCHED]
          <idle>-0     [007] ..s1   201.968237: softirq_entry: vec=1 [action=TIMER]
          <idle>-0     [006] ..s1   201.968237: softirq_entry: vec=1 [action=TIMER]
          <idle>-0     [007] ..s1   201.968238: softirq_exit: vec=1 [action=TIMER]
          <idle>-0     [007] ..s1   201.968238: softirq_entry: vec=7 [action=SCHED]
          <idle>-0     [006] dns3   201.968248: sched_wakeup: comm=rcu_preempt pid=8 prio=120 success=1 target_cpu=006 state=R
          <idle>-0     [006] .ns1   201.968249: softirq_exit: vec=1 [action=TIMER]
          <idle>-0     [007] ..s1   201.968249: softirq_exit: vec=7 [action=SCHED]
          <idle>-0     [006] .ns1   201.968250: softirq_entry: vec=7 [action=SCHED]
          <idle>-0     [007] ..s1   201.968250: softirq_entry: vec=9 [action=RCU]
          <idle>-0     [007] ..s1   201.968252: softirq_exit: vec=9 [action=RCU]
          <idle>-0     [006] .ns1   201.968253: softirq_exit: vec=7 [action=SCHED]
          <idle>-0     [006] .ns1   201.968253: softirq_entry: vec=9 [action=RCU]
          <idle>-0     [006] .ns1   201.968254: softirq_exit: vec=9 [action=RCU]
          <idle>-0     [006] d..2   201.968259: sched_switch: prev_comm=swapper/6 prev_pid=0 prev_prio=120 prev_state=R ==> next_comm=rcu_preempt next_pid=8 next_prio=120 prev->cgrp=1 next->cgrp=1 prev->st=1 next->st=1
     rcu_preempt-8     [006] d..2   201.968270: sched_switch: prev_comm=rcu_preempt prev_pid=8 prev_prio=120 prev_state=D ==> next_comm=swapper/6 next_pid=0 next_prio=120 extra_prev_state=N prev->cgrp=1 next->cgrp=1 prev->st=1 next->st=1
          <idle>-0     [005] d.h1   201.972092: irq_entry: irq=2 name=mtk-clkevt
          <idle>-0     [005] d.h1   201.972095: irq_handler_entry: irq=2 name=mtk-clkevt
          <idle>-0     [005] d.h1   201.972103: softirq_raise: vec=1 [action=TIMER]
          <idle>-0     [005] d.h1   201.972104: softirq_raise: vec=9 [action=RCU]
          <idle>-0     [005] d.h1   201.972107: irq_handler_exit: irq=2 ret=handled
          <idle>-0     [005] d.h1   201.972109: irq_exit: irq=2
          <idle>-0     [005] ..s1   201.972110: softirq_entry: vec=1 [action=TIMER]
          <idle>-0     [005] ..s1   201.972110: softirq_exit: vec=1 [action=TIMER]
          <idle>-0     [005] ..s1   201.972111: softirq_entry: vec=9 [action=RCU]
          <idle>-0     [005] ..s1   201.972126: softirq_exit: vec=9 [action=RCU]
          <idle>-0     [004] d.h1   201.972209: softirq_raise: vec=1 [action=TIMER]
          <idle>-0     [006] d.h1   201.972209: softirq_raise: vec=1 [action=TIMER]
          <idle>-0     [007] d.h1   201.972209: softirq_raise: vec=1 [action=TIMER]
          <idle>-0     [004] d.h1   201.972212: softirq_raise: vec=9 [action=RCU]
          <idle>-0     [006] d.h1   201.972212: softirq_raise: vec=9 [action=RCU]
          <idle>-0     [007] d.h1   201.972212: softirq_raise: vec=9 [action=RCU]
          <idle>-0     [007] d.h1   201.972214: softirq_raise: vec=7 [action=SCHED]
          <idle>-0     [004] ..s1   201.972219: softirq_entry: vec=1 [action=TIMER]
          <idle>-0     [006] ..s1   201.972219: softirq_entry: vec=1 [action=TIMER]
          <idle>-0     [007] ..s1   201.972219: softirq_entry: vec=1 [action=TIMER]
          <idle>-0     [004] ..s1   201.972220: softirq_exit: vec=1 [action=TIMER]
          <idle>-0     [006] ..s1   201.972220: softirq_exit: vec=1 [action=TIMER]
          <idle>-0     [006] ..s1   201.972221: softirq_entry: vec=9 [action=RCU]
          <idle>-0     [004] ..s1   201.972221: softirq_entry: vec=9 [action=RCU]
          <idle>-0     [004] ..s1   201.972222: softirq_exit: vec=9 [action=RCU]
          <idle>-0     [006] ..s1   201.972233: softirq_exit: vec=9 [action=RCU]
          <idle>-0     [007] dns3   201.972233: sched_wakeup: comm=rcu_sched pid=9 prio=120 success=1 target_cpu=007 state=R
          <idle>-0     [007] .ns1   201.972234: softirq_exit: vec=1 [action=TIMER]
          <idle>-0     [007] .ns1   201.972234: softirq_entry: vec=7 [action=SCHED]
          <idle>-0     [007] .ns1   201.972236: softirq_exit: vec=7 [action=SCHED]
          <idle>-0     [007] .ns1   201.972236: softirq_entry: vec=9 [action=RCU]
          <idle>-0     [007] .ns1   201.972237: softirq_exit: vec=9 [action=RCU]
          <idle>-0     [007] d..2   201.972243: sched_switch: prev_comm=swapper/7 prev_pid=0 prev_prio=120 prev_state=R ==> next_comm=rcu_sched next_pid=9 next_prio=120 prev->cgrp=1 next->cgrp=1 prev->st=1 next->st=1
       rcu_sched-9     [007] d..2   201.972256: sched_switch: prev_comm=rcu_sched prev_pid=9 prev_prio=120 prev_state=D ==> next_comm=swapper/7 next_pid=0 next_prio=120 extra_prev_state=N prev->cgrp=1 next->cgrp=1 prev->st=1 next->st=1
          <idle>-0     [004] d.h1   201.976133: irq_entry: irq=2 name=mtk-clkevt
          <idle>-0     [004] d.h1   201.976136: irq_handler_entry: irq=2 name=mtk-clkevt
          <idle>-0     [004] d.h1   201.976146: softirq_raise: vec=1 [action=TIMER]
          <idle>-0     [004] d.h1   201.976147: softirq_raise: vec=9 [action=RCU]
          <idle>-0     [004] d.h1   201.976148: softirq_raise: vec=7 [action=SCHED]
          <idle>-0     [004] d.h1   201.976151: irq_handler_exit: irq=2 ret=handled
          <idle>-0     [004] d.h1   201.976153: irq_exit: irq=2
          <idle>-0     [004] ..s1   201.976153: softirq_entry: vec=1 [action=TIMER]
          <idle>-0     [004] ..s1   201.976154: softirq_exit: vec=1 [action=TIMER]
          <idle>-0     [004] ..s1   201.976154: softirq_entry: vec=7 [action=SCHED]
          <idle>-0     [004] ..s1   201.976164: softirq_exit: vec=7 [action=SCHED]
          <idle>-0     [004] ..s1   201.976164: softirq_entry: vec=9 [action=RCU]
          <idle>-0     [004] ..s1   201.976188: softirq_exit: vec=9 [action=RCU]
          <idle>-0     [006] d.h1   201.976245: softirq_raise: vec=1 [action=TIMER]
          <idle>-0     [007] d.h1   201.976245: softirq_raise: vec=1 [action=TIMER]
          <idle>-0     [006] d.h1   201.976247: softirq_raise: vec=9 [action=RCU]
          <idle>-0     [007] d.h1   201.976247: softirq_raise: vec=9 [action=RCU]
          <idle>-0     [006] d.h1   201.976249: softirq_raise: vec=7 [action=SCHED]
          <idle>-0     [007] d.h1   201.976249: softirq_raise: vec=7 [action=SCHED]
          <idle>-0     [006] ..s1   201.976254: softirq_entry: vec=1 [action=TIMER]
          <idle>-0     [007] ..s1   201.976254: softirq_entry: vec=1 [action=TIMER]
          <idle>-0     [007] ..s1   201.976255: softirq_exit: vec=1 [action=TIMER]
          <idle>-0     [007] ..s1   201.976256: softirq_entry: vec=7 [action=SCHED]
          <idle>-0     [007] ..s1   201.976267: softirq_exit: vec=7 [action=SCHED]
          <idle>-0     [007] ..s1   201.976267: softirq_entry: vec=9 [action=RCU]
          <idle>-0     [006] dns3   201.976269: sched_wakeup: comm=rcu_preempt pid=8 prio=120 success=1 target_cpu=006 state=R
          <idle>-0     [007] ..s1   201.976269: softirq_exit: vec=9 [action=RCU]
          <idle>-0     [006] .ns1   201.976270: softirq_exit: vec=1 [action=TIMER]
          <idle>-0     [006] .ns1   201.976270: softirq_entry: vec=7 [action=SCHED]
          <idle>-0     [006] .ns1   201.976273: softirq_exit: vec=7 [action=SCHED]
          <idle>-0     [006] .ns1   201.976274: softirq_entry: vec=9 [action=RCU]
          <idle>-0     [006] .ns1   201.976285: softirq_exit: vec=9 [action=RCU]
          <idle>-0     [006] d..2   201.976292: sched_switch: prev_comm=swapper/6 prev_pid=0 prev_prio=120 prev_state=R ==> next_comm=rcu_preempt next_pid=8 next_prio=120 prev->cgrp=1 next->cgrp=1 prev->st=1 next->st=1
     rcu_preempt-8     [006] d..2   201.976303: sched_switch: prev_comm=rcu_preempt prev_pid=8 prev_prio=120 prev_state=D ==> next_comm=swapper/6 next_pid=0 next_prio=120 extra_prev_state=N prev->cgrp=1 next->cgrp=1 prev->st=1 next->st=1
          <idle>-0     [004] d.h1   201.980137: irq_entry: irq=2 name=mtk-clkevt
          <idle>-0     [004] d.h1   201.980140: irq_handler_entry: irq=2 name=mtk-clkevt
          <idle>-0     [004] d.h1   201.980150: softirq_raise: vec=1 [action=TIMER]
          <idle>-0     [004] d.h1   201.980150: softirq_raise: vec=9 [action=RCU]
          <idle>-0     [004] d.h1   201.980155: irq_handler_exit: irq=2 ret=handled
          <idle>-0     [004] d.h1   201.980157: irq_exit: irq=2
          <idle>-0     [004] ..s1   201.980157: softirq_entry: vec=1 [action=TIMER]
          <idle>-0     [004] ..s1   201.980160: softirq_exit: vec=1 [action=TIMER]
          <idle>-0     [004] ..s1   201.980161: softirq_entry: vec=9 [action=RCU]
          <idle>-0     [004] d.s4   201.980175: sched_wakeup: comm=rcu_preempt pid=8 prio=120 success=1 target_cpu=006 state=R
          <idle>-0     [004] ..s1   201.980176: softirq_exit: vec=9 [action=RCU]
          <idle>-0     [007] d.h1   201.980251: softirq_raise: vec=1 [action=TIMER]
          <idle>-0     [007] d.h1   201.980253: softirq_raise: vec=9 [action=RCU]
          <idle>-0     [007] ..s1   201.980260: softirq_entry: vec=1 [action=TIMER]
          <idle>-0     [007] dns3   201.980278: sched_wakeup: comm=rcu_sched pid=9 prio=120 success=1 target_cpu=007 state=R
          <idle>-0     [006] d..2   201.980278: sched_switch: prev_comm=swapper/6 prev_pid=0 prev_prio=120 prev_state=R ==> next_comm=rcu_preempt next_pid=8 next_prio=120 prev->cgrp=1 next->cgrp=1 prev->st=1 next->st=1
          <idle>-0     [007] .ns1   201.980279: softirq_exit: vec=1 [action=TIMER]
          <idle>-0     [007] .ns1   201.980279: softirq_entry: vec=9 [action=RCU]
          <idle>-0     [007] .ns1   201.980281: softirq_exit: vec=9 [action=RCU]
          <idle>-0     [007] d..2   201.980284: sched_switch: prev_comm=swapper/7 prev_pid=0 prev_prio=120 prev_state=R ==> next_comm=rcu_sched next_pid=9 next_prio=120 prev->cgrp=1 next->cgrp=1 prev->st=1 next->st=1
       rcu_sched-9     [007] d..2   201.980291: sched_switch: prev_comm=rcu_sched prev_pid=9 prev_prio=120 prev_state=D ==> next_comm=swapper/7 next_pid=0 next_prio=120 extra_prev_state=N prev->cgrp=1 next->cgrp=1 prev->st=1 next->st=1
     rcu_preempt-8     [006] d..2   201.980291: sched_switch: prev_comm=rcu_preempt prev_pid=8 prev_prio=120 prev_state=D ==> next_comm=swapper/6 next_pid=0 next_prio=120 extra_prev_state=N prev->cgrp=1 next->cgrp=1 prev->st=1 next->st=1
          <idle>-0     [004] d.h1   201.984132: irq_entry: irq=2 name=mtk-clkevt
          <idle>-0     [004] d.h1   201.984135: irq_handler_entry: irq=2 name=mtk-clkevt
          <idle>-0     [004] d.h1   201.984146: softirq_raise: vec=1 [action=TIMER]
          <idle>-0     [004] d.h1   201.984146: softirq_raise: vec=9 [action=RCU]
          <idle>-0     [004] d.h1   201.984148: softirq_raise: vec=7 [action=SCHED]
          <idle>-0     [004] dnh4   201.984164: sched_wakeup: comm=kworker/4:1 pid=50 prio=120 success=1 target_cpu=004 state=R
          <idle>-0     [004] dnh1   201.984167: irq_handler_exit: irq=2 ret=handled
          <idle>-0     [004] dnh1   201.984169: irq_exit: irq=2
          <idle>-0     [004] .ns1   201.984170: softirq_entry: vec=1 [action=TIMER]
          <idle>-0     [004] .ns1   201.984171: softirq_exit: vec=1 [action=TIMER]
          <idle>-0     [004] .ns1   201.984172: softirq_entry: vec=7 [action=SCHED]
          <idle>-0     [004] .ns1   201.984175: softirq_exit: vec=7 [action=SCHED]
          <idle>-0     [004] .ns1   201.984175: softirq_entry: vec=9 [action=RCU]
          <idle>-0     [004] .ns1   201.984177: softirq_exit: vec=9 [action=RCU]
          <idle>-0     [004] d..2   201.984180: sched_switch: prev_comm=swapper/4 prev_pid=0 prev_prio=120 prev_state=R ==> next_comm=kworker/4:1 next_pid=50 next_prio=120 prev->cgrp=1 next->cgrp=1 prev->st=1 next->st=1
     kworker/4:1-50    [004] d..2   201.984188: sched_switch: prev_comm=kworker/4:1 prev_pid=50 prev_prio=120 prev_state=D ==> next_comm=swapper/4 next_pid=0 next_prio=120 extra_prev_state=N prev->cgrp=1 next->cgrp=1 prev->st=1 next->st=1
          <idle>-0     [006] d.h1   201.988147: irq_entry: irq=2 name=mtk-clkevt
          <idle>-0     [006] d.h1   201.988152: irq_handler_entry: irq=2 name=mtk-clkevt
          <idle>-0     [006] d.h1   201.988162: softirq_raise: vec=1 [action=TIMER]
          <idle>-0     [006] d.h1   201.988163: softirq_raise: vec=9 [action=RCU]
          <idle>-0     [006] d.h1   201.988165: softirq_raise: vec=7 [action=SCHED]
          <idle>-0     [006] d.h1   201.988168: irq_handler_exit: irq=2 ret=handled
          <idle>-0     [006] d.h1   201.988170: irq_exit: irq=2
          <idle>-0     [006] ..s1   201.988170: softirq_entry: vec=1 [action=TIMER]
          <idle>-0     [006] dns3   201.988189: sched_wakeup: comm=rcu_preempt pid=8 prio=120 success=1 target_cpu=006 state=R
          <idle>-0     [006] dns3   201.988208: sched_wakeup: comm=krtatm pid=296 prio=100 success=1 target_cpu=005 state=R
          <idle>-0     [006] .ns1   201.988210: softirq_exit: vec=1 [action=TIMER]
          <idle>-0     [006] .ns1   201.988211: softirq_entry: vec=7 [action=SCHED]
          <idle>-0     [006] .ns1   201.988217: softirq_exit: vec=7 [action=SCHED]
          <idle>-0     [006] .ns1   201.988218: softirq_entry: vec=9 [action=RCU]
          <idle>-0     [006] dns4   201.988222: sched_wakeup: comm=rcu_sched pid=9 prio=120 success=1 target_cpu=007 state=R
          <idle>-0     [006] .ns1   201.988224: softirq_exit: vec=9 [action=RCU]
          <idle>-0     [006] d..2   201.988232: sched_switch: prev_comm=swapper/6 prev_pid=0 prev_prio=120 prev_state=R ==> next_comm=rcu_preempt next_pid=8 next_prio=120 prev->cgrp=1 next->cgrp=1 prev->st=1 next->st=1
     rcu_preempt-8     [006] d..2   201.988244: sched_switch: prev_comm=rcu_preempt prev_pid=8 prev_prio=120 prev_state=D ==> next_comm=swapper/6 next_pid=0 next_prio=120 extra_prev_state=N prev->cgrp=1 next->cgrp=1 prev->st=1 next->st=1
          <idle>-0     [004] d.h1   201.988245: softirq_raise: vec=1 [action=TIMER]
          <idle>-0     [004] d.h1   201.988247: softirq_raise: vec=9 [action=RCU]
          <idle>-0     [004] ..s1   201.988250: softirq_entry: vec=1 [action=TIMER]
          <idle>-0     [004] ..s1   201.988251: softirq_exit: vec=1 [action=TIMER]
          <idle>-0     [004] ..s1   201.988251: softirq_entry: vec=9 [action=RCU]
          <idle>-0     [004] ..s1   201.988256: softirq_exit: vec=9 [action=RCU]
          <idle>-0     [007] dnh1   201.988257: softirq_raise: vec=1 [action=TIMER]
          <idle>-0     [007] dnh1   201.988258: softirq_raise: vec=9 [action=RCU]
          <idle>-0     [007] dnh1   201.988259: softirq_raise: vec=7 [action=SCHED]
          <idle>-0     [007] .ns1   201.988262: softirq_entry: vec=1 [action=TIMER]
          <idle>-0     [007] .ns1   201.988263: softirq_exit: vec=1 [action=TIMER]
          <idle>-0     [007] .ns1   201.988263: softirq_entry: vec=7 [action=SCHED]
          <idle>-0     [007] .ns1   201.988265: softirq_exit: vec=7 [action=SCHED]
          <idle>-0     [007] .ns1   201.988266: softirq_entry: vec=9 [action=RCU]
          <idle>-0     [007] .ns1   201.988266: softirq_exit: vec=9 [action=RCU]
          <idle>-0     [007] d..2   201.988271: sched_switch: prev_comm=swapper/7 prev_pid=0 prev_prio=120 prev_state=R ==> next_comm=rcu_sched next_pid=9 next_prio=120 prev->cgrp=1 next->cgrp=1 prev->st=1 next->st=1
       rcu_sched-9     [007] d..2   201.988277: sched_switch: prev_comm=rcu_sched prev_pid=9 prev_prio=120 prev_state=D ==> next_comm=swapper/7 next_pid=0 next_prio=120 extra_prev_state=N prev->cgrp=1 next->cgrp=1 prev->st=1 next->st=1
          <idle>-0     [005] d..2   201.988303: sched_switch: prev_comm=swapper/5 prev_pid=0 prev_prio=120 prev_state=R ==> next_comm=krtatm next_pid=296 next_prio=100 prev->cgrp=1 next->cgrp=1 prev->st=1 next->st=1
          krtatm-296   [005] d..2   201.988311: sched_switch: prev_comm=krtatm prev_pid=296 prev_prio=100 prev_state=S ==> next_comm=swapper/5 next_pid=0 next_prio=120 prev->cgrp=1 next->cgrp=1 prev->st=1 next->st=1
          <idle>-0     [002] d.h1   201.988351: softirq_raise: vec=7 [action=SCHED]
          <idle>-0     [002] ..s1   201.988354: softirq_entry: vec=7 [action=SCHED]
          <idle>-0     [002] ..s1   201.988385: softirq_exit: vec=7 [action=SCHED]
          <idle>-0     [006] d.h1   201.996655: irq_entry: irq=2 name=mtk-clkevt
          <idle>-0     [006] d.h1   201.996661: irq_handler_entry: irq=2 name=mtk-clkevt
          <idle>-0     [006] d.h1   201.996672: softirq_raise: vec=1 [action=TIMER]
          <idle>-0     [006] d.h1   201.996673: softirq_raise: vec=9 [action=RCU]
          <idle>-0     [006] d.h1   201.996677: softirq_raise: vec=7 [action=SCHED]
          <idle>-0     [006] d.h1   201.996680: irq_handler_exit: irq=2 ret=handled
          <idle>-0     [006] d.h1   201.996681: irq_exit: irq=2
          <idle>-0     [006] ..s1   201.996682: softirq_entry: vec=1 [action=TIMER]
          <idle>-0     [006] dns3   201.996702: sched_wakeup: comm=rcu_preempt pid=8 prio=120 success=1 target_cpu=006 state=R
          <idle>-0     [006] .ns1   201.996704: softirq_exit: vec=1 [action=TIMER]
          <idle>-0     [006] .ns1   201.996705: softirq_entry: vec=7 [action=SCHED]
          <idle>-0     [006] .ns1   201.996713: softirq_exit: vec=7 [action=SCHED]
          <idle>-0     [006] .ns1   201.996713: softirq_entry: vec=9 [action=RCU]
          <idle>-0     [006] .ns1   201.996715: softirq_exit: vec=9 [action=RCU]
          <idle>-0     [006] d..2   201.996725: sched_switch: prev_comm=swapper/6 prev_pid=0 prev_prio=120 prev_state=R ==> next_comm=rcu_preempt next_pid=8 next_prio=120 prev->cgrp=1 next->cgrp=1 prev->st=1 next->st=1
     rcu_preempt-8     [006] d..2   201.996738: sched_switch: prev_comm=rcu_preempt prev_pid=8 prev_prio=120 prev_state=D ==> next_comm=swapper/6 next_pid=0 next_prio=120 extra_prev_state=N prev->cgrp=1 next->cgrp=1 prev->st=1 next->st=1
          <idle>-0     [000] d.h1   202.092936: irq_entry: irq=2 name=mtk-clkevt
          <idle>-0     [000] d.h1   202.092947: irq_handler_entry: irq=2 name=mtk-clkevt
          <idle>-0     [000] dnh5   202.093016: sched_wakeup: comm=servicemanager pid=479 prio=120 success=1 target_cpu=000 state=R
          <idle>-0     [000] dnh1   202.093021: irq_handler_exit: irq=2 ret=handled
          <idle>-0     [002] d.h1   202.093024: softirq_raise: vec=7 [action=SCHED]
          <idle>-0     [000] dnh1   202.093025: irq_exit: irq=2
          <idle>-0     [002] ..s1   202.093029: softirq_entry: vec=7 [action=SCHED]
          <idle>-0     [000] d..2   202.093049: sched_switch: prev_comm=swapper/0 prev_pid=0 prev_prio=120 prev_state=R ==> next_comm=servicemanager next_pid=479 next_prio=120 prev->cgrp=1 next->cgrp=4 prev->st=1 next->st=1
          <idle>-0     [002] ..s1   202.093062: softirq_exit: vec=7 [action=SCHED]
  servicemanager-479   [000] d..2   202.093213: sched_switch: prev_comm=servicemanager prev_pid=479 prev_prio=120 prev_state=S ==> next_comm=swapper/0 next_pid=0 next_prio=120 prev->cgrp=4 next->cgrp=1 prev->st=1 next->st=1
          <idle>-0     [000] d.h1   202.094533: irq_entry: irq=5 name=arch_timer
          <idle>-0     [000] d.h1   202.094535: irq_handler_entry: irq=5 name=arch_timer
          <idle>-0     [000] dnh5   202.094546: sched_wakeup: comm=hwservicemanage pid=480 prio=120 success=1 target_cpu=000 state=R
          <idle>-0     [000] dnh1   202.094549: irq_handler_exit: irq=5 ret=handled
          <idle>-0     [000] dnh1   202.094550: irq_exit: irq=5
          <idle>-0     [000] d..2   202.094554: sched_switch: prev_comm=swapper/0 prev_pid=0 prev_prio=120 prev_state=R ==> next_comm=hwservicemanage next_pid=480 next_prio=120 prev->cgrp=1 next->cgrp=4 prev->st=1 next->st=1
 hwservicemanage-480   [000] d..2   202.094743: sched_switch: prev_comm=hwservicemanage prev_pid=480 prev_prio=120 prev_state=S ==> next_comm=swapper/0 next_pid=0 next_prio=120 prev->cgrp=4 next->cgrp=1 prev->st=1 next->st=1
          <idle>-0     [002] d.h1   202.098633: irq_entry: irq=2 name=mtk-clkevt
          <idle>-0     [002] d.h1   202.098645: irq_handler_entry: irq=2 name=mtk-clkevt
          <idle>-0     [002] dnh5   202.098708: sched_wakeup: comm=vndservicemanag pid=481 prio=120 success=1 target_cpu=002 state=R
          <idle>-0     [002] dnh1   202.098713: irq_handler_exit: irq=2 ret=handled
          <idle>-0     [002] dnh1   202.098717: irq_exit: irq=2
          <idle>-0     [002] d..2   202.098740: sched_switch: prev_comm=swapper/2 prev_pid=0 prev_prio=120 prev_state=R ==> next_comm=vndservicemanag next_pid=481 next_prio=120 prev->cgrp=1 next->cgrp=4 prev->st=1 next->st=1
 vndservicemanag-481   [002] d..2   202.098807: sched_switch: prev_comm=vndservicemanag prev_pid=481 prev_prio=120 prev_state=S ==> next_comm=swapper/2 next_pid=0 next_prio=120 prev->cgrp=4 next->cgrp=1 prev->st=1 next->st=1
          <idle>-0     [006] d.h1   202.102834: irq_entry: irq=2 name=mtk-clkevt
          <idle>-0     [006] d.h1   202.102841: irq_handler_entry: irq=2 name=mtk-clkevt
          <idle>-0     [006] dnh4   202.102885: sched_wakeup: comm=charger_thread pid=397 prio=120 success=1 target_cpu=006 state=R
          <idle>-0     [006] dnh1   202.102887: irq_handler_exit: irq=2 ret=handled
          <idle>-0     [006] dnh1   202.102888: irq_exit: irq=2
          <idle>-0     [006] d..2   202.102899: sched_switch: prev_comm=swapper/6 prev_pid=0 prev_prio=120 prev_state=R ==> next_comm=charger_thread next_pid=397 next_prio=120 prev->cgrp=1 next->cgrp=1 prev->st=1 next->st=1
  charger_thread-397   [006] d.h.   202.104001: irq_entry: irq=5 name=arch_timer
  charger_thread-397   [006] d.h.   202.104002: irq_handler_entry: irq=5 name=arch_timer
  charger_thread-397   [006] d.h.   202.104007: softirq_raise: vec=1 [action=TIMER]
  charger_thread-397   [006] d.h.   202.104013: softirq_raise: vec=7 [action=SCHED]
  charger_thread-397   [006] d.h3   202.104021: sched_wakeup: comm=kworker/6:1 pid=119 prio=120 success=1 target_cpu=006 state=R
  charger_thread-397   [006] d.h.   202.104025: irq_handler_exit: irq=5 ret=handled
  charger_thread-397   [006] d.h.   202.104026: irq_exit: irq=5
  charger_thread-397   [006] ..s.   202.104027: softirq_entry: vec=1 [action=TIMER]
  charger_thread-397   [006] ..s.   202.104029: softirq_exit: vec=1 [action=TIMER]
  charger_thread-397   [006] ..s.   202.104029: softirq_entry: vec=7 [action=SCHED]
  charger_thread-397   [006] ..s.   202.104033: softirq_exit: vec=7 [action=SCHED]
  charger_thread-397   [006] d..2   202.104435: sched_switch: prev_comm=charger_thread prev_pid=397 prev_prio=120 prev_state=D ==> next_comm=kworker/6:1 next_pid=119 next_prio=120 prev->cgrp=1 next->cgrp=1 prev->st=1 next->st=1
     kworker/6:1-119   [006] d..2   202.104456: sched_switch: prev_comm=kworker/6:1 prev_pid=119 prev_prio=120 prev_state=D ==> next_comm=swapper/6 next_pid=0 next_prio=120 extra_prev_state=N prev->cgrp=1 next->cgrp=1 prev->st=1 next->st=1
          <idle>-0     [006] d.h1   202.104630: irq_entry: irq=5 name=arch_timer
          <idle>-0     [006] d.h1   202.104631: irq_handler_entry: irq=5 name=arch_timer
