          <idle>-0     [005] d.h1   199.900679: irq_entry: irq=2 name=mtk-clkevt
          <idle>-0     [005] d.h1   199.900686: irq_handler_entry: irq=2 name=mtk-clkevt
          <idle>-0     [005] d.h1   199.900697: softirq_raise: vec=1 [action=TIMER]
          <idle>-0     [005] d.h1   199.900698: softirq_raise: vec=9 [action=RCU]
          <idle>-0     [005] d.h1   199.900701: softirq_raise: vec=7 [action=SCHED]
          <idle>-0     [005] dnh4   199.900723: sched_wakeup: comm=kworker/5:2 pid=413 prio=120 success=1 target_cpu=005 state=R
          <idle>-0     [005] dnh1   199.900726: irq_handler_exit: irq=2 ret=handled
          <idle>-0     [005] dnh1   199.900731: irq_exit: irq=2
          <idle>-0     [005] .ns1   199.900732: softirq_entry: vec=1 [action=TIMER]
          <idle>-0     [005] .ns1   199.900735: softirq_exit: vec=1 [action=TIMER]
          <idle>-0     [005] .ns1   199.900735: softirq_entry: vec=7 [action=SCHED]
          <idle>-0     [005] .ns1   199.900745: softirq_exit: vec=7 [action=SCHED]
          <idle>-0     [005] .ns1   199.900745: softirq_entry: vec=9 [action=RCU]
          <idle>-0     [005] .ns1   199.900747: softirq_exit: vec=9 [action=RCU]
          <idle>-0     [005] d..2   199.900757: sched_switch: prev_comm=swapper/5 prev_pid=0 prev_prio=120 prev_state=R ==> next_comm=kworker/5:2 next_pid=413 next_prio=120 prev->cgrp=1 next->cgrp=1 prev->st=1 next->st=1
     kworker/5:2-413   [005] d..2   199.900770: sched_switch: prev_comm=kworker/5:2 prev_pid=413 prev_prio=120 prev_state=D ==> next_comm=swapper/5 next_pid=0 next_prio=120 extra_prev_state=N prev->cgrp=1 next->cgrp=1 prev->st=1 next->st=1
          <idle>-0     [004] d.h1   199.932681: irq_entry: irq=2 name=mtk-clkevt
          <idle>-0     [004] d.h1   199.932687: irq_handler_entry: irq=2 name=mtk-clkevt
          <idle>-0     [004] d.h1   199.932698: softirq_raise: vec=1 [action=TIMER]
          <idle>-0     [004] d.h1   199.932698: softirq_raise: vec=9 [action=RCU]
          <idle>-0     [004] d.h1   199.932702: softirq_raise: vec=7 [action=SCHED]
          <idle>-0     [004] dnh4   199.932724: sched_wakeup: comm=kworker/4:1 pid=50 prio=120 success=1 target_cpu=004 state=R
          <idle>-0     [004] dnh1   199.932728: irq_handler_exit: irq=2 ret=handled
          <idle>-0     [004] dnh1   199.932732: irq_exit: irq=2
          <idle>-0     [004] .ns1   199.932733: softirq_entry: vec=1 [action=TIMER]
          <idle>-0     [004] .ns1   199.932738: softirq_exit: vec=1 [action=TIMER]
          <idle>-0     [004] .ns1   199.932738: softirq_entry: vec=7 [action=SCHED]
          <idle>-0     [004] .ns1   199.932747: softirq_exit: vec=7 [action=SCHED]
          <idle>-0     [004] .ns1   199.932748: softirq_entry: vec=9 [action=RCU]
          <idle>-0     [004] .ns1   199.932750: softirq_exit: vec=9 [action=RCU]
          <idle>-0     [004] d..2   199.932760: sched_switch: prev_comm=swapper/4 prev_pid=0 prev_prio=120 prev_state=R ==> next_comm=kworker/4:1 next_pid=50 next_prio=120 prev->cgrp=1 next->cgrp=1 prev->st=1 next->st=1
     kworker/4:1-50    [004] d..2   199.932785: sched_switch: prev_comm=kworker/4:1 prev_pid=50 prev_prio=120 prev_state=D ==> next_comm=swapper/4 next_pid=0 next_prio=120 extra_prev_state=N prev->cgrp=1 next->cgrp=1 prev->st=1 next->st=1
          <idle>-0     [004] d.h1   200.124681: irq_entry: irq=2 name=mtk-clkevt
          <idle>-0     [004] d.h1   200.124687: irq_handler_entry: irq=2 name=mtk-clkevt
          <idle>-0     [004] d.h1   200.124698: softirq_raise: vec=1 [action=TIMER]
          <idle>-0     [004] d.h1   200.124699: softirq_raise: vec=9 [action=RCU]
          <idle>-0     [004] d.h1   200.124703: softirq_raise: vec=7 [action=SCHED]
          <idle>-0     [004] dnh4   200.124724: sched_wakeup: comm=kworker/4:1 pid=50 prio=120 success=1 target_cpu=004 state=R
          <idle>-0     [004] dnh1   200.124728: irq_handler_exit: irq=2 ret=handled
          <idle>-0     [004] dnh1   200.124730: irq_exit: irq=2
          <idle>-0     [004] .ns1   200.124731: softirq_entry: vec=1 [action=TIMER]
          <idle>-0     [004] dns3   200.124742: sched_migrate_task: comm=kworker/u16:1 pid=117 prio=120 orig_cpu=4 dest_cpu=5 state=W
          <idle>-0     [004] dns4   200.124746: sched_wakeup: comm=kworker/u16:1 pid=117 prio=120 success=1 target_cpu=005 state=R
          <idle>-0     [004] .ns1   200.124749: softirq_exit: vec=1 [action=TIMER]
          <idle>-0     [004] .ns1   200.124749: softirq_entry: vec=7 [action=SCHED]
          <idle>-0     [004] .ns1   200.124758: softirq_exit: vec=7 [action=SCHED]
          <idle>-0     [004] .ns1   200.124758: softirq_entry: vec=9 [action=RCU]
          <idle>-0     [004] .ns1   200.124760: softirq_exit: vec=9 [action=RCU]
          <idle>-0     [004] d..2   200.124770: sched_switch: prev_comm=swapper/4 prev_pid=0 prev_prio=120 prev_state=R ==> next_comm=kworker/4:1 next_pid=50 next_prio=120 prev->cgrp=1 next->cgrp=1 prev->st=1 next->st=1
          <idle>-0     [002] d.h1   200.124781: softirq_raise: vec=7 [action=SCHED]
          <idle>-0     [002] ..s1   200.124784: softirq_entry: vec=7 [action=SCHED]
     kworker/4:1-50    [004] d..2   200.124798: sched_switch: prev_comm=kworker/4:1 prev_pid=50 prev_prio=120 prev_state=D ==> next_comm=swapper/4 next_pid=0 next_prio=120 extra_prev_state=N prev->cgrp=1 next->cgrp=1 prev->st=1 next->st=1
          <idle>-0     [002] ..s1   200.124804: softirq_exit: vec=7 [action=SCHED]
          <idle>-0     [005] d..2   200.124850: sched_switch: prev_comm=swapper/5 prev_pid=0 prev_prio=120 prev_state=R ==> next_comm=kworker/u16:1 next_pid=117 next_prio=120 prev->cgrp=1 next->cgrp=1 prev->st=1 next->st=1
   kworker/u16:1-117   [005] d..2   200.124874: sched_switch: prev_comm=kworker/u16:1 prev_pid=117 prev_prio=120 prev_state=D ==> next_comm=swapper/5 next_pid=0 next_prio=120 extra_prev_state=N prev->cgrp=1 next->cgrp=1 prev->st=1 next->st=1
          <idle>-0     [001] d.h1   200.131767: irq_entry: irq=2 name=mtk-clkevt
          <idle>-0     [001] d.h1   200.131779: irq_handler_entry: irq=2 name=mtk-clkevt
          <idle>-0     [001] dnh3   200.131823: sched_wakeup: comm=SWWatchDog pid=1115 prio=97 success=1 target_cpu=001 state=R
          <idle>-0     [001] dnh1   200.131828: irq_handler_exit: irq=2 ret=handled
          <idle>-0     [001] dnh1   200.131832: irq_exit: irq=2
          <idle>-0     [001] d..2   200.131851: sched_switch: prev_comm=swapper/1 prev_pid=0 prev_prio=120 prev_state=R ==> next_comm=SWWatchDog next_pid=1115 next_prio=97 prev->cgrp=1 next->cgrp=4 prev->st=1 next->st=2
      SWWatchDog-1115  [001] d..2   200.131930: sched_switch: prev_comm=SWWatchDog prev_pid=1115 prev_prio=97 prev_state=S ==> next_comm=swapper/1 next_pid=0 next_prio=120 prev->cgrp=4 next->cgrp=1 prev->st=2 next->st=1
          <idle>-0     [003] d.h1   200.169480: irq_entry: irq=2 name=mtk-clkevt
          <idle>-0     [003] d.h1   200.169492: irq_handler_entry: irq=2 name=mtk-clkevt
          <idle>-0     [003] dnh3   200.169557: sched_wakeup: comm=storaged pid=3391 prio=130 success=1 target_cpu=003 state=R
          <idle>-0     [001] d.h1   200.169557: softirq_raise: vec=7 [action=SCHED]
          <idle>-0     [003] dnh1   200.169561: irq_handler_exit: irq=2 ret=handled
          <idle>-0     [001] ..s1   200.169562: softirq_entry: vec=7 [action=SCHED]
          <idle>-0     [003] dnh1   200.169571: irq_exit: irq=2
          <idle>-0     [003] d..2   200.169591: sched_switch: prev_comm=swapper/3 prev_pid=0 prev_prio=120 prev_state=R ==> next_comm=storaged next_pid=3391 next_prio=130 prev->cgrp=1 next->cgrp=4 prev->st=1 next->st=1
          <idle>-0     [001] ..s1   200.169594: softirq_exit: vec=7 [action=SCHED]
        storaged-3391  [003] d..2   200.169710: sched_switch: prev_comm=storaged prev_pid=3391 prev_prio=130 prev_state=S ==> next_comm=swapper/3 next_pid=0 next_prio=120 prev->cgrp=4 next->cgrp=1 prev->st=1 next->st=1
          <idle>-0     [007] dnh2   200.169784: sched_wakeup: comm=health@2.1-serv pid=611 prio=120 success=1 target_cpu=007 state=R
          <idle>-0     [007] d..2   200.169790: sched_switch: prev_comm=swapper/7 prev_pid=0 prev_prio=120 prev_state=R ==> next_comm=health@2.1-serv next_pid=611 next_prio=120 prev->cgrp=1 next->cgrp=1 prev->st=1 next->st=1
 health@2.1-serv-611   [007] d..2   200.169856: sched_switch: prev_comm=health@2.1-serv prev_pid=611 prev_prio=120 prev_state=S ==> next_comm=swapper/7 next_pid=0 next_prio=120 prev->cgrp=1 next->cgrp=1 prev->st=1 next->st=1
          <idle>-0     [003] dnh2   200.169881: sched_wakeup: comm=storaged pid=3391 prio=130 success=1 target_cpu=003 state=R
          <idle>-0     [003] d..2   200.169897: sched_switch: prev_comm=swapper/3 prev_pid=0 prev_prio=120 prev_state=R ==> next_comm=storaged next_pid=3391 next_prio=130 prev->cgrp=1 next->cgrp=4 prev->st=1 next->st=1
        storaged-3391  [003] d..2   200.170010: sched_switch: prev_comm=storaged prev_pid=3391 prev_prio=130 prev_state=S ==> next_comm=swapper/3 next_pid=0 next_prio=120 prev->cgrp=4 next->cgrp=1 prev->st=1 next->st=1
          <idle>-0     [003] d.h1   200.272542: irq_entry: irq=256 name=CCIF_AP_DATA
          <idle>-0     [003] d.h1   200.272553: irq_handler_entry: irq=256 name=CCIF_AP_DATA
          <idle>-0     [003] d.h1   200.272591: irq_handler_exit: irq=256 ret=handled
          <idle>-0     [003] d.h1   200.272595: irq_exit: irq=256
          <idle>-0     [001] d.h1   200.272622: softirq_raise: vec=7 [action=SCHED]
          <idle>-0     [001] ..s1   200.272626: softirq_entry: vec=7 [action=SCHED]
          <idle>-0     [001] ..s1   200.272663: softirq_exit: vec=7 [action=SCHED]
          <idle>-0     [005] dnh2   200.272692: sched_wakeup: comm=kworker/u17:1 pid=365 prio=100 success=1 target_cpu=005 state=R
          <idle>-0     [005] d..2   200.272705: sched_switch: prev_comm=swapper/5 prev_pid=0 prev_prio=120 prev_state=R ==> next_comm=kworker/u17:1 next_pid=365 next_prio=100 prev->cgrp=1 next->cgrp=1 prev->st=1 next->st=1
   kworker/u17:1-365   [005] d..3   200.272722: sched_wakeup: comm=gsm0710muxd pid=1564 prio=120 success=1 target_cpu=006 state=R
   kworker/u17:1-365   [005] d..2   200.272732: sched_switch: prev_comm=kworker/u17:1 prev_pid=365 prev_prio=100 prev_state=D ==> next_comm=swapper/5 next_pid=0 next_prio=120 extra_prev_state=N prev->cgrp=1 next->cgrp=1 prev->st=1 next->st=1
          <idle>-0     [006] d..2   200.272870: sched_switch: prev_comm=swapper/6 prev_pid=0 prev_prio=120 prev_state=R ==> next_comm=gsm0710muxd next_pid=1564 next_prio=120 prev->cgrp=1 next->cgrp=1 prev->st=1 next->st=1
     gsm0710muxd-1564  [006] d..2   200.272945: sched_wakeup: comm=gsm0710muxd pid=1563 prio=120 success=1 target_cpu=005 state=R
     gsm0710muxd-1564  [006] d..2   200.272962: sched_switch: prev_comm=gsm0710muxd prev_pid=1564 prev_prio=120 prev_state=S ==> next_comm=swapper/6 next_pid=0 next_prio=120 prev->cgrp=1 next->cgrp=1 prev->st=1 next->st=1
          <idle>-0     [005] d..2   200.273057: sched_switch: prev_comm=swapper/5 prev_pid=0 prev_prio=120 prev_state=R ==> next_comm=gsm0710muxd next_pid=1563 next_prio=120 prev->cgrp=1 next->cgrp=1 prev->st=1 next->st=1
     gsm0710muxd-1563  [005] d..3   200.273110: sched_migrate_task: comm=kworker/u16:1 pid=117 prio=120 orig_cpu=5 dest_cpu=4 state=W
     gsm0710muxd-1563  [005] d..4   200.273123: sched_wakeup: comm=kworker/u16:1 pid=117 prio=120 success=1 target_cpu=004 state=R
     gsm0710muxd-1563  [005] d..2   200.273147: sched_switch: prev_comm=gsm0710muxd prev_pid=1563 prev_prio=120 prev_state=S ==> next_comm=swapper/5 next_pid=0 next_prio=120 prev->cgrp=1 next->cgrp=1 prev->st=1 next->st=1
          <idle>-0     [004] d..2   200.273238: sched_switch: prev_comm=swapper/4 prev_pid=0 prev_prio=120 prev_state=R ==> next_comm=kworker/u16:1 next_pid=117 next_prio=120 prev->cgrp=1 next->cgrp=1 prev->st=1 next->st=1
   kworker/u16:1-117   [004] d..3   200.273260: sched_wakeup: comm=RfxReader_0 pid=3220 prio=120 success=1 target_cpu=005 state=R
   kworker/u16:1-117   [004] d..2   200.273270: sched_switch: prev_comm=kworker/u16:1 prev_pid=117 prev_prio=120 prev_state=D ==> next_comm=swapper/4 next_pid=0 next_prio=120 extra_prev_state=N prev->cgrp=1 next->cgrp=1 prev->st=1 next->st=1
          <idle>-0     [005] d..2   200.273425: sched_switch: prev_comm=swapper/5 prev_pid=0 prev_prio=120 prev_state=R ==> next_comm=RfxReader_0 next_pid=3220 next_prio=120 prev->cgrp=1 next->cgrp=1 prev->st=1 next->st=1
     RfxReader_0-3220  [005] d..4   200.273548: sched_wakeup: comm=RILD MCL Dispat pid=3212 prio=120 success=1 target_cpu=004 state=R
          <idle>-0     [003] dnh2   200.273548: sched_wakeup: comm=logd.writer pid=487 prio=118 success=1 target_cpu=003 state=R
          <idle>-0     [003] d..2   200.273556: sched_switch: prev_comm=swapper/3 prev_pid=0 prev_prio=120 prev_state=R ==> next_comm=logd.writer next_pid=487 next_prio=118 prev->cgrp=1 next->cgrp=4 prev->st=1 next->st=2
     RfxReader_0-3220  [005] d..2   200.273583: sched_switch: prev_comm=RfxReader_0 prev_pid=3220 prev_prio=120 prev_state=S ==> next_comm=swapper/5 next_pid=0 next_prio=120 prev->cgrp=1 next->cgrp=1 prev->st=1 next->st=1
          <idle>-0     [004] d..2   200.273642: sched_switch: prev_comm=swapper/4 prev_pid=0 prev_prio=120 prev_state=R ==> next_comm=RILD MCL Dispat next_pid=3212 next_prio=120 prev->cgrp=1 next->cgrp=1 prev->st=1 next->st=1
     logd.writer-487   [003] d..2   200.273655: sched_switch: prev_comm=logd.writer prev_pid=487 prev_prio=118 prev_state=S ==> next_comm=swapper/3 next_pid=0 next_prio=120 prev->cgrp=4 next->cgrp=1 prev->st=2 next->st=1
 RILD MCL Dispat-3212  [004] d..4   200.273706: sched_wakeup: comm=RfxSender_0 pid=3221 prio=120 success=1 target_cpu=006 state=R
 RILD MCL Dispat-3212  [004] d..4   200.273737: sched_wakeup: comm=RfxSender_5 pid=3242 prio=120 success=1 target_cpu=007 state=R
 RILD MCL Dispat-3212  [004] d..2   200.273748: sched_switch: prev_comm=RILD MCL Dispat prev_pid=3212 prev_prio=120 prev_state=S ==> next_comm=swapper/4 next_pid=0 next_prio=120 prev->cgrp=1 next->cgrp=1 prev->st=1 next->st=1
          <idle>-0     [006] d..2   200.273813: sched_switch: prev_comm=swapper/6 prev_pid=0 prev_prio=120 prev_state=R ==> next_comm=RfxSender_0 next_pid=3221 next_prio=120 prev->cgrp=1 next->cgrp=1 prev->st=1 next->st=1
          <idle>-0     [007] d..2   200.273844: sched_switch: prev_comm=swapper/7 prev_pid=0 prev_prio=120 prev_state=R ==> next_comm=RfxSender_5 next_pid=3242 next_prio=120 prev->cgrp=1 next->cgrp=1 prev->st=1 next->st=1
     RfxSender_5-3242  [007] d..2   200.273890: sched_switch: prev_comm=RfxSender_5 prev_pid=3242 prev_prio=120 prev_state=S ==> next_comm=swapper/7 next_pid=0 next_prio=120 prev->cgrp=1 next->cgrp=1 prev->st=1 next->st=1
     RfxSender_0-3221  [006] d..2   200.273928: sched_wakeup: comm=Ril Proxy reque pid=3218 prio=120 success=1 target_cpu=004 state=R
          <idle>-0     [003] dnh2   200.273937: sched_wakeup: comm=logd.writer pid=487 prio=118 success=1 target_cpu=003 state=R
          <idle>-0     [003] d..2   200.273945: sched_switch: prev_comm=swapper/3 prev_pid=0 prev_prio=120 prev_state=R ==> next_comm=logd.writer next_pid=487 next_prio=118 prev->cgrp=1 next->cgrp=4 prev->st=1 next->st=2
     RfxSender_0-3221  [006] d..2   200.273951: sched_switch: prev_comm=RfxSender_0 prev_pid=3221 prev_prio=120 prev_state=S ==> next_comm=swapper/6 next_pid=0 next_prio=120 prev->cgrp=1 next->cgrp=1 prev->st=1 next->st=1
     logd.writer-487   [003] d..2   200.273983: sched_switch: prev_comm=logd.writer prev_pid=487 prev_prio=118 prev_state=S ==> next_comm=swapper/3 next_pid=0 next_prio=120 prev->cgrp=4 next->cgrp=1 prev->st=2 next->st=1
          <idle>-0     [004] d..2   200.274021: sched_switch: prev_comm=swapper/4 prev_pid=0 prev_prio=120 prev_state=R ==> next_comm=Ril Proxy reque next_pid=3218 next_prio=120 prev->cgrp=1 next->cgrp=1 prev->st=1 next->st=1
 Ril Proxy reque-3218  [004] d..4   200.274058: sched_wakeup: comm=Ril Proxy Main  pid=3214 prio=120 success=1 target_cpu=005 state=R
 Ril Proxy reque-3218  [004] d..2   200.274067: sched_switch: prev_comm=Ril Proxy reque prev_pid=3218 prev_prio=120 prev_state=S ==> next_comm=swapper/4 next_pid=0 next_prio=120 prev->cgrp=1 next->cgrp=1 prev->st=1 next->st=1
          <idle>-0     [005] d..2   200.274200: sched_switch: prev_comm=swapper/5 prev_pid=0 prev_prio=120 prev_state=R ==> next_comm=Ril Proxy Main  next_pid=3214 next_prio=120 prev->cgrp=1 next->cgrp=1 prev->st=1 next->st=1
 Ril Proxy Main -3214  [005] d..5   200.274301: sched_wakeup: comm=HwBinder:4023_1 pid=4338 prio=120 success=1 target_cpu=004 state=R
 Ril Proxy Main -3214  [005] d..2   200.274331: sched_switch: prev_comm=Ril Proxy Main  prev_pid=3214 prev_prio=120 prev_state=S ==> next_comm=swapper/5 next_pid=0 next_prio=120 prev->cgrp=1 next->cgrp=1 prev->st=1 next->st=1
          <idle>-0     [004] d..2   200.274415: sched_switch: prev_comm=swapper/4 prev_pid=0 prev_prio=120 prev_state=R ==> next_comm=HwBinder:4023_1 next_pid=4338 next_prio=120 prev->cgrp=1 next->cgrp=2 prev->st=1 next->st=2
 HwBinder:4023_1-4338  [004] d..4   200.274642: sched_wakeup: comm=m.android.phone pid=4023 prio=120 success=1 target_cpu=007 state=R
 HwBinder:4023_1-4338  [004] d..2   200.274666: sched_switch: prev_comm=HwBinder:4023_1 prev_pid=4338 prev_prio=120 prev_state=S ==> next_comm=swapper/4 next_pid=0 next_prio=120 prev->cgrp=2 next->cgrp=1 prev->st=2 next->st=1
          <idle>-0     [007] d..2   200.274754: sched_switch: prev_comm=swapper/7 prev_pid=0 prev_prio=120 prev_state=R ==> next_comm=m.android.phone next_pid=4023 next_prio=120 prev->cgrp=1 next->cgrp=2 prev->st=1 next->st=2
 m.android.phone-4023  [007] d..2   200.274955: sched_switch: prev_comm=m.android.phone prev_pid=4023 prev_prio=120 prev_state=S ==> next_comm=swapper/7 next_pid=0 next_prio=120 prev->cgrp=2 next->cgrp=1 prev->st=2 next->st=1
          <idle>-0     [000] dnh2   200.275002: sched_wakeup: comm=servicemanager pid=479 prio=120 success=1 target_cpu=000 state=R
          <idle>-0     [000] d..2   200.275025: sched_switch: prev_comm=swapper/0 prev_pid=0 prev_prio=120 prev_state=R ==> next_comm=servicemanager next_pid=479 next_prio=120 prev->cgrp=1 next->cgrp=4 prev->st=1 next->st=1
  servicemanager-479   [000] d..2   200.275214: sched_switch: prev_comm=servicemanager prev_pid=479 prev_prio=120 prev_state=S ==> next_comm=swapper/0 next_pid=0 next_prio=120 prev->cgrp=4 next->cgrp=1 prev->st=1 next->st=1
          <idle>-0     [007] dnh2   200.275268: sched_wakeup: comm=m.android.phone pid=4023 prio=120 success=1 target_cpu=007 state=R
          <idle>-0     [007] d..2   200.275273: sched_switch: prev_comm=swapper/7 prev_pid=0 prev_prio=120 prev_state=R ==> next_comm=m.android.phone next_pid=4023 next_prio=120 prev->cgrp=1 next->cgrp=2 prev->st=1 next->st=2
 m.android.phone-4023  [007] d..2   200.275368: sched_wakeup: comm=Jit thread pool pid=4041 prio=120 success=1 target_cpu=005 state=R
          <idle>-0     [005] d..2   200.275459: sched_switch: prev_comm=swapper/5 prev_pid=0 prev_prio=120 prev_state=R ==> next_comm=Jit thread pool next_pid=4041 next_prio=120 prev->cgrp=1 next->cgrp=2 prev->st=1 next->st=2
          <idle>-0     [003] dnh2   200.275501: sched_wakeup: comm=logd.writer pid=487 prio=118 success=1 target_cpu=003 state=R
          <idle>-0     [003] d..2   200.275508: sched_switch: prev_comm=swapper/3 prev_pid=0 prev_prio=120 prev_state=R ==> next_comm=logd.writer next_pid=487 next_prio=118 prev->cgrp=1 next->cgrp=4 prev->st=1 next->st=2
     logd.writer-487   [003] d..2   200.275556: sched_switch: prev_comm=logd.writer prev_pid=487 prev_prio=118 prev_state=S ==> next_comm=swapper/3 next_pid=0 next_prio=120 prev->cgrp=4 next->cgrp=1 prev->st=2 next->st=1
 m.android.phone-4023  [007] d..5   200.275580: sched_wakeup: comm=Binder:1059_8 pid=3777 prio=120 success=1 target_cpu=004 state=R
 m.android.phone-4023  [007] d..2   200.275587: sched_switch: prev_comm=m.android.phone prev_pid=4023 prev_prio=120 prev_state=S ==> next_comm=swapper/7 next_pid=0 next_prio=120 prev->cgrp=2 next->cgrp=1 prev->st=2 next->st=1
          <idle>-0     [004] d..2   200.275687: sched_switch: prev_comm=swapper/4 prev_pid=0 prev_prio=120 prev_state=R ==> next_comm=Binder:1059_8 next_pid=3777 next_prio=120 prev->cgrp=1 next->cgrp=2 prev->st=1 next->st=2
   Binder:1059_8-3777  [004] d.h.   200.276002: irq_entry: irq=5 name=arch_timer
 Jit thread pool-4041  [005] d.h.   200.276002: irq_entry: irq=5 name=arch_timer
   Binder:1059_8-3777  [004] d.h.   200.276005: irq_handler_entry: irq=5 name=arch_timer
 Jit thread pool-4041  [005] d.h.   200.276005: irq_handler_entry: irq=5 name=arch_timer
   Binder:1059_8-3777  [004] d.h.   200.276011: softirq_raise: vec=1 [action=TIMER]
 Jit thread pool-4041  [005] d.h.   200.276011: softirq_raise: vec=1 [action=TIMER]
   Binder:1059_8-3777  [004] d.h.   200.276012: softirq_raise: vec=9 [action=RCU]
 Jit thread pool-4041  [005] d.h.   200.276012: softirq_raise: vec=9 [action=RCU]
   Binder:1059_8-3777  [004] d.h.   200.276017: softirq_raise: vec=7 [action=SCHED]
 Jit thread pool-4041  [005] d.h.   200.276017: softirq_raise: vec=7 [action=SCHED]
   Binder:1059_8-3777  [004] d.h.   200.276023: irq_handler_exit: irq=5 ret=handled
   Binder:1059_8-3777  [004] d.h.   200.276024: irq_exit: irq=5
   Binder:1059_8-3777  [004] ..s.   200.276025: softirq_entry: vec=1 [action=TIMER]
 Jit thread pool-4041  [005] d.h3   200.276029: sched_wakeup: comm=kworker/5:2 pid=413 prio=120 success=1 target_cpu=005 state=R
   Binder:1059_8-3777  [004] d.s3   200.276032: sched_wakeup: comm=kworker/4:1 pid=50 prio=120 success=1 target_cpu=004 state=R
 Jit thread pool-4041  [005] d.h.   200.276032: irq_handler_exit: irq=5 ret=handled
   Binder:1059_8-3777  [004] ..s.   200.276033: softirq_exit: vec=1 [action=TIMER]
 Jit thread pool-4041  [005] d.h.   200.276033: irq_exit: irq=5
   Binder:1059_8-3777  [004] ..s.   200.276033: softirq_entry: vec=7 [action=SCHED]
 Jit thread pool-4041  [005] ..s.   200.276033: softirq_entry: vec=1 [action=TIMER]
 Jit thread pool-4041  [005] ..s.   200.276034: softirq_exit: vec=1 [action=TIMER]
 Jit thread pool-4041  [005] ..s.   200.276035: softirq_entry: vec=7 [action=SCHED]
   Binder:1059_8-3777  [004] ..s.   200.276037: softirq_exit: vec=7 [action=SCHED]
   Binder:1059_8-3777  [004] ..s.   200.276037: softirq_entry: vec=9 [action=RCU]
   Binder:1059_8-3777  [004] ..s.   200.276039: softirq_exit: vec=9 [action=RCU]
 Jit thread pool-4041  [005] ..s.   200.276041: softirq_exit: vec=7 [action=SCHED]
 Jit thread pool-4041  [005] ..s.   200.276041: softirq_entry: vec=9 [action=RCU]
 Jit thread pool-4041  [005] ..s.   200.276041: softirq_exit: vec=9 [action=RCU]
          <idle>-0     [002] d.h1   200.276067: softirq_raise: vec=7 [action=SCHED]
          <idle>-0     [002] ..s1   200.276070: softirq_entry: vec=7 [action=SCHED]
          <idle>-0     [002] ..s1   200.276096: softirq_exit: vec=7 [action=SCHED]
   Binder:1059_8-3777  [004] d..2   200.276175: sched_switch: prev_comm=Binder:1059_8 prev_pid=3777 prev_prio=120 prev_state=R+ ==> next_comm=kworker/4:1 next_pid=50 next_prio=120 prev->cgrp=2 next->cgrp=1 prev->st=2 next->st=1
     kworker/4:1-50    [004] d..2   200.276195: sched_switch: prev_comm=kworker/4:1 prev_pid=50 prev_prio=120 prev_state=D ==> next_comm=Binder:1059_8 next_pid=3777 next_prio=120 extra_prev_state=N prev->cgrp=1 next->cgrp=2 prev->st=1 next->st=2
   Binder:1059_8-3777  [004] d..3   200.276229: sched_wakeup: comm=m.android.phone pid=4023 prio=120 success=1 target_cpu=007 state=R
   Binder:1059_8-3777  [004] d..2   200.276251: sched_switch: prev_comm=Binder:1059_8 prev_pid=3777 prev_prio=120 prev_state=S ==> next_comm=swapper/4 next_pid=0 next_prio=120 prev->cgrp=2 next->cgrp=1 prev->st=2 next->st=1
          <idle>-0     [007] d..2   200.276342: sched_switch: prev_comm=swapper/7 prev_pid=0 prev_prio=120 prev_state=R ==> next_comm=m.android.phone next_pid=4023 next_prio=120 prev->cgrp=1 next->cgrp=2 prev->st=1 next->st=2
 m.android.phone-4023  [007] d..2   200.276424: sched_switch: prev_comm=m.android.phone prev_pid=4023 prev_prio=120 prev_state=S ==> next_comm=swapper/7 next_pid=0 next_prio=120 prev->cgrp=2 next->cgrp=1 prev->st=2 next->st=1
 Jit thread pool-4041  [005] d..2   200.276617: sched_switch: prev_comm=Jit thread pool prev_pid=4041 prev_prio=120 prev_state=S ==> next_comm=kworker/5:2 next_pid=413 next_prio=120 prev->cgrp=2 next->cgrp=1 prev->st=2 next->st=1
     kworker/5:2-413   [005] d..2   200.276635: sched_switch: prev_comm=kworker/5:2 prev_pid=413 prev_prio=120 prev_state=D ==> next_comm=swapper/5 next_pid=0 next_prio=120 extra_prev_state=N prev->cgrp=1 next->cgrp=1 prev->st=1 next->st=1
          <idle>-0     [004] d.h1   200.412678: irq_entry: irq=2 name=mtk-clkevt
          <idle>-0     [004] d.h1   200.412685: irq_handler_entry: irq=2 name=mtk-clkevt
          <idle>-0     [004] d.h1   200.412695: softirq_raise: vec=1 [action=TIMER]
          <idle>-0     [004] d.h1   200.412696: softirq_raise: vec=9 [action=RCU]
          <idle>-0     [004] d.h1   200.412699: softirq_raise: vec=7 [action=SCHED]
          <idle>-0     [004] dnh4   200.412722: sched_wakeup: comm=kworker/4:1 pid=50 prio=120 success=1 target_cpu=004 state=R
          <idle>-0     [004] dnh1   200.412725: irq_handler_exit: irq=2 ret=handled
          <idle>-0     [004] dnh1   200.412727: irq_exit: irq=2
          <idle>-0     [004] .ns1   200.412728: softirq_entry: vec=1 [action=TIMER]
          <idle>-0     [004] .ns1   200.412732: softirq_exit: vec=1 [action=TIMER]
          <idle>-0     [004] .ns1   200.412733: softirq_entry: vec=7 [action=SCHED]
          <idle>-0     [004] .ns1   200.412742: softirq_exit: vec=7 [action=SCHED]
          <idle>-0     [004] .ns1   200.412742: softirq_entry: vec=9 [action=RCU]
          <idle>-0     [004] .ns1   200.412744: softirq_exit: vec=9 [action=RCU]
          <idle>-0     [004] d..2   200.412754: sched_switch: prev_comm=swapper/4 prev_pid=0 prev_prio=120 prev_state=R ==> next_comm=kworker/4:1 next_pid=50 next_prio=120 prev->cgrp=1 next->cgrp=1 prev->st=1 next->st=1
     kworker/4:1-50    [004] d..2   200.412780: sched_switch: prev_comm=kworker/4:1 prev_pid=50 prev_prio=120 prev_state=D ==> next_comm=swapper/4 next_pid=0 next_prio=120 extra_prev_state=N prev->cgrp=1 next->cgrp=1 prev->st=1 next->st=1
          <idle>-0     [005] d.h1   200.691226: irq_entry: irq=2 name=mtk-clkevt
          <idle>-0     [005] d.h1   200.691232: irq_handler_entry: irq=2 name=mtk-clkevt
          <idle>-0     [005] dnh3   200.691262: sched_wakeup: comm=android.io pid=1147 prio=120 success=1 target_cpu=005 state=R
          <idle>-0     [005] dnh1   200.691263: irq_handler_exit: irq=2 ret=handled
          <idle>-0     [005] dnh1   200.691265: irq_exit: irq=2
          <idle>-0     [005] d..2   200.691277: sched_switch: prev_comm=swapper/5 prev_pid=0 prev_prio=120 prev_state=R ==> next_comm=android.io next_pid=1147 next_prio=120 prev->cgrp=1 next->cgrp=2 prev->st=1 next->st=2
          <idle>-0     [002] d.h1   200.691289: softirq_raise: vec=7 [action=SCHED]
          <idle>-0     [002] ..s1   200.691292: softirq_entry: vec=7 [action=SCHED]
          <idle>-0     [002] ..s1   200.691319: softirq_exit: vec=7 [action=SCHED]
      android.io-1147  [005] d..2   200.691371: sched_switch: prev_comm=android.io prev_pid=1147 prev_prio=120 prev_state=S ==> next_comm=swapper/5 next_pid=0 next_prio=120 prev->cgrp=2 next->cgrp=1 prev->st=2 next->st=1
          <idle>-0     [005] d.h1   200.732687: irq_entry: irq=2 name=mtk-clkevt
          <idle>-0     [005] d.h1   200.732693: irq_handler_entry: irq=2 name=mtk-clkevt
          <idle>-0     [005] d.h1   200.732704: softirq_raise: vec=1 [action=TIMER]
          <idle>-0     [005] d.h1   200.732705: softirq_raise: vec=9 [action=RCU]
          <idle>-0     [005] d.h1   200.732709: softirq_raise: vec=7 [action=SCHED]
          <idle>-0     [005] dnh4   200.732730: sched_wakeup: comm=kworker/5:2 pid=413 prio=120 success=1 target_cpu=005 state=R
          <idle>-0     [005] dnh1   200.732734: irq_handler_exit: irq=2 ret=handled
          <idle>-0     [005] dnh1   200.732736: irq_exit: irq=2
          <idle>-0     [005] .ns1   200.732737: softirq_entry: vec=1 [action=TIMER]
          <idle>-0     [005] dns4   200.732752: sched_wakeup: comm=kworker/u16:1 pid=117 prio=120 success=1 target_cpu=004 state=R
          <idle>-0     [005] .ns1   200.732753: softirq_exit: vec=1 [action=TIMER]
          <idle>-0     [005] .ns1   200.732754: softirq_entry: vec=7 [action=SCHED]
          <idle>-0     [005] .ns1   200.732762: softirq_exit: vec=7 [action=SCHED]
          <idle>-0     [005] .ns1   200.732762: softirq_entry: vec=9 [action=RCU]
          <idle>-0     [005] .ns1   200.732764: softirq_exit: vec=9 [action=RCU]
          <idle>-0     [005] d..2   200.732774: sched_switch: prev_comm=swapper/5 prev_pid=0 prev_prio=120 prev_state=R ==> next_comm=kworker/5:2 next_pid=413 next_prio=120 prev->cgrp=1 next->cgrp=1 prev->st=1 next->st=1
     kworker/5:2-413   [005] d..2   200.732788: sched_switch: prev_comm=kworker/5:2 prev_pid=413 prev_prio=120 prev_state=D ==> next_comm=swapper/5 next_pid=0 next_prio=120 extra_prev_state=N prev->cgrp=1 next->cgrp=1 prev->st=1 next->st=1
          <idle>-0     [002] d.h1   200.732788: softirq_raise: vec=7 [action=SCHED]
          <idle>-0     [002] ..s1   200.732791: softirq_entry: vec=7 [action=SCHED]
          <idle>-0     [002] ..s1   200.732809: softirq_exit: vec=7 [action=SCHED]
          <idle>-0     [004] d..2   200.732854: sched_switch: prev_comm=swapper/4 prev_pid=0 prev_prio=120 prev_state=R ==> next_comm=kworker/u16:1 next_pid=117 next_prio=120 prev->cgrp=1 next->cgrp=1 prev->st=1 next->st=1
   kworker/u16:1-117   [004] d..2   200.732878: sched_switch: prev_comm=kworker/u16:1 prev_pid=117 prev_prio=120 prev_state=D ==> next_comm=swapper/4 next_pid=0 next_prio=120 extra_prev_state=N prev->cgrp=1 next->cgrp=1 prev->st=1 next->st=1
          <idle>-0     [006] d.h1   200.764680: irq_entry: irq=2 name=mtk-clkevt
          <idle>-0     [006] d.h1   200.764686: irq_handler_entry: irq=2 name=mtk-clkevt
          <idle>-0     [006] d.h1   200.764697: softirq_raise: vec=1 [action=TIMER]
          <idle>-0     [006] d.h1   200.764698: softirq_raise: vec=9 [action=RCU]
          <idle>-0     [006] d.h1   200.764701: softirq_raise: vec=7 [action=SCHED]
          <idle>-0     [006] d.h1   200.764705: irq_handler_exit: irq=2 ret=handled
          <idle>-0     [006] d.h1   200.764707: irq_exit: irq=2
          <idle>-0     [006] ..s1   200.764708: softirq_entry: vec=1 [action=TIMER]
          <idle>-0     [006] d.s3   200.764825: sched_wakeup: comm=krtatm pid=296 prio=100 success=1 target_cpu=005 state=R
          <idle>-0     [006] dns4   200.764831: sched_wakeup: comm=kworker/6:1 pid=119 prio=120 success=1 target_cpu=006 state=R
          <idle>-0     [006] .ns1   200.764832: softirq_exit: vec=1 [action=TIMER]
          <idle>-0     [006] .ns1   200.764832: softirq_entry: vec=7 [action=SCHED]
          <idle>-0     [006] .ns1   200.764840: softirq_exit: vec=7 [action=SCHED]
          <idle>-0     [006] .ns1   200.764840: softirq_entry: vec=9 [action=RCU]
          <idle>-0     [006] .ns1   200.764842: softirq_exit: vec=9 [action=RCU]
          <idle>-0     [002] d.h1   200.764850: softirq_raise: vec=7 [action=SCHED]
          <idle>-0     [006] d..2   200.764851: sched_switch: prev_comm=swapper/6 prev_pid=0 prev_prio=120 prev_state=R ==> next_comm=kworker/6:1 next_pid=119 next_prio=120 prev->cgrp=1 next->cgrp=1 prev->st=1 next->st=1
          <idle>-0     [002] ..s1   200.764853: softirq_entry: vec=7 [action=SCHED]
     kworker/6:1-119   [006] d..2   200.764866: sched_switch: prev_comm=kworker/6:1 prev_pid=119 prev_prio=120 prev_state=D ==> next_comm=swapper/6 next_pid=0 next_prio=120 extra_prev_state=N prev->cgrp=1 next->cgrp=1 prev->st=1 next->st=1
          <idle>-0     [002] ..s1   200.764873: softirq_exit: vec=7 [action=SCHED]
          <idle>-0     [005] d..2   200.764927: sched_switch: prev_comm=swapper/5 prev_pid=0 prev_prio=120 prev_state=R ==> next_comm=krtatm next_pid=296 next_prio=100 prev->cgrp=1 next->cgrp=1 prev->st=1 next->st=1
          krtatm-296   [005] d..2   200.764940: sched_switch: prev_comm=krtatm prev_pid=296 prev_prio=100 prev_state=S ==> next_comm=swapper/5 next_pid=0 next_prio=120 prev->cgrp=1 next->cgrp=1 prev->st=1 next->st=1
          <idle>-0     [001] d.h1   200.782252: irq_entry: irq=2 name=mtk-clkevt
          <idle>-0     [001] d.h1   200.782263: irq_handler_entry: irq=2 name=mtk-clkevt
          <idle>-0     [001] d.h1   200.782288: irq_handler_exit: irq=2 ret=handled
          <idle>-0     [001] d.h1   200.782297: irq_exit: irq=2
          <idle>-0     [005] d.h1   200.796655: irq_entry: irq=2 name=mtk-clkevt
          <idle>-0     [005] d.h1   200.796661: irq_handler_entry: irq=2 name=mtk-clkevt
          <idle>-0     [005] d.h1   200.796672: softirq_raise: vec=1 [action=TIMER]
          <idle>-0     [005] d.h1   200.796673: softirq_raise: vec=9 [action=RCU]
          <idle>-0     [005] d.h1   200.796676: softirq_raise: vec=7 [action=SCHED]
          <idle>-0     [005] dnh4   200.796698: sched_wakeup: comm=kworker/5:2 pid=413 prio=120 success=1 target_cpu=005 state=R
          <idle>-0     [005] dnh1   200.796702: irq_handler_exit: irq=2 ret=handled
          <idle>-0     [005] dnh1   200.796704: irq_exit: irq=2
          <idle>-0     [005] .ns1   200.796705: softirq_entry: vec=1 [action=TIMER]
          <idle>-0     [005] .ns1   200.796709: softirq_exit: vec=1 [action=TIMER]
          <idle>-0     [005] .ns1   200.796710: softirq_entry: vec=7 [action=SCHED]
          <idle>-0     [005] .ns1   200.796718: softirq_exit: vec=7 [action=SCHED]
          <idle>-0     [005] .ns1   200.796719: softirq_entry: vec=9 [action=RCU]
          <idle>-0     [005] .ns1   200.796721: softirq_exit: vec=9 [action=RCU]
          <idle>-0     [005] d..2   200.796730: sched_switch: prev_comm=swapper/5 prev_pid=0 prev_prio=120 prev_state=R ==> next_comm=kworker/5:2 next_pid=413 next_prio=120 prev->cgrp=1 next->cgrp=1 prev->st=1 next->st=1
     kworker/5:2-413   [005] d..2   200.796747: sched_switch: prev_comm=kworker/5:2 prev_pid=413 prev_prio=120 prev_state=D ==> next_comm=swapper/5 next_pid=0 next_prio=120 extra_prev_state=N prev->cgrp=1 next->cgrp=1 prev->st=1 next->st=1
          <idle>-0     [005] d.h1   200.839671: irq_entry: irq=2 name=mtk-clkevt
          <idle>-0     [005] d.h1   200.839677: irq_handler_entry: irq=2 name=mtk-clkevt
          <idle>-0     [005] dnh3   200.839707: sched_wakeup: comm=Thread-4 pid=1170 prio=118 success=1 target_cpu=005 state=R
          <idle>-0     [005] dnh1   200.839708: irq_handler_exit: irq=2 ret=handled
          <idle>-0     [005] dnh1   200.839710: irq_exit: irq=2
          <idle>-0     [005] d..2   200.839722: sched_switch: prev_comm=swapper/5 prev_pid=0 prev_prio=120 prev_state=R ==> next_comm=Thread-4 next_pid=1170 next_prio=118 prev->cgrp=1 next->cgrp=2 prev->st=1 next->st=2
          <idle>-0     [002] d.h1   200.839736: softirq_raise: vec=7 [action=SCHED]
          <idle>-0     [002] ..s1   200.839740: softirq_entry: vec=7 [action=SCHED]
        Thread-4-1170  [005] d..2   200.839747: sched_switch: prev_comm=Thread-4 prev_pid=1170 prev_prio=118 prev_state=S ==> next_comm=swapper/5 next_pid=0 next_prio=120 prev->cgrp=2 next->cgrp=1 prev->st=2 next->st=1
          <idle>-0     [002] ..s1   200.839769: softirq_exit: vec=7 [action=SCHED]
          <idle>-0     [004] d.h1   200.956655: irq_entry: irq=2 name=mtk-clkevt
          <idle>-0     [004] d.h1   200.956661: irq_handler_entry: irq=2 name=mtk-clkevt
          <idle>-0     [004] d.h1   200.956672: softirq_raise: vec=1 [action=TIMER]
          <idle>-0     [004] d.h1   200.956673: softirq_raise: vec=9 [action=RCU]
          <idle>-0     [004] d.h1   200.956676: softirq_raise: vec=7 [action=SCHED]
          <idle>-0     [004] dnh4   200.956698: sched_wakeup: comm=kworker/4:1 pid=50 prio=120 success=1 target_cpu=004 state=R
          <idle>-0     [004] dnh1   200.956701: irq_handler_exit: irq=2 ret=handled
          <idle>-0     [004] dnh1   200.956706: irq_exit: irq=2
          <idle>-0     [004] .ns1   200.956706: softirq_entry: vec=1 [action=TIMER]
          <idle>-0     [004] dns3   200.956722: sched_migrate_task: comm=kworker/u16:1 pid=117 prio=120 orig_cpu=4 dest_cpu=5 state=W
          <idle>-0     [004] dns4   200.956727: sched_wakeup: comm=kworker/u16:1 pid=117 prio=120 success=1 target_cpu=005 state=R
          <idle>-0     [004] .ns1   200.956729: softirq_exit: vec=1 [action=TIMER]
          <idle>-0     [004] .ns1   200.956729: softirq_entry: vec=7 [action=SCHED]
          <idle>-0     [004] .ns1   200.956737: softirq_exit: vec=7 [action=SCHED]
          <idle>-0     [004] .ns1   200.956738: softirq_entry: vec=9 [action=RCU]
          <idle>-0     [004] .ns1   200.956739: softirq_exit: vec=9 [action=RCU]
          <idle>-0     [004] d..2   200.956749: sched_switch: prev_comm=swapper/4 prev_pid=0 prev_prio=120 prev_state=R ==> next_comm=kworker/4:1 next_pid=50 next_prio=120 prev->cgrp=1 next->cgrp=1 prev->st=1 next->st=1
          <idle>-0     [002] d.h1   200.956751: softirq_raise: vec=7 [action=SCHED]
          <idle>-0     [002] ..s1   200.956754: softirq_entry: vec=7 [action=SCHED]
          <idle>-0     [002] ..s1   200.956773: softirq_exit: vec=7 [action=SCHED]
     kworker/4:1-50    [004] d..2   200.956776: sched_switch: prev_comm=kworker/4:1 prev_pid=50 prev_prio=120 prev_state=D ==> next_comm=swapper/4 next_pid=0 next_prio=120 extra_prev_state=N prev->cgrp=1 next->cgrp=1 prev->st=1 next->st=1
          <idle>-0     [005] d..2   200.956830: sched_switch: prev_comm=swapper/5 prev_pid=0 prev_prio=120 prev_state=R ==> next_comm=kworker/u16:1 next_pid=117 next_prio=120 prev->cgrp=1 next->cgrp=1 prev->st=1 next->st=1
   kworker/u16:1-117   [005] d..2   200.956845: sched_switch: prev_comm=kworker/u16:1 prev_pid=117 prev_prio=120 prev_state=D ==> next_comm=swapper/5 next_pid=0 next_prio=120 extra_prev_state=N prev->cgrp=1 next->cgrp=1 prev->st=1 next->st=1
          <idle>-0     [001] d.h1   201.132616: irq_entry: irq=2 name=mtk-clkevt
          <idle>-0     [001] d.h1   201.132628: irq_handler_entry: irq=2 name=mtk-clkevt
          <idle>-0     [001] dnh3   201.132673: sched_wakeup: comm=SWWatchDog pid=1115 prio=97 success=1 target_cpu=001 state=R
          <idle>-0     [001] dnh1   201.132678: irq_handler_exit: irq=2 ret=handled
          <idle>-0     [001] dnh1   201.132682: irq_exit: irq=2
          <idle>-0     [001] dnh1   201.132684: irq_entry: irq=320 name=musb-hdrc
          <idle>-0     [001] dnh1   201.132686: irq_handler_entry: irq=320 name=musb-hdrc
          <idle>-0     [001] dnh1   201.132725: irq_handler_exit: irq=320 ret=handled
          <idle>-0     [001] dnh1   201.132726: irq_exit: irq=320
          <idle>-0     [001] d..2   201.132743: sched_switch: prev_comm=swapper/1 prev_pid=0 prev_prio=120 prev_state=R ==> next_comm=SWWatchDog next_pid=1115 next_prio=97 prev->cgrp=1 next->cgrp=4 prev->st=1 next->st=2
          <idle>-0     [002] d.h1   201.132752: softirq_raise: vec=7 [action=SCHED]
          <idle>-0     [002] ..s1   201.132757: softirq_entry: vec=7 [action=SCHED]
          <idle>-0     [002] ..s1   201.132790: softirq_exit: vec=7 [action=SCHED]
      SWWatchDog-1115  [001] d..2   201.132814: sched_switch: prev_comm=SWWatchDog prev_pid=1115 prev_prio=97 prev_state=S ==> next_comm=swapper/1 next_pid=0 next_prio=120 prev->cgrp=4 next->cgrp=1 prev->st=2 next->st=1
          <idle>-0     [005] dnh2   201.132821: sched_wakeup: comm=kworker/u16:1 pid=117 prio=120 success=1 target_cpu=005 state=R
          <idle>-0     [005] d..2   201.132829: sched_switch: prev_comm=swapper/5 prev_pid=0 prev_prio=120 prev_state=R ==> next_comm=kworker/u16:1 next_pid=117 next_prio=120 prev->cgrp=1 next->cgrp=1 prev->st=1 next->st=1
   kworker/u16:1-117   [005] d..3   201.132852: sched_wakeup: comm=UsbFfs-worker pid=5280 prio=120 success=1 target_cpu=007 state=R
   kworker/u16:1-117   [005] d..2   201.132868: sched_switch: prev_comm=kworker/u16:1 prev_pid=117 prev_prio=120 prev_state=D ==> next_comm=swapper/5 next_pid=0 next_prio=120 extra_prev_state=N prev->cgrp=1 next->cgrp=1 prev->st=1 next->st=1
          <idle>-0     [007] d..2   201.133003: sched_switch: prev_comm=swapper/7 prev_pid=0 prev_prio=120 prev_state=R ==> next_comm=UsbFfs-worker next_pid=5280 next_prio=120 prev->cgrp=1 next->cgrp=1 prev->st=1 next->st=1
   UsbFfs-worker-5280  [007] d..4   201.133063: sched_wakeup: comm=adbd pid=5202 prio=120 success=1 target_cpu=004 state=R
   UsbFfs-worker-5280  [007] d..2   201.133084: sched_switch: prev_comm=UsbFfs-worker prev_pid=5280 prev_prio=120 prev_state=S ==> next_comm=swapper/7 next_pid=0 next_prio=120 prev->cgrp=1 next->cgrp=1 prev->st=1 next->st=1
          <idle>-0     [004] d..2   201.133176: sched_switch: prev_comm=swapper/4 prev_pid=0 prev_prio=120 prev_state=R ==> next_comm=adbd next_pid=5202 next_prio=120 prev->cgrp=1 next->cgrp=1 prev->st=1 next->st=1
            adbd-5202  [004] d..2   201.133601: sched_wakeup_new: comm=adbd pid=5747 prio=120 success=1 target_cpu=004 state=R
            adbd-5202  [004] d..2   201.133636: sched_switch: prev_comm=adbd prev_pid=5202 prev_prio=120 prev_state=S ==> next_comm=adbd next_pid=5747 next_prio=120 prev->cgrp=1 next->cgrp=1 prev->st=1 next->st=1
       uree_test-5747  [004] dn.3   201.133745: sched_wakeup: comm=migration/4 pid=29 prio=0 success=1 target_cpu=004 state=R
       uree_test-5747  [004] d..2   201.133748: sched_switch: prev_comm=adbd prev_pid=5747 prev_prio=120 prev_state=R+ ==> next_comm=migration/4 next_pid=29 next_prio=0 prev->cgrp=1 next->cgrp=1 prev->st=1 next->st=1
     migration/4-29    [004] d..4   201.133754: sched_migrate_task: comm=adbd pid=5747 prio=120 orig_cpu=4 dest_cpu=5 state=R
     migration/4-29    [004] d..2   201.133771: sched_switch: prev_comm=migration/4 prev_pid=29 prev_prio=0 prev_state=S ==> next_comm=swapper/4 next_pid=0 next_prio=120 prev->cgrp=1 next->cgrp=1 prev->st=1 next->st=1
          <idle>-0     [005] d..2   201.133918: sched_switch: prev_comm=swapper/5 prev_pid=0 prev_prio=120 prev_state=R ==> next_comm=adbd next_pid=5747 next_prio=120 prev->cgrp=1 next->cgrp=1 prev->st=1 next->st=1
       uree_test-5747  [005] ....   201.133933: block_touch_buffer: 253,4 sector=98314 size=4096
       uree_test-5747  [005] d..3   201.134231: sched_wakeup: comm=adbd pid=5202 prio=120 success=1 target_cpu=004 state=R
          <idle>-0     [004] d..2   201.134330: sched_switch: prev_comm=swapper/4 prev_pid=0 prev_prio=120 prev_state=R ==> next_comm=adbd next_pid=5202 next_prio=120 prev->cgrp=1 next->cgrp=1 prev->st=1 next->st=1
            adbd-5202  [004] d..2   201.134432: sched_wakeup_new: comm=adbd pid=5748 prio=120 success=1 target_cpu=006 state=R
            adbd-5202  [004] d..3   201.134470: sched_wakeup: comm=UsbFfs-worker pid=5280 prio=120 success=1 target_cpu=007 state=R
            adbd-5202  [004] d..2   201.134496: sched_switch: prev_comm=adbd prev_pid=5202 prev_prio=120 prev_state=S ==> next_comm=swapper/4 next_pid=0 next_prio=120 prev->cgrp=1 next->cgrp=1 prev->st=1 next->st=1
          <idle>-0     [006] d..2   201.134533: sched_switch: prev_comm=swapper/6 prev_pid=0 prev_prio=120 prev_state=R ==> next_comm=adbd next_pid=5748 next_prio=120 prev->cgrp=1 next->cgrp=1 prev->st=1 next->st=1
          <idle>-0     [007] d..2   201.134567: sched_switch: prev_comm=swapper/7 prev_pid=0 prev_prio=120 prev_state=R ==> next_comm=UsbFfs-worker next_pid=5280 next_prio=120 prev->cgrp=1 next->cgrp=1 prev->st=1 next->st=1
  shell svc 5747-5748  [006] d..2   201.134579: sched_switch: prev_comm=shell svc 5747 prev_pid=5748 prev_prio=120 prev_state=S ==> next_comm=swapper/6 next_pid=0 next_prio=120 prev->cgrp=1 next->cgrp=1 prev->st=1 next->st=1
   UsbFfs-worker-5280  [007] d.h.   201.134589: irq_entry: irq=320 name=musb-hdrc
   UsbFfs-worker-5280  [007] d.h.   201.134591: irq_handler_entry: irq=320 name=musb-hdrc
   UsbFfs-worker-5280  [007] d.h2   201.134598: sched_migrate_task: comm=kworker/u16:1 pid=117 prio=120 orig_cpu=5 dest_cpu=4 state=W
   UsbFfs-worker-5280  [007] d.h3   201.134604: sched_wakeup: comm=kworker/u16:1 pid=117 prio=120 success=1 target_cpu=004 state=R
   UsbFfs-worker-5280  [007] d.h.   201.134605: irq_handler_exit: irq=320 ret=handled
          <idle>-0     [004] d..2   201.134607: sched_switch: prev_comm=swapper/4 prev_pid=0 prev_prio=120 prev_state=R ==> next_comm=kworker/u16:1 next_pid=117 next_prio=120 prev->cgrp=1 next->cgrp=1 prev->st=1 next->st=1
   UsbFfs-worker-5280  [007] d.h.   201.134607: irq_exit: irq=320
   UsbFfs-worker-5280  [007] d..2   201.134613: sched_switch: prev_comm=UsbFfs-worker prev_pid=5280 prev_prio=120 prev_state=S ==> next_comm=swapper/7 next_pid=0 next_prio=120 prev->cgrp=1 next->cgrp=1 prev->st=1 next->st=1
   kworker/u16:1-117   [004] d..3   201.134617: sched_wakeup: comm=UsbFfs-worker pid=5280 prio=120 success=1 target_cpu=007 state=R
          <idle>-0     [007] d..2   201.134621: sched_switch: prev_comm=swapper/7 prev_pid=0 prev_prio=120 prev_state=R ==> next_comm=UsbFfs-worker next_pid=5280 next_prio=120 prev->cgrp=1 next->cgrp=1 prev->st=1 next->st=1
   kworker/u16:1-117   [004] d..2   201.134622: sched_switch: prev_comm=kworker/u16:1 prev_pid=117 prev_prio=120 prev_state=D ==> next_comm=swapper/4 next_pid=0 next_prio=120 extra_prev_state=N prev->cgrp=1 next->cgrp=1 prev->st=1 next->st=1
   UsbFfs-worker-5280  [007] d..2   201.134628: sched_switch: prev_comm=UsbFfs-worker prev_pid=5280 prev_prio=120 prev_state=S ==> next_comm=swapper/7 next_pid=0 next_prio=120 prev->cgrp=1 next->cgrp=1 prev->st=1 next->st=1
          <idle>-0     [004] d.h1   201.136002: irq_entry: irq=5 name=arch_timer
       uree_test-5747  [005] d.h.   201.136002: irq_entry: irq=5 name=arch_timer
          <idle>-0     [004] d.h1   201.136004: irq_handler_entry: irq=5 name=arch_timer
       uree_test-5747  [005] d.h.   201.136004: irq_handler_entry: irq=5 name=arch_timer
          <idle>-0     [004] d.h1   201.136009: softirq_raise: vec=1 [action=TIMER]
       uree_test-5747  [005] d.h.   201.136009: softirq_raise: vec=1 [action=TIMER]
          <idle>-0     [004] d.h1   201.136010: softirq_raise: vec=9 [action=RCU]
       uree_test-5747  [005] d.h.   201.136010: softirq_raise: vec=9 [action=RCU]
          <idle>-0     [004] d.h1   201.136012: softirq_raise: vec=7 [action=SCHED]
       uree_test-5747  [005] d.h.   201.136015: softirq_raise: vec=7 [action=SCHED]
       uree_test-5747  [005] d.h.   201.136021: irq_handler_exit: irq=5 ret=handled
       uree_test-5747  [005] d.h.   201.136022: irq_exit: irq=5
          <idle>-0     [004] dnh4   201.136022: sched_wakeup: comm=kworker/4:1 pid=50 prio=120 success=1 target_cpu=004 state=R
       uree_test-5747  [005] ..s.   201.136023: softirq_entry: vec=1 [action=TIMER]
       uree_test-5747  [005] ..s.   201.136025: softirq_exit: vec=1 [action=TIMER]
       uree_test-5747  [005] ..s.   201.136025: softirq_entry: vec=7 [action=SCHED]
          <idle>-0     [004] dnh1   201.136026: irq_handler_exit: irq=5 ret=handled
          <idle>-0     [004] dnh1   201.136026: irq_exit: irq=5
          <idle>-0     [004] .ns1   201.136026: softirq_entry: vec=1 [action=TIMER]
          <idle>-0     [004] .ns1   201.136029: softirq_exit: vec=1 [action=TIMER]
          <idle>-0     [004] .ns1   201.136029: softirq_entry: vec=7 [action=SCHED]
       uree_test-5747  [005] ..s.   201.136033: softirq_exit: vec=7 [action=SCHED]
          <idle>-0     [004] .ns1   201.136033: softirq_exit: vec=7 [action=SCHED]
       uree_test-5747  [005] ..s.   201.136033: softirq_entry: vec=9 [action=RCU]
          <idle>-0     [004] .ns1   201.136033: softirq_entry: vec=9 [action=RCU]
       uree_test-5747  [005] d.s3   201.136041: sched_wakeup: comm=rcu_preempt pid=8 prio=120 success=1 target_cpu=006 state=R
          <idle>-0     [004] .ns1   201.136042: softirq_exit: vec=9 [action=RCU]
          <idle>-0     [004] d..2   201.136045: sched_switch: prev_comm=swapper/4 prev_pid=0 prev_prio=120 prev_state=R ==> next_comm=kworker/4:1 next_pid=50 next_prio=120 prev->cgrp=1 next->cgrp=1 prev->st=1 next->st=1
       uree_test-5747  [005] d.s3   201.136045: sched_wakeup: comm=rcu_sched pid=9 prio=120 success=1 target_cpu=007 state=R
       uree_test-5747  [005] ..s.   201.136046: softirq_exit: vec=9 [action=RCU]
     kworker/4:1-50    [004] d..2   201.136061: sched_switch: prev_comm=kworker/4:1 prev_pid=50 prev_prio=120 prev_state=D ==> next_comm=swapper/4 next_pid=0 next_prio=120 extra_prev_state=N prev->cgrp=1 next->cgrp=1 prev->st=1 next->st=1
          <idle>-0     [006] d..2   201.136147: sched_switch: prev_comm=swapper/6 prev_pid=0 prev_prio=120 prev_state=R ==> next_comm=rcu_preempt next_pid=8 next_prio=120 prev->cgrp=1 next->cgrp=1 prev->st=1 next->st=1
     rcu_preempt-8     [006] d..2   201.136157: sched_switch: prev_comm=rcu_preempt prev_pid=8 prev_prio=120 prev_state=D ==> next_comm=swapper/6 next_pid=0 next_prio=120 extra_prev_state=N prev->cgrp=1 next->cgrp=1 prev->st=1 next->st=1
          <idle>-0     [007] d..2   201.136163: sched_switch: prev_comm=swapper/7 prev_pid=0 prev_prio=120 prev_state=R ==> next_comm=rcu_sched next_pid=9 next_prio=120 prev->cgrp=1 next->cgrp=1 prev->st=1 next->st=1
       rcu_sched-9     [007] d..2   201.136169: sched_switch: prev_comm=rcu_sched prev_pid=9 prev_prio=120 prev_state=D ==> next_comm=swapper/7 next_pid=0 next_prio=120 extra_prev_state=N prev->cgrp=1 next->cgrp=1 prev->st=1 next->st=1
       uree_test-5747  [005] d.h.   201.136538: irq_entry: irq=320 name=musb-hdrc
       uree_test-5747  [005] d.h.   201.136540: irq_handler_entry: irq=320 name=musb-hdrc
