        gz_trace-67    [004] d..2   201.146191: sched_switch: prev_comm=gz_trace prev_pid=67 prev_prio=120 prev_state=S ==> next_comm=swapper/4 next_pid=0 next_prio=120 prev->cgrp=1 next->cgrp=1 prev->st=1 next->st=1
          <idle>-0     [006] d..2   201.146191: sched_switch: prev_comm=swapper/6 prev_pid=0 prev_prio=120 prev_state=R ==> next_comm=id0_trusty_k/2 next_pid=209 next_prio=100 prev->cgrp=1 next->cgrp=1 prev->st=1 next->st=1
       uree_test-5747  [005] d..2   201.146195: sched_switch: prev_comm=uree_test prev_pid=5747 prev_prio=120 prev_state=S ==> next_comm=swapper/5 next_pid=0 next_prio=120 prev->cgrp=1 next->cgrp=1 prev->st=1 next->st=1
  id0_trusty_k/2-209   [006] d..3   201.146251: sched_wakeup: comm=gz_trace pid=67 prio=120 success=1 target_cpu=004 state=R
          <idle>-0     [004] d..2   201.146252: sched_switch: prev_comm=swapper/4 prev_pid=0 prev_prio=120 prev_state=R ==> next_comm=gz_trace next_pid=67 next_prio=120 prev->cgrp=1 next->cgrp=1 prev->st=1 next->st=1
  id0_trusty_k/2-209   [006] d..2   201.146252: sched_migrate_task: comm=id0_trusty_c/0 pid=210 prio=100 orig_cpu=6 dest_cpu=5 state=W
  id0_trusty_k/2-209   [006] d..3   201.146254: sched_wakeup: comm=id0_trusty_c/0 pid=210 prio=100 success=1 target_cpu=005 state=R
          <idle>-0     [005] d..2   201.146257: sched_switch: prev_comm=swapper/5 prev_pid=0 prev_prio=120 prev_state=R ==> next_comm=id0_trusty_c/0 next_pid=210 next_prio=100 prev->cgrp=1 next->cgrp=1 prev->st=1 next->st=1
  id0_trusty_k/2-209   [006] d..2   201.146259: sched_switch: prev_comm=id0_trusty_k/2 prev_pid=209 prev_prio=100 prev_state=S ==> next_comm=swapper/6 next_pid=0 next_prio=120 prev->cgrp=1 next->cgrp=1 prev->st=1 next->st=1
  id0_trusty_c/0-210   [005] d..2   201.146260: sched_migrate_task: comm=uree_test pid=5747 prio=120 orig_cpu=5 dest_cpu=6 state=W
  id0_trusty_c/0-210   [005] d..3   201.146263: sched_wakeup: comm=uree_test pid=5747 prio=120 success=1 target_cpu=006 state=R
          <idle>-0     [006] d..2   201.146265: sched_switch: prev_comm=swapper/6 prev_pid=0 prev_prio=120 prev_state=R ==> next_comm=uree_test next_pid=5747 next_prio=120 prev->cgrp=1 next->cgrp=1 prev->st=1 next->st=1
  id0_trusty_c/0-210   [005] d..2   201.146267: sched_switch: prev_comm=id0_trusty_c/0 prev_pid=210 prev_prio=100 prev_state=S ==> next_comm=swapper/5 next_pid=0 next_prio=120 prev->cgrp=1 next->cgrp=1 prev->st=1 next->st=1
        gz_trace-67    [004] d..2   201.146269: sched_switch: prev_comm=gz_trace prev_pid=67 prev_prio=120 prev_state=S ==> next_comm=swapper/4 next_pid=0 next_prio=120 prev->cgrp=1 next->cgrp=1 prev->st=1 next->st=1
       uree_test-5747  [006] d..2   201.146271: sched_migrate_task: comm=id0_trusty_k/0 pid=207 prio=100 orig_cpu=7 dest_cpu=4 state=W
       uree_test-5747  [006] d..3   201.146276: sched_wakeup: comm=id0_trusty_k/0 pid=207 prio=100 success=1 target_cpu=004 state=R
          <idle>-0     [004] d..2   201.146278: sched_switch: prev_comm=swapper/4 prev_pid=0 prev_prio=120 prev_state=R ==> next_comm=id0_trusty_k/0 next_pid=207 next_prio=100 prev->cgrp=1 next->cgrp=1 prev->st=1 next->st=1
       uree_test-5747  [006] d..2   201.146282: sched_switch: prev_comm=uree_test prev_pid=5747 prev_prio=120 prev_state=S ==> next_comm=swapper/6 next_pid=0 next_prio=120 prev->cgrp=1 next->cgrp=1 prev->st=1 next->st=1
  id0_trusty_k/0-207   [004] d..2   201.146361: sched_migrate_task: comm=gz_trace pid=67 prio=120 orig_cpu=4 dest_cpu=5 state=W
  id0_trusty_k/0-207   [004] d..3   201.146365: sched_wakeup: comm=gz_trace pid=67 prio=120 success=1 target_cpu=005 state=R
  id0_trusty_k/0-207   [004] d..2   201.146367: sched_migrate_task: comm=id0_trusty_c/0 pid=210 prio=100 orig_cpu=5 dest_cpu=6 state=W
          <idle>-0     [005] d..2   201.146367: sched_switch: prev_comm=swapper/5 prev_pid=0 prev_prio=120 prev_state=R ==> next_comm=gz_trace next_pid=67 next_prio=120 prev->cgrp=1 next->cgrp=1 prev->st=1 next->st=1
  id0_trusty_k/0-207   [004] d..3   201.146369: sched_wakeup: comm=id0_trusty_c/0 pid=210 prio=100 success=1 target_cpu=006 state=R
          <idle>-0     [006] d..2   201.146371: sched_switch: prev_comm=swapper/6 prev_pid=0 prev_prio=120 prev_state=R ==> next_comm=id0_trusty_c/0 next_pid=210 next_prio=100 prev->cgrp=1 next->cgrp=1 prev->st=1 next->st=1
  id0_trusty_k/0-207   [004] d..2   201.146373: sched_switch: prev_comm=id0_trusty_k/0 prev_pid=207 prev_prio=100 prev_state=S ==> next_comm=swapper/4 next_pid=0 next_prio=120 prev->cgrp=1 next->cgrp=1 prev->st=1 next->st=1
  id0_trusty_c/0-210   [006] d..2   201.146376: sched_migrate_task: comm=uree_test pid=5747 prio=120 orig_cpu=6 dest_cpu=4 state=W
  id0_trusty_c/0-210   [006] d..3   201.146378: sched_wakeup: comm=uree_test pid=5747 prio=120 success=1 target_cpu=004 state=R
          <idle>-0     [004] d..2   201.146380: sched_switch: prev_comm=swapper/4 prev_pid=0 prev_prio=120 prev_state=R ==> next_comm=uree_test next_pid=5747 next_prio=120 prev->cgrp=1 next->cgrp=1 prev->st=1 next->st=1
  id0_trusty_c/0-210   [006] d..2   201.146382: sched_switch: prev_comm=id0_trusty_c/0 prev_pid=210 prev_prio=100 prev_state=S ==> next_comm=swapper/6 next_pid=0 next_prio=120 prev->cgrp=1 next->cgrp=1 prev->st=1 next->st=1
       uree_test-5747  [004] d..2   201.146389: sched_migrate_task: comm=id0_trusty_k/1 pid=208 prio=100 orig_cpu=5 dest_cpu=6 state=W
       uree_test-5747  [004] d..3   201.146392: sched_wakeup: comm=id0_trusty_k/1 pid=208 prio=100 success=1 target_cpu=006 state=R
          <idle>-0     [006] d..2   201.146393: sched_switch: prev_comm=swapper/6 prev_pid=0 prev_prio=120 prev_state=R ==> next_comm=id0_trusty_k/1 next_pid=208 next_prio=100 prev->cgrp=1 next->cgrp=1 prev->st=1 next->st=1
       uree_test-5747  [004] d..2   201.146394: sched_switch: prev_comm=uree_test prev_pid=5747 prev_prio=120 prev_state=S ==> next_comm=swapper/4 next_pid=0 next_prio=120 prev->cgrp=1 next->cgrp=1 prev->st=1 next->st=1
        gz_trace-67    [005] d..2   201.146475: sched_switch: prev_comm=gz_trace prev_pid=67 prev_prio=120 prev_state=S ==> next_comm=swapper/5 next_pid=0 next_prio=120 prev->cgrp=1 next->cgrp=1 prev->st=1 next->st=1
          <idle>-0     [004] d.h1   201.148001: irq_entry: irq=5 name=arch_timer
          <idle>-0     [005] d.h1   201.148001: irq_entry: irq=5 name=arch_timer
          <idle>-0     [007] d.h1   201.148001: irq_entry: irq=5 name=arch_timer
          <idle>-0     [007] d.h1   201.148001: irq_handler_entry: irq=5 name=arch_timer
          <idle>-0     [007] d.h1   201.148002: softirq_raise: vec=1 [action=TIMER]
          <idle>-0     [003] d.h1   201.148002: irq_entry: irq=5 name=arch_timer
          <idle>-0     [004] d.h1   201.148002: irq_handler_entry: irq=5 name=arch_timer
          <idle>-0     [005] d.h1   201.148002: irq_handler_entry: irq=5 name=arch_timer
          <idle>-0     [007] d.h1   201.148002: softirq_raise: vec=9 [action=RCU]
          <idle>-0     [007] d.h1   201.148003: irq_handler_exit: irq=5 ret=handled
          <idle>-0     [005] d.h1   201.148003: softirq_raise: vec=1 [action=TIMER]
          <idle>-0     [007] d.h1   201.148003: irq_exit: irq=5
          <idle>-0     [003] d.h1   201.148003: irq_handler_entry: irq=5 name=arch_timer
          <idle>-0     [005] d.h1   201.148003: softirq_raise: vec=9 [action=RCU]
          <idle>-0     [007] ..s1   201.148003: softirq_entry: vec=1 [action=TIMER]
          <idle>-0     [004] d.h1   201.148005: softirq_raise: vec=1 [action=TIMER]
          <idle>-0     [004] d.h1   201.148005: softirq_raise: vec=9 [action=RCU]
          <idle>-0     [004] d.h1   201.148006: softirq_raise: vec=7 [action=SCHED]
          <idle>-0     [003] d.h1   201.148006: softirq_raise: vec=1 [action=TIMER]
          <idle>-0     [005] d.h1   201.148007: irq_handler_exit: irq=5 ret=handled
          <idle>-0     [005] d.h1   201.148007: irq_exit: irq=5
          <idle>-0     [003] d.h1   201.148007: softirq_raise: vec=9 [action=RCU]
          <idle>-0     [005] ..s1   201.148007: softirq_entry: vec=1 [action=TIMER]
          <idle>-0     [007] dns3   201.148008: sched_wakeup: comm=rcu_sched pid=9 prio=120 success=1 target_cpu=007 state=R
          <idle>-0     [004] d.h1   201.148008: irq_handler_exit: irq=5 ret=handled
          <idle>-0     [004] d.h1   201.148008: irq_exit: irq=5
          <idle>-0     [005] ..s1   201.148008: softirq_exit: vec=1 [action=TIMER]
          <idle>-0     [007] .ns1   201.148008: softirq_exit: vec=1 [action=TIMER]
          <idle>-0     [005] ..s1   201.148009: softirq_entry: vec=9 [action=RCU]
          <idle>-0     [007] .ns1   201.148009: softirq_entry: vec=9 [action=RCU]
          <idle>-0     [004] ..s1   201.148009: softirq_entry: vec=1 [action=TIMER]
          <idle>-0     [007] .ns1   201.148009: softirq_exit: vec=9 [action=RCU]
          <idle>-0     [004] ..s1   201.148010: softirq_exit: vec=1 [action=TIMER]
          <idle>-0     [004] ..s1   201.148010: softirq_entry: vec=7 [action=SCHED]
          <idle>-0     [007] d..2   201.148010: sched_switch: prev_comm=swapper/7 prev_pid=0 prev_prio=120 prev_state=R ==> next_comm=rcu_sched next_pid=9 next_prio=120 prev->cgrp=1 next->cgrp=1 prev->st=1 next->st=1
          <idle>-0     [003] d.h1   201.148013: irq_handler_exit: irq=5 ret=handled
          <idle>-0     [003] d.h1   201.148014: irq_exit: irq=5
          <idle>-0     [004] ..s1   201.148014: softirq_exit: vec=7 [action=SCHED]
          <idle>-0     [005] dns1   201.148014: softirq_raise: vec=9 [action=RCU]
          <idle>-0     [004] ..s1   201.148014: softirq_entry: vec=9 [action=RCU]
  id0_trusty_k/1-208   [006] d..3   201.148015: sched_wakeup: comm=gz_trace pid=67 prio=120 success=1 target_cpu=005 state=R
          <idle>-0     [003] ..s1   201.148015: softirq_entry: vec=1 [action=TIMER]
          <idle>-0     [005] .ns1   201.148015: softirq_exit: vec=9 [action=RCU]
       rcu_sched-9     [007] d..2   201.148016: sched_switch: prev_comm=rcu_sched prev_pid=9 prev_prio=120 prev_state=D ==> next_comm=swapper/7 next_pid=0 next_prio=120 extra_prev_state=N prev->cgrp=1 next->cgrp=1 prev->st=1 next->st=1
  id0_trusty_k/1-208   [006] d..2   201.148016: sched_migrate_task: comm=id0_trusty_c/0 pid=210 prio=100 orig_cpu=6 dest_cpu=4 state=W
          <idle>-0     [004] ..s1   201.148017: softirq_exit: vec=9 [action=RCU]
          <idle>-0     [003] ..s1   201.148017: softirq_exit: vec=1 [action=TIMER]
          <idle>-0     [005] dns3   201.148018: sched_wakeup: comm=ksoftirqd/5 pid=35 prio=120 success=1 target_cpu=005 state=R
          <idle>-0     [003] ..s1   201.148018: softirq_entry: vec=9 [action=RCU]
  id0_trusty_k/1-208   [006] d..3   201.148018: sched_wakeup: comm=id0_trusty_c/0 pid=210 prio=100 success=1 target_cpu=004 state=R
  id0_trusty_k/1-208   [006] d.h.   201.148019: irq_entry: irq=5 name=arch_timer
          <idle>-0     [005] d..2   201.148019: sched_switch: prev_comm=swapper/5 prev_pid=0 prev_prio=120 prev_state=R ==> next_comm=ksoftirqd/5 next_pid=35 next_prio=120 prev->cgrp=1 next->cgrp=1 prev->st=1 next->st=1
          <idle>-0     [004] d..2   201.148020: sched_switch: prev_comm=swapper/4 prev_pid=0 prev_prio=120 prev_state=R ==> next_comm=id0_trusty_c/0 next_pid=210 next_prio=100 prev->cgrp=1 next->cgrp=1 prev->st=1 next->st=1
  id0_trusty_k/1-208   [006] d.h.   201.148020: irq_handler_entry: irq=5 name=arch_timer
          <idle>-0     [003] ..s1   201.148020: softirq_exit: vec=9 [action=RCU]
     ksoftirqd/5-35    [005] ..s.   201.148021: softirq_entry: vec=9 [action=RCU]
     ksoftirqd/5-35    [005] d.s.   201.148023: softirq_raise: vec=9 [action=RCU]
     ksoftirqd/5-35    [005] ..s.   201.148024: softirq_exit: vec=9 [action=RCU]
     ksoftirqd/5-35    [005] ..s.   201.148024: softirq_entry: vec=9 [action=RCU]
  id0_trusty_k/1-208   [006] d.h.   201.148024: softirq_raise: vec=1 [action=TIMER]
     ksoftirqd/5-35    [005] ..s.   201.148025: softirq_exit: vec=9 [action=RCU]
  id0_trusty_k/1-208   [006] d.h.   201.148025: softirq_raise: vec=9 [action=RCU]
     ksoftirqd/5-35    [005] d..2   201.148027: sched_switch: prev_comm=ksoftirqd/5 prev_pid=35 prev_prio=120 prev_state=S ==> next_comm=gz_trace next_pid=67 next_prio=120 prev->cgrp=1 next->cgrp=1 prev->st=1 next->st=1
  id0_trusty_c/0-210   [004] d..2   201.148028: sched_switch: prev_comm=id0_trusty_c/0 prev_pid=210 prev_prio=100 prev_state=S ==> next_comm=swapper/4 next_pid=0 next_prio=120 prev->cgrp=1 next->cgrp=1 prev->st=1 next->st=1
  id0_trusty_k/1-208   [006] d.h.   201.148031: irq_handler_exit: irq=5 ret=handled
  id0_trusty_k/1-208   [006] d.h.   201.148031: irq_exit: irq=5
  id0_trusty_k/1-208   [006] ..s.   201.148031: softirq_entry: vec=1 [action=TIMER]
  id0_trusty_k/1-208   [006] ..s.   201.148032: softirq_exit: vec=1 [action=TIMER]
  id0_trusty_k/1-208   [006] ..s.   201.148032: softirq_entry: vec=9 [action=RCU]
  id0_trusty_k/1-208   [006] ..s.   201.148033: softirq_exit: vec=9 [action=RCU]
  id0_trusty_k/1-208   [006] d..3   201.148173: sched_wakeup: comm=id0_trusty_c/0 pid=210 prio=100 success=1 target_cpu=004 state=R
          <idle>-0     [004] d..2   201.148174: sched_switch: prev_comm=swapper/4 prev_pid=0 prev_prio=120 prev_state=R ==> next_comm=id0_trusty_c/0 next_pid=210 next_prio=100 prev->cgrp=1 next->cgrp=1 prev->st=1 next->st=1
  id0_trusty_c/0-210   [004] d..2   201.148177: sched_migrate_task: comm=uree_test pid=5747 prio=120 orig_cpu=4 dest_cpu=6 state=W
  id0_trusty_c/0-210   [004] d..3   201.148179: sched_wakeup: comm=uree_test pid=5747 prio=120 success=1 target_cpu=006 state=R
  id0_trusty_k/1-208   [006] d..2   201.148181: sched_switch: prev_comm=id0_trusty_k/1 prev_pid=208 prev_prio=100 prev_state=S ==> next_comm=uree_test next_pid=5747 next_prio=120 prev->cgrp=1 next->cgrp=1 prev->st=1 next->st=1
  id0_trusty_c/0-210   [004] d..2   201.148182: sched_switch: prev_comm=id0_trusty_c/0 prev_pid=210 prev_prio=100 prev_state=S ==> next_comm=swapper/4 next_pid=0 next_prio=120 prev->cgrp=1 next->cgrp=1 prev->st=1 next->st=1
          <idle>-0     [003] dnh2   201.148214: sched_wakeup: comm=logd.writer pid=487 prio=118 success=1 target_cpu=003 state=R
       uree_test-5747  [006] d..2   201.148217: sched_migrate_task: comm=id0_trusty_k/2 pid=209 prio=100 orig_cpu=6 dest_cpu=4 state=W
          <idle>-0     [003] d..2   201.148218: sched_switch: prev_comm=swapper/3 prev_pid=0 prev_prio=120 prev_state=R ==> next_comm=logd.writer next_pid=487 next_prio=118 prev->cgrp=1 next->cgrp=4 prev->st=1 next->st=2
       uree_test-5747  [006] d..3   201.148222: sched_wakeup: comm=id0_trusty_k/2 pid=209 prio=100 success=1 target_cpu=004 state=R
          <idle>-0     [004] d..2   201.148223: sched_switch: prev_comm=swapper/4 prev_pid=0 prev_prio=120 prev_state=R ==> next_comm=id0_trusty_k/2 next_pid=209 next_prio=100 prev->cgrp=1 next->cgrp=1 prev->st=1 next->st=1
       uree_test-5747  [006] d..2   201.148228: sched_switch: prev_comm=uree_test prev_pid=5747 prev_prio=120 prev_state=S ==> next_comm=swapper/6 next_pid=0 next_prio=120 prev->cgrp=1 next->cgrp=1 prev->st=1 next->st=1
     logd.writer-487   [003] d..2   201.148267: sched_switch: prev_comm=logd.writer prev_pid=487 prev_prio=118 prev_state=S ==> next_comm=swapper/3 next_pid=0 next_prio=120 prev->cgrp=4 next->cgrp=1 prev->st=2 next->st=1
  id0_trusty_k/2-209   [004] d..2   201.148300: sched_migrate_task: comm=id0_trusty_c/0 pid=210 prio=100 orig_cpu=4 dest_cpu=6 state=W
  id0_trusty_k/2-209   [004] d..3   201.148303: sched_wakeup: comm=id0_trusty_c/0 pid=210 prio=100 success=1 target_cpu=006 state=R
          <idle>-0     [006] d..2   201.148306: sched_switch: prev_comm=swapper/6 prev_pid=0 prev_prio=120 prev_state=R ==> next_comm=id0_trusty_c/0 next_pid=210 next_prio=100 prev->cgrp=1 next->cgrp=1 prev->st=1 next->st=1
  id0_trusty_k/2-209   [004] d..2   201.148307: sched_switch: prev_comm=id0_trusty_k/2 prev_pid=209 prev_prio=100 prev_state=S ==> next_comm=swapper/4 next_pid=0 next_prio=120 prev->cgrp=1 next->cgrp=1 prev->st=1 next->st=1
  id0_trusty_c/0-210   [006] d..2   201.148309: sched_migrate_task: comm=uree_test pid=5747 prio=120 orig_cpu=6 dest_cpu=4 state=W
  id0_trusty_c/0-210   [006] d..3   201.148312: sched_wakeup: comm=uree_test pid=5747 prio=120 success=1 target_cpu=004 state=R
          <idle>-0     [004] d..2   201.148313: sched_switch: prev_comm=swapper/4 prev_pid=0 prev_prio=120 prev_state=R ==> next_comm=uree_test next_pid=5747 next_prio=120 prev->cgrp=1 next->cgrp=1 prev->st=1 next->st=1
  id0_trusty_c/0-210   [006] d..2   201.148315: sched_switch: prev_comm=id0_trusty_c/0 prev_pid=210 prev_prio=100 prev_state=S ==> next_comm=swapper/6 next_pid=0 next_prio=120 prev->cgrp=1 next->cgrp=1 prev->st=1 next->st=1
       uree_test-5747  [004] d..2   201.148317: sched_migrate_task: comm=id0_trusty_k/0 pid=207 prio=100 orig_cpu=4 dest_cpu=6 state=W
       uree_test-5747  [004] d..3   201.148319: sched_wakeup: comm=id0_trusty_k/0 pid=207 prio=100 success=1 target_cpu=006 state=R
          <idle>-0     [006] d..2   201.148320: sched_switch: prev_comm=swapper/6 prev_pid=0 prev_prio=120 prev_state=R ==> next_comm=id0_trusty_k/0 next_pid=207 next_prio=100 prev->cgrp=1 next->cgrp=1 prev->st=1 next->st=1
       uree_test-5747  [004] d..2   201.148343: sched_migrate_task: comm=shell svc 5747 pid=5748 prio=120 orig_cpu=6 dest_cpu=7 state=W
       uree_test-5747  [004] d..3   201.148346: sched_wakeup: comm=shell svc 5747 pid=5748 prio=120 success=1 target_cpu=007 state=R
          <idle>-0     [007] d..2   201.148348: sched_switch: prev_comm=swapper/7 prev_pid=0 prev_prio=120 prev_state=R ==> next_comm=shell svc 5747 next_pid=5748 next_prio=120 prev->cgrp=1 next->cgrp=1 prev->st=1 next->st=1
  id0_trusty_k/0-207   [006] d..2   201.148352: sched_migrate_task: comm=id0_trusty_c/0 pid=210 prio=100 orig_cpu=6 dest_cpu=0 state=W
          <idle>-0     [000] dnh2   201.148362: sched_wakeup: comm=id0_trusty_c/0 pid=210 prio=100 success=1 target_cpu=000 state=R
  id0_trusty_k/0-207   [006] d..5   201.148366: sched_migrate_task: comm=id0_trusty_c/0 pid=210 prio=100 orig_cpu=0 dest_cpu=6 state=R
  id0_trusty_k/0-207   [006] d..2   201.148369: sched_switch: prev_comm=id0_trusty_k/0 prev_pid=207 prev_prio=100 prev_state=S ==> next_comm=id0_trusty_c/0 next_pid=210 next_prio=100 prev->cgrp=1 next->cgrp=1 prev->st=1 next->st=1
  shell svc 5747-5748  [007] d..3   201.148370: sched_migrate_task: comm=adbd pid=5202 prio=120 orig_cpu=4 dest_cpu=0 state=W
  id0_trusty_c/0-210   [006] d..2   201.148372: sched_switch: prev_comm=id0_trusty_c/0 prev_pid=210 prev_prio=100 prev_state=S ==> next_comm=swapper/6 next_pid=0 next_prio=120 prev->cgrp=1 next->cgrp=1 prev->st=1 next->st=1
          <idle>-0     [000] dnh3   201.148377: sched_wakeup: comm=adbd pid=5202 prio=120 success=1 target_cpu=000 state=R
  shell svc 5747-5748  [007] d..5   201.148379: sched_migrate_task: comm=adbd pid=5202 prio=120 orig_cpu=0 dest_cpu=7 state=R
  shell svc 5747-5748  [007] d..2   201.148383: sched_switch: prev_comm=shell svc 5747 prev_pid=5748 prev_prio=120 prev_state=S ==> next_comm=adbd next_pid=5202 next_prio=120 prev->cgrp=1 next->cgrp=1 prev->st=1 next->st=1
            adbd-5202  [007] d..2   201.148419: sched_migrate_task: comm=UsbFfs-worker pid=5280 prio=120 orig_cpu=7 dest_cpu=6 state=W
            adbd-5202  [007] d..3   201.148422: sched_wakeup: comm=UsbFfs-worker pid=5280 prio=120 success=1 target_cpu=006 state=R
          <idle>-0     [006] d..2   201.148424: sched_switch: prev_comm=swapper/6 prev_pid=0 prev_prio=120 prev_state=R ==> next_comm=UsbFfs-worker next_pid=5280 next_prio=120 prev->cgrp=1 next->cgrp=1 prev->st=1 next->st=1
            adbd-5202  [007] d..2   201.148433: sched_switch: prev_comm=adbd prev_pid=5202 prev_prio=120 prev_state=S ==> next_comm=swapper/7 next_pid=0 next_prio=120 prev->cgrp=1 next->cgrp=1 prev->st=1 next->st=1
       uree_test-5747  [004] d.h3   201.148446: irq_entry: irq=320 name=musb-hdrc
       uree_test-5747  [004] d.h3   201.148447: irq_handler_entry: irq=320 name=musb-hdrc
   UsbFfs-worker-5280  [006] d..2   201.148453: sched_switch: prev_comm=UsbFfs-worker prev_pid=5280 prev_prio=120 prev_state=S ==> next_comm=swapper/6 next_pid=0 next_prio=120 prev->cgrp=1 next->cgrp=1 prev->st=1 next->st=1
       uree_test-5747  [004] d.h5   201.148454: sched_migrate_task: comm=kworker/u16:1 pid=117 prio=120 orig_cpu=4 dest_cpu=6 state=W
       uree_test-5747  [004] d.h6   201.148457: sched_wakeup: comm=kworker/u16:1 pid=117 prio=120 success=1 target_cpu=006 state=R
       uree_test-5747  [004] d.h3   201.148459: irq_handler_exit: irq=320 ret=handled
       uree_test-5747  [004] d.h3   201.148459: irq_exit: irq=320
          <idle>-0     [006] d..2   201.148461: sched_switch: prev_comm=swapper/6 prev_pid=0 prev_prio=120 prev_state=R ==> next_comm=kworker/u16:1 next_pid=117 next_prio=120 prev->cgrp=1 next->cgrp=1 prev->st=1 next->st=1
   kworker/u16:1-117   [006] d..2   201.148465: sched_migrate_task: comm=UsbFfs-worker pid=5280 prio=120 orig_cpu=6 dest_cpu=7 state=W
   kworker/u16:1-117   [006] d..3   201.148469: sched_wakeup: comm=UsbFfs-worker pid=5280 prio=120 success=1 target_cpu=007 state=R
          <idle>-0     [007] d..2   201.148471: sched_switch: prev_comm=swapper/7 prev_pid=0 prev_prio=120 prev_state=R ==> next_comm=UsbFfs-worker next_pid=5280 next_prio=120 prev->cgrp=1 next->cgrp=1 prev->st=1 next->st=1
   kworker/u16:1-117   [006] d..2   201.148476: sched_switch: prev_comm=kworker/u16:1 prev_pid=117 prev_prio=120 prev_state=D ==> next_comm=swapper/6 next_pid=0 next_prio=120 extra_prev_state=N prev->cgrp=1 next->cgrp=1 prev->st=1 next->st=1
   UsbFfs-worker-5280  [007] d..2   201.148481: sched_switch: prev_comm=UsbFfs-worker prev_pid=5280 prev_prio=120 prev_state=S ==> next_comm=swapper/7 next_pid=0 next_prio=120 prev->cgrp=1 next->cgrp=1 prev->st=1 next->st=1
       uree_test-5747  [004] d..3   201.148649: sched_wakeup: comm=shell svc 5747 pid=5748 prio=120 success=1 target_cpu=007 state=R
          <idle>-0     [007] d..2   201.148651: sched_switch: prev_comm=swapper/7 prev_pid=0 prev_prio=120 prev_state=R ==> next_comm=shell svc 5747 next_pid=5748 next_prio=120 prev->cgrp=1 next->cgrp=1 prev->st=1 next->st=1
       uree_test-5747  [004] d..5   201.148673: sched_wakeup: comm=shell svc 5747 pid=5748 prio=120 success=1 target_cpu=007 state=R
       uree_test-5747  [004] d..4   201.148679: sched_wakeup: comm=kworker/u16:1 pid=117 prio=120 success=1 target_cpu=006 state=R
          <idle>-0     [006] d..2   201.148681: sched_switch: prev_comm=swapper/6 prev_pid=0 prev_prio=120 prev_state=R ==> next_comm=kworker/u16:1 next_pid=117 next_prio=120 prev->cgrp=1 next->cgrp=1 prev->st=1 next->st=1
       uree_test-5747  [004] d..2   201.148682: sched_switch: prev_comm=uree_test prev_pid=5747 prev_prio=120 prev_state=x ==> next_comm=swapper/4 next_pid=0 next_prio=120 prev->cgrp=1 next->cgrp=1 prev->st=1 next->st=1
   kworker/u16:1-117   [006] d..2   201.148686: sched_switch: prev_comm=kworker/u16:1 prev_pid=117 prev_prio=120 prev_state=D ==> next_comm=swapper/6 next_pid=0 next_prio=120 extra_prev_state=N prev->cgrp=1 next->cgrp=1 prev->st=1 next->st=1
  shell svc 5747-5748  [007] d..3   201.148716: sched_migrate_task: comm=adbd pid=5202 prio=120 orig_cpu=7 dest_cpu=4 state=W
  shell svc 5747-5748  [007] d..4   201.148721: sched_wakeup: comm=adbd pid=5202 prio=120 success=1 target_cpu=004 state=R
          <idle>-0     [004] d..2   201.148722: sched_switch: prev_comm=swapper/4 prev_pid=0 prev_prio=120 prev_state=R ==> next_comm=adbd next_pid=5202 next_prio=120 prev->cgrp=1 next->cgrp=1 prev->st=1 next->st=1
            adbd-5202  [004] d..2   201.148740: sched_migrate_task: comm=UsbFfs-worker pid=5280 prio=120 orig_cpu=7 dest_cpu=6 state=W
            adbd-5202  [004] d..3   201.148745: sched_wakeup: comm=UsbFfs-worker pid=5280 prio=120 success=1 target_cpu=006 state=R
          <idle>-0     [006] d..2   201.148746: sched_switch: prev_comm=swapper/6 prev_pid=0 prev_prio=120 prev_state=R ==> next_comm=UsbFfs-worker next_pid=5280 next_prio=120 prev->cgrp=1 next->cgrp=1 prev->st=1 next->st=1
        gz_trace-67    [005] d.h.   201.148756: irq_entry: irq=320 name=musb-hdrc
        gz_trace-67    [005] d.h.   201.148757: irq_handler_entry: irq=320 name=musb-hdrc
  shell svc 5747-5748  [007] d..2   201.148761: sched_switch: prev_comm=shell svc 5747 prev_pid=5748 prev_prio=120 prev_state=x ==> next_comm=swapper/7 next_pid=0 next_prio=120 prev->cgrp=1 next->cgrp=1 prev->st=1 next->st=1
        gz_trace-67    [005] d.h2   201.148762: sched_migrate_task: comm=kworker/u16:1 pid=117 prio=120 orig_cpu=6 dest_cpu=7 state=W
        gz_trace-67    [005] d.h3   201.148766: sched_wakeup: comm=kworker/u16:1 pid=117 prio=120 success=1 target_cpu=007 state=R
        gz_trace-67    [005] d.h.   201.148767: irq_handler_exit: irq=320 ret=handled
        gz_trace-67    [005] d.h.   201.148767: irq_exit: irq=320
          <idle>-0     [007] dn.4   201.148768: sched_wakeup: comm=kworker/7:2 pid=328 prio=120 success=1 target_cpu=007 state=R
            adbd-5202  [004] d.h.   201.148768: irq_entry: irq=320 name=musb-hdrc
            adbd-5202  [004] d.h.   201.148769: irq_handler_entry: irq=320 name=musb-hdrc
   UsbFfs-worker-5280  [006] d..2   201.148769: sched_switch: prev_comm=UsbFfs-worker prev_pid=5280 prev_prio=120 prev_state=S ==> next_comm=swapper/6 next_pid=0 next_prio=120 prev->cgrp=1 next->cgrp=1 prev->st=1 next->st=1
          <idle>-0     [007] d..2   201.148770: sched_switch: prev_comm=swapper/7 prev_pid=0 prev_prio=120 prev_state=R ==> next_comm=kworker/u16:1 next_pid=117 next_prio=120 prev->cgrp=1 next->cgrp=1 prev->st=1 next->st=1
   kworker/u16:1-117   [007] d..3   201.148774: sched_wakeup: comm=UsbFfs-worker pid=5280 prio=120 success=1 target_cpu=006 state=R
            adbd-5202  [004] d.h2   201.148775: sched_migrate_task: comm=kworker/u16:7 pid=433 prio=120 orig_cpu=4 dest_cpu=0 state=W
          <idle>-0     [006] d..2   201.148776: sched_switch: prev_comm=swapper/6 prev_pid=0 prev_prio=120 prev_state=R ==> next_comm=UsbFfs-worker next_pid=5280 next_prio=120 prev->cgrp=1 next->cgrp=1 prev->st=1 next->st=1
            adbd-5202  [004] d.h.   201.148777: irq_handler_exit: irq=320 ret=handled
            adbd-5202  [004] d.h.   201.148778: irq_exit: irq=320
   kworker/u16:1-117   [007] d..2   201.148780: sched_switch: prev_comm=kworker/u16:1 prev_pid=117 prev_prio=120 prev_state=D ==> next_comm=kworker/7:2 next_pid=328 next_prio=120 extra_prev_state=N prev->cgrp=1 next->cgrp=1 prev->st=1 next->st=1
          <idle>-0     [000] dnh2   201.148782: sched_wakeup: comm=kworker/u16:7 pid=433 prio=120 success=1 target_cpu=000 state=R
   UsbFfs-worker-5280  [006] d..2   201.148784: sched_switch: prev_comm=UsbFfs-worker prev_pid=5280 prev_prio=120 prev_state=S ==> next_comm=swapper/6 next_pid=0 next_prio=120 prev->cgrp=1 next->cgrp=1 prev->st=1 next->st=1
          <idle>-0     [000] d..2   201.148787: sched_switch: prev_comm=swapper/0 prev_pid=0 prev_prio=120 prev_state=R ==> next_comm=kworker/u16:7 next_pid=433 next_prio=120 prev->cgrp=1 next->cgrp=1 prev->st=1 next->st=1
            adbd-5202  [004] d..2   201.148792: sched_switch: prev_comm=adbd prev_pid=5202 prev_prio=120 prev_state=S ==> next_comm=swapper/4 next_pid=0 next_prio=120 prev->cgrp=1 next->cgrp=1 prev->st=1 next->st=1
   kworker/u16:7-433   [000] d..2   201.148796: sched_switch: prev_comm=kworker/u16:7 prev_pid=433 prev_prio=120 prev_state=D ==> next_comm=swapper/0 next_pid=0 next_prio=120 extra_prev_state=N prev->cgrp=1 next->cgrp=1 prev->st=1 next->st=1
     kworker/7:2-328   [007] d..2   201.148797: sched_switch: prev_comm=kworker/7:2 prev_pid=328 prev_prio=120 prev_state=D ==> next_comm=swapper/7 next_pid=0 next_prio=120 extra_prev_state=N prev->cgrp=1 next->cgrp=1 prev->st=1 next->st=1
        gz_trace-67    [005] d.h.   201.148956: irq_entry: irq=320 name=musb-hdrc
        gz_trace-67    [005] d.h.   201.148957: irq_handler_entry: irq=320 name=musb-hdrc
        gz_trace-67    [005] d.h2   201.148961: sched_migrate_task: comm=kworker/u16:7 pid=433 prio=120 orig_cpu=0 dest_cpu=4 state=W
        gz_trace-67    [005] d.h3   201.148963: sched_wakeup: comm=kworker/u16:7 pid=433 prio=120 success=1 target_cpu=004 state=R
        gz_trace-67    [005] d.h.   201.148963: irq_handler_exit: irq=320 ret=handled
        gz_trace-67    [005] d.h.   201.148964: irq_exit: irq=320
          <idle>-0     [004] d..2   201.148966: sched_switch: prev_comm=swapper/4 prev_pid=0 prev_prio=120 prev_state=R ==> next_comm=kworker/u16:7 next_pid=433 next_prio=120 prev->cgrp=1 next->cgrp=1 prev->st=1 next->st=1
   kworker/u16:7-433   [004] d..3   201.148976: sched_wakeup: comm=UsbFfs-worker pid=5280 prio=120 success=1 target_cpu=006 state=R
          <idle>-0     [006] d..2   201.148978: sched_switch: prev_comm=swapper/6 prev_pid=0 prev_prio=120 prev_state=R ==> next_comm=UsbFfs-worker next_pid=5280 next_prio=120 prev->cgrp=1 next->cgrp=1 prev->st=1 next->st=1
   kworker/u16:7-433   [004] d..2   201.148982: sched_switch: prev_comm=kworker/u16:7 prev_pid=433 prev_prio=120 prev_state=D ==> next_comm=swapper/4 next_pid=0 next_prio=120 extra_prev_state=N prev->cgrp=1 next->cgrp=1 prev->st=1 next->st=1
   UsbFfs-worker-5280  [006] d..4   201.149000: sched_wakeup: comm=adbd pid=5202 prio=120 success=1 target_cpu=004 state=R
          <idle>-0     [004] d..2   201.149001: sched_switch: prev_comm=swapper/4 prev_pid=0 prev_prio=120 prev_state=R ==> next_comm=adbd next_pid=5202 next_prio=120 prev->cgrp=1 next->cgrp=1 prev->st=1 next->st=1
   UsbFfs-worker-5280  [006] d..2   201.149011: sched_switch: prev_comm=UsbFfs-worker prev_pid=5280 prev_prio=120 prev_state=S ==> next_comm=swapper/6 next_pid=0 next_prio=120 prev->cgrp=1 next->cgrp=1 prev->st=1 next->st=1
            adbd-5202  [004] d..3   201.149014: sched_wakeup: comm=UsbFfs-worker pid=5280 prio=120 success=1 target_cpu=006 state=R
          <idle>-0     [006] d..2   201.149016: sched_switch: prev_comm=swapper/6 prev_pid=0 prev_prio=120 prev_state=R ==> next_comm=UsbFfs-worker next_pid=5280 next_prio=120 prev->cgrp=1 next->cgrp=1 prev->st=1 next->st=1
            adbd-5202  [004] d..2   201.149019: sched_switch: prev_comm=adbd prev_pid=5202 prev_prio=120 prev_state=S ==> next_comm=swapper/4 next_pid=0 next_prio=120 prev->cgrp=1 next->cgrp=1 prev->st=1 next->st=1
        gz_trace-67    [005] d.h.   201.149022: irq_entry: irq=320 name=musb-hdrc
        gz_trace-67    [005] d.h.   201.149022: irq_handler_entry: irq=320 name=musb-hdrc
   UsbFfs-worker-5280  [006] d..2   201.149023: sched_switch: prev_comm=UsbFfs-worker prev_pid=5280 prev_prio=120 prev_state=S ==> next_comm=swapper/6 next_pid=0 next_prio=120 prev->cgrp=1 next->cgrp=1 prev->st=1 next->st=1
        gz_trace-67    [005] d.h3   201.149027: sched_wakeup: comm=kworker/u16:7 pid=433 prio=120 success=1 target_cpu=004 state=R
        gz_trace-67    [005] d.h.   201.149027: irq_handler_exit: irq=320 ret=handled
        gz_trace-67    [005] d.h.   201.149028: irq_exit: irq=320
          <idle>-0     [004] d..2   201.149029: sched_switch: prev_comm=swapper/4 prev_pid=0 prev_prio=120 prev_state=R ==> next_comm=kworker/u16:7 next_pid=433 next_prio=120 prev->cgrp=1 next->cgrp=1 prev->st=1 next->st=1
   kworker/u16:7-433   [004] d..3   201.149033: sched_wakeup: comm=UsbFfs-worker pid=5280 prio=120 success=1 target_cpu=006 state=R
          <idle>-0     [006] d..2   201.149034: sched_switch: prev_comm=swapper/6 prev_pid=0 prev_prio=120 prev_state=R ==> next_comm=UsbFfs-worker next_pid=5280 next_prio=120 prev->cgrp=1 next->cgrp=1 prev->st=1 next->st=1
   kworker/u16:7-433   [004] d..2   201.149036: sched_switch: prev_comm=kworker/u16:7 prev_pid=433 prev_prio=120 prev_state=D ==> next_comm=swapper/4 next_pid=0 next_prio=120 extra_prev_state=N prev->cgrp=1 next->cgrp=1 prev->st=1 next->st=1
   UsbFfs-worker-5280  [006] d..2   201.149038: sched_switch: prev_comm=UsbFfs-worker prev_pid=5280 prev_prio=120 prev_state=S ==> next_comm=swapper/6 next_pid=0 next_prio=120 prev->cgrp=1 next->cgrp=1 prev->st=1 next->st=1
        gz_trace-67    [005] d.h.   201.149337: irq_entry: irq=320 name=musb-hdrc
        gz_trace-67    [005] d.h.   201.149337: irq_handler_entry: irq=320 name=musb-hdrc
        gz_trace-67    [005] d.h3   201.149343: sched_wakeup: comm=kworker/u16:7 pid=433 prio=120 success=1 target_cpu=004 state=R
        gz_trace-67    [005] d.h.   201.149343: irq_handler_exit: irq=320 ret=handled
        gz_trace-67    [005] d.h.   201.149344: irq_exit: irq=320
          <idle>-0     [004] d..2   201.149345: sched_switch: prev_comm=swapper/4 prev_pid=0 prev_prio=120 prev_state=R ==> next_comm=kworker/u16:7 next_pid=433 next_prio=120 prev->cgrp=1 next->cgrp=1 prev->st=1 next->st=1
   kworker/u16:7-433   [004] d..3   201.149350: sched_wakeup: comm=UsbFfs-worker pid=5280 prio=120 success=1 target_cpu=006 state=R
          <idle>-0     [006] d..2   201.149352: sched_switch: prev_comm=swapper/6 prev_pid=0 prev_prio=120 prev_state=R ==> next_comm=UsbFfs-worker next_pid=5280 next_prio=120 prev->cgrp=1 next->cgrp=1 prev->st=1 next->st=1
   kworker/u16:7-433   [004] d..2   201.149353: sched_switch: prev_comm=kworker/u16:7 prev_pid=433 prev_prio=120 prev_state=D ==> next_comm=swapper/4 next_pid=0 next_prio=120 extra_prev_state=N prev->cgrp=1 next->cgrp=1 prev->st=1 next->st=1
   UsbFfs-worker-5280  [006] d..4   201.149360: sched_wakeup: comm=adbd pid=5202 prio=120 success=1 target_cpu=004 state=R
          <idle>-0     [004] d..2   201.149361: sched_switch: prev_comm=swapper/4 prev_pid=0 prev_prio=120 prev_state=R ==> next_comm=adbd next_pid=5202 next_prio=120 prev->cgrp=1 next->cgrp=1 prev->st=1 next->st=1
   UsbFfs-worker-5280  [006] d..2   201.149370: sched_switch: prev_comm=UsbFfs-worker prev_pid=5280 prev_prio=120 prev_state=S ==> next_comm=swapper/6 next_pid=0 next_prio=120 prev->cgrp=1 next->cgrp=1 prev->st=1 next->st=1
            adbd-5202  [004] d..3   201.149373: sched_wakeup: comm=UsbFfs-worker pid=5280 prio=120 success=1 target_cpu=006 state=R
          <idle>-0     [006] d..2   201.149375: sched_switch: prev_comm=swapper/6 prev_pid=0 prev_prio=120 prev_state=R ==> next_comm=UsbFfs-worker next_pid=5280 next_prio=120 prev->cgrp=1 next->cgrp=1 prev->st=1 next->st=1
            adbd-5202  [004] d..2   201.149377: sched_switch: prev_comm=adbd prev_pid=5202 prev_prio=120 prev_state=S ==> next_comm=swapper/4 next_pid=0 next_prio=120 prev->cgrp=1 next->cgrp=1 prev->st=1 next->st=1
        gz_trace-67    [005] d.h.   201.149381: irq_entry: irq=320 name=musb-hdrc
        gz_trace-67    [005] d.h.   201.149382: irq_handler_entry: irq=320 name=musb-hdrc
   UsbFfs-worker-5280  [006] d..2   201.149383: sched_switch: prev_comm=UsbFfs-worker prev_pid=5280 prev_prio=120 prev_state=S ==> next_comm=swapper/6 next_pid=0 next_prio=120 prev->cgrp=1 next->cgrp=1 prev->st=1 next->st=1
        gz_trace-67    [005] d.h3   201.149386: sched_wakeup: comm=kworker/u16:7 pid=433 prio=120 success=1 target_cpu=004 state=R
        gz_trace-67    [005] d.h.   201.149387: irq_handler_exit: irq=320 ret=handled
        gz_trace-67    [005] d.h.   201.149387: irq_exit: irq=320
          <idle>-0     [004] d..2   201.149388: sched_switch: prev_comm=swapper/4 prev_pid=0 prev_prio=120 prev_state=R ==> next_comm=kworker/u16:7 next_pid=433 next_prio=120 prev->cgrp=1 next->cgrp=1 prev->st=1 next->st=1
   kworker/u16:7-433   [004] d..3   201.149391: sched_wakeup: comm=UsbFfs-worker pid=5280 prio=120 success=1 target_cpu=006 state=R
          <idle>-0     [006] d..2   201.149393: sched_switch: prev_comm=swapper/6 prev_pid=0 prev_prio=120 prev_state=R ==> next_comm=UsbFfs-worker next_pid=5280 next_prio=120 prev->cgrp=1 next->cgrp=1 prev->st=1 next->st=1
   kworker/u16:7-433   [004] d..2   201.149394: sched_switch: prev_comm=kworker/u16:7 prev_pid=433 prev_prio=120 prev_state=D ==> next_comm=swapper/4 next_pid=0 next_prio=120 extra_prev_state=N prev->cgrp=1 next->cgrp=1 prev->st=1 next->st=1
   UsbFfs-worker-5280  [006] d..2   201.149398: sched_switch: prev_comm=UsbFfs-worker prev_pid=5280 prev_prio=120 prev_state=S ==> next_comm=swapper/6 next_pid=0 next_prio=120 prev->cgrp=1 next->cgrp=1 prev->st=1 next->st=1
        gz_trace-67    [005] d.h.   201.149449: irq_entry: irq=320 name=musb-hdrc
        gz_trace-67    [005] d.h.   201.149450: irq_handler_entry: irq=320 name=musb-hdrc
        gz_trace-67    [005] d.h3   201.149454: sched_wakeup: comm=kworker/u16:7 pid=433 prio=120 success=1 target_cpu=004 state=R
        gz_trace-67    [005] d.h.   201.149455: irq_handler_exit: irq=320 ret=handled
        gz_trace-67    [005] d.h.   201.149455: irq_exit: irq=320
          <idle>-0     [004] d..2   201.149456: sched_switch: prev_comm=swapper/4 prev_pid=0 prev_prio=120 prev_state=R ==> next_comm=kworker/u16:7 next_pid=433 next_prio=120 prev->cgrp=1 next->cgrp=1 prev->st=1 next->st=1
   kworker/u16:7-433   [004] d..3   201.149461: sched_wakeup: comm=UsbFfs-worker pid=5280 prio=120 success=1 target_cpu=006 state=R
          <idle>-0     [006] d..2   201.149462: sched_switch: prev_comm=swapper/6 prev_pid=0 prev_prio=120 prev_state=R ==> next_comm=UsbFfs-worker next_pid=5280 next_prio=120 prev->cgrp=1 next->cgrp=1 prev->st=1 next->st=1
   kworker/u16:7-433   [004] d..2   201.149464: sched_switch: prev_comm=kworker/u16:7 prev_pid=433 prev_prio=120 prev_state=D ==> next_comm=swapper/4 next_pid=0 next_prio=120 extra_prev_state=N prev->cgrp=1 next->cgrp=1 prev->st=1 next->st=1
   UsbFfs-worker-5280  [006] d..4   201.149469: sched_wakeup: comm=adbd pid=5202 prio=120 success=1 target_cpu=004 state=R
          <idle>-0     [004] d..2   201.149470: sched_switch: prev_comm=swapper/4 prev_pid=0 prev_prio=120 prev_state=R ==> next_comm=adbd next_pid=5202 next_prio=120 prev->cgrp=1 next->cgrp=1 prev->st=1 next->st=1
            adbd-5202  [004] d..2   201.149477: sched_switch: prev_comm=adbd prev_pid=5202 prev_prio=120 prev_state=S ==> next_comm=swapper/4 next_pid=0 next_prio=120 prev->cgrp=1 next->cgrp=1 prev->st=1 next->st=1
   UsbFfs-worker-5280  [006] d..2   201.149477: sched_switch: prev_comm=UsbFfs-worker prev_pid=5280 prev_prio=120 prev_state=S ==> next_comm=swapper/6 next_pid=0 next_prio=120 prev->cgrp=1 next->cgrp=1 prev->st=1 next->st=1
        gz_trace-67    [006] ...1   201.146408: tracing_mark_write: S|67|.srv.mem|6
        gz_trace-67    [005] d.h.   201.152000: irq_entry: irq=5 name=arch_timer
          <idle>-0     [007] d.h1   201.152001: irq_entry: irq=5 name=arch_timer
          <idle>-0     [004] d.h1   201.152001: irq_entry: irq=5 name=arch_timer
        gz_trace-67    [005] d.h.   201.152001: irq_handler_entry: irq=5 name=arch_timer
          <idle>-0     [007] d.h1   201.152001: irq_handler_entry: irq=5 name=arch_timer
          <idle>-0     [000] d.h1   201.152001: irq_entry: irq=5 name=arch_timer
          <idle>-0     [004] d.h1   201.152002: irq_handler_entry: irq=5 name=arch_timer
          <idle>-0     [006] d.h1   201.152002: irq_entry: irq=5 name=arch_timer
          <idle>-0     [007] d.h1   201.152002: softirq_raise: vec=9 [action=RCU]
          <idle>-0     [003] d.h1   201.152002: irq_entry: irq=5 name=arch_timer
          <idle>-0     [000] d.h1   201.152002: irq_handler_entry: irq=5 name=arch_timer
          <idle>-0     [006] d.h1   201.152002: irq_handler_entry: irq=5 name=arch_timer
          <idle>-0     [007] d.h1   201.152003: softirq_raise: vec=7 [action=SCHED]
          <idle>-0     [003] d.h1   201.152004: irq_handler_entry: irq=5 name=arch_timer
          <idle>-0     [004] d.h1   201.152004: softirq_raise: vec=1 [action=TIMER]
        gz_trace-67    [005] d.h.   201.152004: softirq_raise: vec=1 [action=TIMER]
          <idle>-0     [006] d.h1   201.152004: softirq_raise: vec=1 [action=TIMER]
          <idle>-0     [000] d.h1   201.152005: softirq_raise: vec=1 [action=TIMER]
          <idle>-0     [004] d.h1   201.152005: softirq_raise: vec=9 [action=RCU]
          <idle>-0     [007] d.h1   201.152005: irq_handler_exit: irq=5 ret=handled
          <idle>-0     [007] d.h1   201.152005: irq_exit: irq=5
          <idle>-0     [007] ..s1   201.152006: softirq_entry: vec=7 [action=SCHED]
          <idle>-0     [006] d.h1   201.152006: softirq_raise: vec=7 [action=SCHED]
          <idle>-0     [000] d.h1   201.152006: softirq_raise: vec=9 [action=RCU]
          <idle>-0     [003] d.h1   201.152006: softirq_raise: vec=1 [action=TIMER]
          <idle>-0     [004] d.h1   201.152007: irq_handler_exit: irq=5 ret=handled
          <idle>-0     [003] d.h1   201.152007: softirq_raise: vec=9 [action=RCU]
          <idle>-0     [004] d.h1   201.152007: irq_exit: irq=5
        gz_trace-67    [005] d.h.   201.152007: softirq_raise: vec=7 [action=SCHED]
          <idle>-0     [006] d.h1   201.152008: irq_handler_exit: irq=5 ret=handled
          <idle>-0     [004] ..s1   201.152008: softirq_entry: vec=1 [action=TIMER]
          <idle>-0     [000] d.h1   201.152008: softirq_raise: vec=7 [action=SCHED]
          <idle>-0     [006] d.h1   201.152008: irq_exit: irq=5
          <idle>-0     [004] ..s1   201.152008: softirq_exit: vec=1 [action=TIMER]
          <idle>-0     [004] ..s1   201.152009: softirq_entry: vec=9 [action=RCU]
          <idle>-0     [006] ..s1   201.152009: softirq_entry: vec=1 [action=TIMER]
          <idle>-0     [003] d.h1   201.152009: softirq_raise: vec=7 [action=SCHED]
          <idle>-0     [007] ..s1   201.152009: softirq_exit: vec=7 [action=SCHED]
          <idle>-0     [004] ..s1   201.152009: softirq_exit: vec=9 [action=RCU]
          <idle>-0     [007] ..s1   201.152010: softirq_entry: vec=9 [action=RCU]
        gz_trace-67    [005] d.h.   201.152010: irq_handler_exit: irq=5 ret=handled
        gz_trace-67    [005] d.h.   201.152010: irq_exit: irq=5
          <idle>-0     [007] ..s1   201.152010: softirq_exit: vec=9 [action=RCU]
        gz_trace-67    [005] ..s.   201.152010: softirq_entry: vec=1 [action=TIMER]
        gz_trace-67    [005] ..s.   201.152011: softirq_exit: vec=1 [action=TIMER]
          <idle>-0     [003] d.h1   201.152011: irq_handler_exit: irq=5 ret=handled
        gz_trace-67    [005] ..s.   201.152011: softirq_entry: vec=7 [action=SCHED]
          <idle>-0     [000] d.h1   201.152012: irq_handler_exit: irq=5 ret=handled
          <idle>-0     [003] d.h1   201.152012: irq_exit: irq=5
          <idle>-0     [000] d.h1   201.152013: irq_exit: irq=5
          <idle>-0     [003] ..s1   201.152013: softirq_entry: vec=1 [action=TIMER]
          <idle>-0     [006] dns3   201.152013: sched_wakeup: comm=rcu_preempt pid=8 prio=120 success=1 target_cpu=006 state=R
          <idle>-0     [000] ..s1   201.152014: softirq_entry: vec=1 [action=TIMER]
          <idle>-0     [006] .ns1   201.152014: softirq_exit: vec=1 [action=TIMER]
          <idle>-0     [003] ..s1   201.152014: softirq_exit: vec=1 [action=TIMER]
          <idle>-0     [006] .ns1   201.152014: softirq_entry: vec=7 [action=SCHED]
        gz_trace-67    [005] ..s.   201.152014: softirq_exit: vec=7 [action=SCHED]
          <idle>-0     [003] ..s1   201.152015: softirq_entry: vec=7 [action=SCHED]
          <idle>-0     [006] .ns1   201.152017: softirq_exit: vec=7 [action=SCHED]
          <idle>-0     [006] d..2   201.152019: sched_switch: prev_comm=swapper/6 prev_pid=0 prev_prio=120 prev_state=R ==> next_comm=rcu_preempt next_pid=8 next_prio=120 prev->cgrp=1 next->cgrp=1 prev->st=1 next->st=1
          <idle>-0     [003] ..s1   201.152023: softirq_exit: vec=7 [action=SCHED]
          <idle>-0     [000] dns4   201.152024: sched_wakeup: comm=kworker/0:2 pid=408 prio=120 success=1 target_cpu=000 state=R
          <idle>-0     [003] ..s1   201.152024: softirq_entry: vec=9 [action=RCU]
          <idle>-0     [000] .ns1   201.152026: softirq_exit: vec=1 [action=TIMER]
     rcu_preempt-8     [006] d..2   201.152026: sched_switch: prev_comm=rcu_preempt prev_pid=8 prev_prio=120 prev_state=D ==> next_comm=swapper/6 next_pid=0 next_prio=120 extra_prev_state=N prev->cgrp=1 next->cgrp=1 prev->st=1 next->st=1
          <idle>-0     [000] .ns1   201.152027: softirq_entry: vec=7 [action=SCHED]
          <idle>-0     [003] ..s1   201.152033: softirq_exit: vec=9 [action=RCU]
          <idle>-0     [000] .ns1   201.152034: softirq_exit: vec=7 [action=SCHED]
          <idle>-0     [007] dnh2   201.152034: sched_wakeup: comm=rcu_sched pid=9 prio=120 success=1 target_cpu=007 state=R
          <idle>-0     [000] .ns1   201.152035: softirq_entry: vec=9 [action=RCU]
          <idle>-0     [007] d..2   201.152036: sched_switch: prev_comm=swapper/7 prev_pid=0 prev_prio=120 prev_state=R ==> next_comm=rcu_sched next_pid=9 next_prio=120 prev->cgrp=1 next->cgrp=1 prev->st=1 next->st=1
          <idle>-0     [000] .ns1   201.152037: softirq_exit: vec=9 [action=RCU]
          <idle>-0     [000] d..2   201.152041: sched_switch: prev_comm=swapper/0 prev_pid=0 prev_prio=120 prev_state=R ==> next_comm=kworker/0:2 next_pid=408 next_prio=120 prev->cgrp=1 next->cgrp=1 prev->st=1 next->st=1
       rcu_sched-9     [007] d..2   201.152044: sched_switch: prev_comm=rcu_sched prev_pid=9 prev_prio=120 prev_state=D ==> next_comm=swapper/7 next_pid=0 next_prio=120 extra_prev_state=N prev->cgrp=1 next->cgrp=1 prev->st=1 next->st=1
          <idle>-0     [006] dnh2   201.152053: sched_wakeup: comm=kworker/6:1 pid=119 prio=120 success=1 target_cpu=006 state=R
          <idle>-0     [006] d..2   201.152054: sched_switch: prev_comm=swapper/6 prev_pid=0 prev_prio=120 prev_state=R ==> next_comm=kworker/6:1 next_pid=119 next_prio=120 prev->cgrp=1 next->cgrp=1 prev->st=1 next->st=1
          <idle>-0     [007] dnh2   201.152054: sched_wakeup: comm=kworker/7:2 pid=328 prio=120 success=1 target_cpu=007 state=R
          <idle>-0     [007] d..2   201.152055: sched_switch: prev_comm=swapper/7 prev_pid=0 prev_prio=120 prev_state=R ==> next_comm=kworker/7:2 next_pid=328 next_prio=120 prev->cgrp=1 next->cgrp=1 prev->st=1 next->st=1
     kworker/7:2-328   [007] d..2   201.152058: sched_switch: prev_comm=kworker/7:2 prev_pid=328 prev_prio=120 prev_state=D ==> next_comm=swapper/7 next_pid=0 next_prio=120 extra_prev_state=N prev->cgrp=1 next->cgrp=1 prev->st=1 next->st=1
     kworker/6:1-119   [006] d..2   201.152059: sched_switch: prev_comm=kworker/6:1 prev_pid=119 prev_prio=120 prev_state=D ==> next_comm=swapper/6 next_pid=0 next_prio=120 extra_prev_state=N prev->cgrp=1 next->cgrp=1 prev->st=1 next->st=1
     kworker/0:2-408   [000] d..2   201.152061: sched_switch: prev_comm=kworker/0:2 prev_pid=408 prev_prio=120 prev_state=D ==> next_comm=swapper/0 next_pid=0 next_prio=120 extra_prev_state=N prev->cgrp=1 next->cgrp=1 prev->st=1 next->st=1
        gz_trace-67    [006] ...1   201.148147: tracing_mark_write: F|67|.srv.mem|6
        gz_trace-67    [005] d..2   201.153229: sched_switch: prev_comm=gz_trace prev_pid=67 prev_prio=120 prev_state=S ==> next_comm=swapper/5 next_pid=0 next_prio=120 prev->cgrp=1 next->cgrp=1 prev->st=1 next->st=1
          <idle>-0     [007] d.h1   201.156000: irq_entry: irq=5 name=arch_timer
          <idle>-0     [004] d.h1   201.156000: irq_entry: irq=5 name=arch_timer
          <idle>-0     [006] d.h1   201.156000: irq_entry: irq=5 name=arch_timer
          <idle>-0     [005] d.h1   201.156001: irq_entry: irq=5 name=arch_timer
          <idle>-0     [007] d.h1   201.156001: irq_handler_entry: irq=5 name=arch_timer
          <idle>-0     [003] d.h1   201.156001: irq_entry: irq=5 name=arch_timer
          <idle>-0     [004] d.h1   201.156001: irq_handler_entry: irq=5 name=arch_timer
          <idle>-0     [000] d.h1   201.156001: irq_entry: irq=5 name=arch_timer
          <idle>-0     [005] d.h1   201.156001: irq_handler_entry: irq=5 name=arch_timer
          <idle>-0     [007] d.h1   201.156001: softirq_raise: vec=1 [action=TIMER]
          <idle>-0     [006] d.h1   201.156001: irq_handler_entry: irq=5 name=arch_timer
          <idle>-0     [005] d.h1   201.156001: softirq_raise: vec=1 [action=TIMER]
          <idle>-0     [004] d.h1   201.156002: softirq_raise: vec=1 [action=TIMER]
          <idle>-0     [005] d.h1   201.156002: softirq_raise: vec=9 [action=RCU]
          <idle>-0     [007] d.h1   201.156002: softirq_raise: vec=9 [action=RCU]
          <idle>-0     [006] d.h1   201.156002: softirq_raise: vec=1 [action=TIMER]
          <idle>-0     [000] d.h1   201.156002: irq_handler_entry: irq=5 name=arch_timer
          <idle>-0     [003] d.h1   201.156002: irq_handler_entry: irq=5 name=arch_timer
          <idle>-0     [004] d.h1   201.156002: softirq_raise: vec=9 [action=RCU]
          <idle>-0     [007] d.h1   201.156002: softirq_raise: vec=7 [action=SCHED]
          <idle>-0     [005] d.h1   201.156002: softirq_raise: vec=7 [action=SCHED]
          <idle>-0     [006] d.h1   201.156002: softirq_raise: vec=9 [action=RCU]
          <idle>-0     [004] d.h1   201.156002: softirq_raise: vec=7 [action=SCHED]
          <idle>-0     [007] d.h1   201.156003: irq_handler_exit: irq=5 ret=handled
          <idle>-0     [007] d.h1   201.156003: irq_exit: irq=5
          <idle>-0     [003] d.h1   201.156003: softirq_raise: vec=1 [action=TIMER]
          <idle>-0     [005] d.h1   201.156003: irq_handler_exit: irq=5 ret=handled
          <idle>-0     [007] ..s1   201.156003: softirq_entry: vec=1 [action=TIMER]
          <idle>-0     [005] d.h1   201.156003: irq_exit: irq=5
          <idle>-0     [000] d.h1   201.156004: softirq_raise: vec=1 [action=TIMER]
          <idle>-0     [004] d.h1   201.156004: irq_handler_exit: irq=5 ret=handled
          <idle>-0     [005] ..s1   201.156004: softirq_entry: vec=1 [action=TIMER]
          <idle>-0     [006] d.h1   201.156004: irq_handler_exit: irq=5 ret=handled
          <idle>-0     [004] d.h1   201.156004: irq_exit: irq=5
          <idle>-0     [006] d.h1   201.156004: irq_exit: irq=5
          <idle>-0     [007] ..s1   201.156004: softirq_exit: vec=1 [action=TIMER]
